\BOOKMARK [1][-]{section.1}{\376\377\000P\000r\000o\000b\000l\000e\000m\000\040\000f\000r\000a\000m\000i\000n\000g}{}% 1
\BOOKMARK [2][-]{subsection.1.1}{\376\377\000A\000c\000t\000u\000a\000l\000\040\000p\000r\000o\000b\000l\000e\000m\000\040\000s\000o\000l\000v\000e\000d\000\040\000b\000y\000\040\000t\000h\000e\000\040\000i\000m\000p\000l\000e\000m\000e\000n\000t\000e\000d\000\040\000c\000o\000d\000e}{section.1}% 2
\BOOKMARK [2][-]{subsection.1.2}{\376\377\000W\000h\000a\000t\000\040\000i\000s\000\040\000d\000i\000r\000e\000c\000t\000l\000y\000\040\000s\000u\000p\000e\000r\000v\000i\000s\000e\000d\000\040\000a\000n\000d\000\040\000w\000h\000a\000t\000\040\000i\000s\000\040\000n\000o\000t}{section.1}% 3
\BOOKMARK [2][-]{subsection.1.3}{\376\377\000W\000h\000y\000\040\000d\000i\000r\000e\000c\000t\000\040\000i\000m\000a\000g\000e\000-\000t\000o\000-\000R\000U\000L\000\040\000i\000s\000\040\000n\000o\000t\000\040\000s\000u\000p\000p\000o\000r\000t\000e\000d}{section.1}% 4
\BOOKMARK [2][-]{subsection.1.4}{\376\377\000E\000x\000a\000c\000t\000\040\000s\000c\000o\000p\000e\000\040\000o\000f\000\040\000t\000h\000e\000\040\000i\000m\000p\000l\000e\000m\000e\000n\000t\000e\000d\000\040\000s\000y\000s\000t\000e\000m}{section.1}% 5
\BOOKMARK [1][-]{section.2}{\376\377\000R\000e\000p\000o\000s\000i\000t\000o\000r\000y\000-\000g\000r\000o\000u\000n\000d\000e\000d\000\040\000p\000i\000p\000e\000l\000i\000n\000e\000\040\000o\000v\000e\000r\000v\000i\000e\000w}{}% 6
\BOOKMARK [2][-]{subsection.2.1}{\376\377\000K\000e\000y\000\040\000r\000e\000p\000o\000s\000i\000t\000o\000r\000y\000\040\000c\000o\000m\000p\000o\000n\000e\000n\000t\000s}{section.2}% 7
\BOOKMARK [2][-]{subsection.2.2}{\376\377\000P\000i\000p\000e\000l\000i\000n\000e\000\040\000s\000t\000a\000g\000e\000s}{section.2}% 8
\BOOKMARK [2][-]{subsection.2.3}{\376\377\000D\000a\000t\000a\000\040\000i\000n\000g\000e\000s\000t\000i\000o\000n\000\040\000a\000n\000d\000\040\000p\000a\000r\000s\000i\000n\000g\000\040\000d\000e\000t\000a\000i\000l\000s}{section.2}% 9
\BOOKMARK [2][-]{subsection.2.4}{\376\377\000I\000m\000a\000g\000e\000\040\000a\000l\000i\000g\000n\000m\000e\000n\000t\000\040\000a\000n\000d\000\040\000I\000D\000\040\000m\000a\000p\000p\000i\000n\000g}{section.2}% 10
\BOOKMARK [2][-]{subsection.2.5}{\376\377\000C\000l\000e\000a\000n\000i\000n\000g\000\040\000a\000n\000d\000\040\000m\000i\000s\000s\000i\000n\000g\000/\000c\000o\000r\000r\000u\000p\000t\000e\000d\000-\000i\000m\000a\000g\000e\000\040\000h\000a\000n\000d\000l\000i\000n\000g}{section.2}% 11
\BOOKMARK [2][-]{subsection.2.6}{\376\377\000F\000e\000a\000t\000u\000r\000e\000\040\000e\000x\000t\000r\000a\000c\000t\000i\000o\000n}{section.2}% 12
\BOOKMARK [2][-]{subsection.2.7}{\376\377\000F\000e\000a\000t\000u\000r\000e\000-\000f\000a\000m\000i\000l\000y\000\040\000o\000r\000g\000a\000n\000i\000z\000a\000t\000i\000o\000n}{section.2}% 13
\BOOKMARK [2][-]{subsection.2.8}{\376\377\000M\000o\000d\000e\000l\000\040\000t\000r\000a\000i\000n\000i\000n\000g\000,\000\040\000e\000v\000a\000l\000u\000a\000t\000i\000o\000n\000,\000\040\000a\000n\000d\000\040\000p\000r\000o\000x\000y\000-\000R\000U\000L\000\040\000l\000o\000g\000i\000c}{section.2}% 14
\BOOKMARK [1][-]{section.3}{\376\377\000D\000a\000t\000a\000\040\000d\000e\000s\000c\000r\000i\000p\000t\000i\000o\000n\000\040\000a\000n\000d\000\040\000d\000a\000t\000a\000\040\000d\000i\000c\000t\000i\000o\000n\000a\000r\000y}{}% 15
\BOOKMARK [2][-]{subsection.3.1}{\376\377\000C\000u\000r\000r\000e\000n\000t\000\040\000r\000a\000w\000\040\000d\000a\000t\000a\000\040\000v\000e\000r\000s\000u\000s\000\040\000s\000a\000v\000e\000d\000\040\000a\000r\000t\000i\000f\000a\000c\000t\000s}{section.3}% 16
\BOOKMARK [2][-]{subsection.3.2}{\376\377\000C\000o\000d\000e\000-\000w\000o\000r\000k\000b\000o\000o\000k\000\040\000m\000i\000s\000m\000a\000t\000c\000h\000e\000s\000\040\000t\000h\000a\000t\000\040\000m\000a\000t\000t\000e\000r\000\040\000f\000o\000r\000\040\000r\000e\000p\000r\000o\000d\000u\000c\000i\000b\000i\000l\000i\000t\000y}{section.3}% 17
\BOOKMARK [2][-]{subsection.3.3}{\376\377\000M\000e\000t\000a\000d\000a\000t\000a\000\040\000d\000i\000c\000t\000i\000o\000n\000a\000r\000y}{section.3}% 18
\BOOKMARK [2][-]{subsection.3.4}{\376\377\000L\000a\000b\000e\000l\000s\000,\000\040\000t\000a\000r\000g\000e\000t\000s\000,\000\040\000a\000n\000d\000\040\000d\000e\000r\000i\000v\000e\000d\000\040\000t\000a\000r\000g\000e\000t\000s}{section.3}% 19
\BOOKMARK [2][-]{subsection.3.5}{\376\377\000D\000e\000n\000s\000e\000\040\000v\000e\000r\000s\000u\000s\000\040\000s\000p\000a\000r\000s\000e\000\040\000l\000a\000b\000e\000l\000s}{section.3}% 20
\BOOKMARK [1][-]{section.4}{\376\377\000F\000e\000a\000t\000u\000r\000e\000\040\000e\000n\000g\000i\000n\000e\000e\000r\000i\000n\000g}{}% 21
\BOOKMARK [2][-]{subsection.4.1}{\376\377\000I\000m\000p\000l\000e\000m\000e\000n\000t\000e\000d\000\040\000i\000m\000a\000g\000e\000-\000d\000e\000r\000i\000v\000e\000d\000\040\000f\000e\000a\000t\000u\000r\000e\000s}{section.4}% 22
\BOOKMARK [2][-]{subsection.4.2}{\376\377\000W\000h\000a\000t\000\040\000i\000s\000\040\000n\000o\000t\000\040\000i\000m\000p\000l\000e\000m\000e\000n\000t\000e\000d}{section.4}% 23
\BOOKMARK [2][-]{subsection.4.3}{\376\377\000F\000e\000a\000t\000u\000r\000e\000\040\000f\000a\000m\000i\000l\000i\000e\000s\000\040\000u\000s\000e\000d\000\040\000b\000y\000\040\000e\000a\000c\000h\000\040\000m\000o\000d\000e\000l}{section.4}% 24
\BOOKMARK [2][-]{subsection.4.4}{\376\377\000F\000e\000a\000t\000u\000r\000e\000\040\000d\000o\000m\000i\000n\000a\000n\000c\000e\000\040\000a\000n\000d\000\040\000t\000a\000u\000t\000o\000l\000o\000g\000y\000\040\000r\000i\000s\000k}{section.4}% 25
\BOOKMARK [2][-]{subsection.4.5}{\376\377\000R\000e\000d\000u\000n\000d\000a\000n\000c\000y\000,\000\040\000i\000n\000s\000t\000a\000b\000i\000l\000i\000t\000y\000,\000\040\000a\000n\000d\000\040\000c\000a\000m\000p\000a\000i\000g\000n\000\040\000d\000e\000p\000e\000n\000d\000e\000n\000c\000e}{section.4}% 26
\BOOKMARK [1][-]{section.5}{\376\377\000T\000e\000c\000h\000n\000i\000c\000a\000l\000\040\000c\000h\000a\000l\000l\000e\000n\000g\000e\000s\000\040\000a\000n\000d\000\040\000i\000m\000p\000l\000e\000m\000e\000n\000t\000e\000d\000\040\000r\000e\000s\000p\000o\000n\000s\000e\000s}{}% 27
\BOOKMARK [1][-]{section.6}{\376\377\000M\000o\000d\000e\000l\000i\000n\000g\000\040\000m\000e\000t\000h\000o\000d\000o\000l\000o\000g\000y}{}% 28
\BOOKMARK [2][-]{subsection.6.1}{\376\377\000S\000h\000a\000r\000e\000d\000\040\000p\000r\000e\000p\000r\000o\000c\000e\000s\000s\000i\000n\000g\000\040\000a\000n\000d\000\040\000e\000v\000a\000l\000u\000a\000t\000i\000o\000n\000\040\000l\000o\000g\000i\000c}{section.6}% 29
\BOOKMARK [2][-]{subsection.6.2}{\376\377\000T\000a\000s\000k\000\040\000A\000:\000\040\000c\000u\000r\000r\000e\000n\000t\000\040\000c\000o\000r\000r\000o\000s\000i\000o\000n}{section.6}% 30
\BOOKMARK [2][-]{subsection.6.3}{\376\377\000T\000a\000s\000k\000\040\000B\000:\000\040\000p\000r\000o\000g\000r\000e\000s\000s\000i\000o\000n}{section.6}% 31
\BOOKMARK [2][-]{subsection.6.4}{\376\377\000T\000a\000s\000k\000\040\000C\000:\000\040\000t\000i\000m\000e\000\040\000t\000o\000\040\000t\000h\000r\000e\000s\000h\000o\000l\000d}{section.6}% 32
\BOOKMARK [2][-]{subsection.6.5}{\376\377\000S\000e\000l\000e\000c\000t\000e\000d\000\040\000m\000o\000d\000e\000l\000s\000\040\000a\000n\000d\000\040\000s\000a\000v\000e\000d\000\040\000p\000e\000r\000f\000o\000r\000m\000a\000n\000c\000e}{section.6}% 33
\BOOKMARK [2][-]{subsection.6.6}{\376\377\000M\000o\000d\000e\000l\000-\000s\000e\000l\000e\000c\000t\000i\000o\000n\000\040\000i\000m\000p\000l\000i\000c\000a\000t\000i\000o\000n\000s}{section.6}% 34
\BOOKMARK [1][-]{section.7}{\376\377\000S\000p\000l\000i\000t\000\040\000s\000t\000r\000a\000t\000e\000g\000i\000e\000s\000\040\000a\000n\000d\000\040\000l\000e\000a\000k\000a\000g\000e\000\040\000c\000o\000n\000t\000r\000o\000l}{}% 35
\BOOKMARK [2][-]{subsection.7.1}{\376\377\000W\000h\000y\000\040\000r\000a\000n\000d\000o\000m\000\040\000r\000o\000w\000-\000w\000i\000s\000e\000\040\000s\000p\000l\000i\000t\000t\000i\000n\000g\000\040\000i\000s\000\040\000i\000n\000v\000a\000l\000i\000d}{section.7}% 36
\BOOKMARK [2][-]{subsection.7.2}{\376\377\000H\000o\000w\000\040\000g\000r\000o\000u\000p\000e\000d\000\040\000s\000p\000l\000i\000t\000t\000i\000n\000g\000\040\000i\000s\000\040\000i\000m\000p\000l\000e\000m\000e\000n\000t\000e\000d}{section.7}% 37
\BOOKMARK [2][-]{subsection.7.3}{\376\377\000W\000h\000a\000t\000\040\000t\000h\000e\000\040\000i\000m\000p\000l\000e\000m\000e\000n\000t\000e\000d\000\040\000s\000p\000l\000i\000t\000\040\000s\000u\000p\000p\000o\000r\000t\000s}{section.7}% 38
\BOOKMARK [2][-]{subsection.7.4}{\376\377\000W\000h\000a\000t\000\040\000w\000a\000s\000\040\000n\000o\000t\000\040\000i\000m\000p\000l\000e\000m\000e\000n\000t\000e\000d}{section.7}% 39
\BOOKMARK [1][-]{section.8}{\376\377\000R\000e\000s\000u\000l\000t\000s\000\040\000a\000n\000d\000\040\000i\000n\000t\000e\000r\000p\000r\000e\000t\000a\000t\000i\000o\000n}{}% 40
\BOOKMARK [2][-]{subsection.8.1}{\376\377\000A\000g\000g\000r\000e\000g\000a\000t\000e\000\040\000b\000e\000n\000c\000h\000m\000a\000r\000k\000\040\000b\000e\000h\000a\000v\000i\000o\000r}{section.8}% 41
\BOOKMARK [2][-]{subsection.8.2}{\376\377\000S\000t\000r\000o\000n\000g\000l\000y\000\040\000s\000u\000p\000p\000o\000r\000t\000e\000d\000\040\000r\000e\000s\000u\000l\000t\000s}{section.8}% 42
\BOOKMARK [2][-]{subsection.8.3}{\376\377\000W\000e\000a\000k\000,\000\040\000n\000e\000g\000a\000t\000i\000v\000e\000,\000\040\000a\000n\000d\000\040\000e\000x\000p\000l\000o\000r\000a\000t\000o\000r\000y\000\040\000r\000e\000s\000u\000l\000t\000s}{section.8}% 43
\BOOKMARK [2][-]{subsection.8.4}{\376\377\000W\000h\000a\000t\000\040\000t\000h\000e\000\040\000r\000e\000s\000u\000l\000t\000s\000\040\000d\000o\000\040\000n\000o\000t\000\040\000j\000u\000s\000t\000i\000f\000y\000\040\000c\000l\000a\000i\000m\000i\000n\000g}{section.8}% 44
\BOOKMARK [1][-]{section.9}{\376\377\000W\000h\000a\000t\000\040\000t\000h\000e\000\040\000m\000o\000d\000e\000l\000\040\000c\000a\000n\000\040\000a\000n\000d\000\040\000c\000a\000n\000n\000o\000t\000\040\000l\000e\000a\000r\000n}{}% 45
\BOOKMARK [2][-]{subsection.9.1}{\376\377\000W\000h\000a\000t\000\040\000i\000s\000\040\000d\000i\000r\000e\000c\000t\000l\000y\000\040\000v\000i\000s\000i\000b\000l\000e\000\040\000a\000n\000d\000\040\000t\000h\000e\000r\000e\000f\000o\000r\000e\000\040\000l\000e\000a\000r\000n\000a\000b\000l\000e}{section.9}% 46
\BOOKMARK [2][-]{subsection.9.2}{\376\377\000W\000h\000a\000t\000\040\000m\000a\000y\000\040\000b\000e\000\040\000i\000n\000d\000i\000r\000e\000c\000t\000l\000y\000\040\000i\000n\000f\000e\000r\000a\000b\000l\000e}{section.9}% 47
\BOOKMARK [2][-]{subsection.9.3}{\376\377\000W\000h\000a\000t\000\040\000i\000s\000\040\000h\000i\000d\000d\000e\000n\000\040\000a\000n\000d\000\040\000n\000o\000t\000\040\000r\000e\000l\000i\000a\000b\000l\000y\000\040\000r\000e\000c\000o\000v\000e\000r\000a\000b\000l\000e\000\040\000h\000e\000r\000e}{section.9}% 48
\BOOKMARK [2][-]{subsection.9.4}{\376\377\000W\000h\000y\000\040\000s\000o\000m\000e\000\040\000t\000a\000r\000g\000e\000t\000s\000\040\000a\000r\000e\000\040\000e\000a\000s\000i\000e\000r\000\040\000t\000h\000a\000n\000\040\000o\000t\000h\000e\000r\000s}{section.9}% 49
\BOOKMARK [2][-]{subsection.9.5}{\376\377\000W\000h\000y\000\040\000m\000e\000t\000a\000d\000a\000t\000a\000\040\000m\000a\000y\000\040\000o\000u\000t\000p\000e\000r\000f\000o\000r\000m\000\040\000i\000m\000a\000g\000e\000\040\000f\000e\000a\000t\000u\000r\000e\000s\000\040\000i\000n\000\040\000s\000o\000m\000e\000\040\000t\000a\000s\000k\000s}{section.9}% 50
\BOOKMARK [1][-]{section.10}{\376\377\000T\000r\000a\000c\000e\000a\000b\000i\000l\000i\000t\000y\000\040\000t\000o\000\040\000o\000r\000i\000g\000i\000n\000a\000l\000\040\000t\000h\000e\000s\000i\000s\000\040\000a\000n\000d\000\040\000d\000o\000c\000u\000m\000e\000n\000t\000a\000t\000i\000o\000n}{}% 51
\BOOKMARK [2][-]{subsection.10.1}{\376\377\000W\000h\000a\000t\000\040\000t\000h\000e\000\040\000d\000o\000c\000u\000m\000e\000n\000t\000a\000t\000i\000o\000n\000\040\000s\000a\000y\000s}{section.10}% 52
\BOOKMARK [2][-]{subsection.10.2}{\376\377\000W\000h\000a\000t\000\040\000m\000a\000i\000n\000\040\000a\000c\000t\000u\000a\000l\000l\000y\000\040\000r\000e\000p\000r\000o\000d\000u\000c\000e\000s}{section.10}% 53
\BOOKMARK [2][-]{subsection.10.3}{\376\377\000W\000h\000a\000t\000\040\000c\000o\000u\000l\000d\000\040\000n\000o\000t\000\040\000b\000e\000\040\000r\000e\000c\000o\000v\000e\000r\000e\000d\000\040\000e\000x\000a\000c\000t\000l\000y}{section.10}% 54
\BOOKMARK [1][-]{section.11}{\376\377\000L\000i\000m\000i\000t\000a\000t\000i\000o\000n\000s}{}% 55
\BOOKMARK [1][-]{section.12}{\376\377\000F\000u\000t\000u\000r\000e\000\040\000w\000o\000r\000k}{}% 56
\BOOKMARK [1][-]{appendix.A}{\376\377\000M\000e\000e\000t\000i\000n\000g\000-\000d\000e\000f\000e\000n\000s\000e\000\040\000q\000u\000e\000s\000t\000i\000o\000n\000s\000\040\000a\000n\000d\000\040\000c\000o\000n\000c\000i\000s\000e\000\040\000e\000v\000i\000d\000e\000n\000c\000e\000-\000b\000a\000s\000e\000d\000\040\000a\000n\000s\000w\000e\000r\000s}{}% 57
