This is pdfTeX, Version 3.141592653-2.6-1.40.29 (TeX Live 2026) (preloaded format=pdflatex 2026.3.17)  17 MAR 2026 16:28
entering extended mode
 restricted \write18 enabled.
 %&-line parsing enabled.
**main.tex
(./main.tex
LaTeX2e <2025-11-01>
L3 programming layer <2026-01-19>
(/usr/local/texlive/2026/texmf-dist/tex/latex/base/article.cls
Document Class: article 2025/01/22 v1.4n Standard LaTeX document class
(/usr/local/texlive/2026/texmf-dist/tex/latex/base/size11.clo
File: size11.clo 2025/01/22 v1.4n Standard LaTeX file (size option)
)
\c@part=\count275
\c@section=\count276
\c@subsection=\count277
\c@subsubsection=\count278
\c@paragraph=\count279
\c@subparagraph=\count280
\c@figure=\count281
\c@table=\count282
\abovecaptionskip=\skip49
\belowcaptionskip=\skip50
\bibindent=\dimen148
)
(/usr/local/texlive/2026/texmf-dist/tex/latex/geometry/geometry.sty
Package: geometry 2020/01/02 v5.9 Page Geometry

(/usr/local/texlive/2026/texmf-dist/tex/latex/graphics/keyval.sty
Package: keyval 2022/05/29 v1.15 key=value parser (DPC)
\KV@toks@=\toks17
)
(/usr/local/texlive/2026/texmf-dist/tex/generic/iftex/ifvtex.sty
Package: ifvtex 2019/10/25 v1.7 ifvtex legacy package. Use iftex instead.

(/usr/local/texlive/2026/texmf-dist/tex/generic/iftex/iftex.sty
Package: iftex 2024/12/12 v1.0g TeX engine tests
))
\Gm@cnth=\count283
\Gm@cntv=\count284
\c@Gm@tempcnt=\count285
\Gm@bindingoffset=\dimen149
\Gm@wd@mp=\dimen150
\Gm@odd@mp=\dimen151
\Gm@even@mp=\dimen152
\Gm@layoutwidth=\dimen153
\Gm@layoutheight=\dimen154
\Gm@layouthoffset=\dimen155
\Gm@layoutvoffset=\dimen156
\Gm@dimlist=\toks18
)
(/usr/local/texlive/2026/texmf-dist/tex/latex/base/fontenc.sty
Package: fontenc 2025/07/18 v2.1d Standard LaTeX package
)
(/usr/local/texlive/2026/texmf-dist/tex/latex/base/inputenc.sty
Package: inputenc 2024/02/08 v1.3d Input encoding file
\inpenc@prehook=\toks19
\inpenc@posthook=\toks20
)
(/usr/local/texlive/2026/texmf-dist/tex/latex/lm/lmodern.sty
Package: lmodern 2015/05/01 v1.6.1 Latin Modern Fonts
LaTeX Font Info:    Overwriting symbol font `operators' in version `normal'
(Font)                  OT1/cmr/m/n --> OT1/lmr/m/n on input line 22.
LaTeX Font Info:    Overwriting symbol font `letters' in version `normal'
(Font)                  OML/cmm/m/it --> OML/lmm/m/it on input line 23.
LaTeX Font Info:    Overwriting symbol font `symbols' in version `normal'
(Font)                  OMS/cmsy/m/n --> OMS/lmsy/m/n on input line 24.
LaTeX Font Info:    Overwriting symbol font `largesymbols' in version `normal'
(Font)                  OMX/cmex/m/n --> OMX/lmex/m/n on input line 25.
LaTeX Font Info:    Overwriting symbol font `operators' in version `bold'
(Font)                  OT1/cmr/bx/n --> OT1/lmr/bx/n on input line 26.
LaTeX Font Info:    Overwriting symbol font `letters' in version `bold'
(Font)                  OML/cmm/b/it --> OML/lmm/b/it on input line 27.
LaTeX Font Info:    Overwriting symbol font `symbols' in version `bold'
(Font)                  OMS/cmsy/b/n --> OMS/lmsy/b/n on input line 28.
LaTeX Font Info:    Overwriting symbol font `largesymbols' in version `bold'
(Font)                  OMX/cmex/m/n --> OMX/lmex/m/n on input line 29.
LaTeX Font Info:    Overwriting math alphabet `\mathbf' in version `normal'
(Font)                  OT1/cmr/bx/n --> OT1/lmr/bx/n on input line 31.
LaTeX Font Info:    Overwriting math alphabet `\mathsf' in version `normal'
(Font)                  OT1/cmss/m/n --> OT1/lmss/m/n on input line 32.
LaTeX Font Info:    Overwriting math alphabet `\mathit' in version `normal'
(Font)                  OT1/cmr/m/it --> OT1/lmr/m/it on input line 33.
LaTeX Font Info:    Overwriting math alphabet `\mathtt' in version `normal'
(Font)                  OT1/cmtt/m/n --> OT1/lmtt/m/n on input line 34.
LaTeX Font Info:    Overwriting math alphabet `\mathbf' in version `bold'
(Font)                  OT1/cmr/bx/n --> OT1/lmr/bx/n on input line 35.
LaTeX Font Info:    Overwriting math alphabet `\mathsf' in version `bold'
(Font)                  OT1/cmss/bx/n --> OT1/lmss/bx/n on input line 36.
LaTeX Font Info:    Overwriting math alphabet `\mathit' in version `bold'
(Font)                  OT1/cmr/bx/it --> OT1/lmr/bx/it on input line 37.
LaTeX Font Info:    Overwriting math alphabet `\mathtt' in version `bold'
(Font)                  OT1/cmtt/m/n --> OT1/lmtt/m/n on input line 38.
)
(/usr/local/texlive/2026/texmf-dist/tex/latex/graphics/graphicx.sty
Package: graphicx 2024/12/31 v1.2e Enhanced LaTeX Graphics (DPC,SPQR)

(/usr/local/texlive/2026/texmf-dist/tex/latex/graphics/graphics.sty
Package: graphics 2024/08/06 v1.4g Standard LaTeX Graphics (DPC,SPQR)

(/usr/local/texlive/2026/texmf-dist/tex/latex/graphics/trig.sty
Package: trig 2023/12/02 v1.11 sin cos tan (DPC)
)
(/usr/local/texlive/2026/texmf-dist/tex/latex/graphics-cfg/graphics.cfg
File: graphics.cfg 2016/06/04 v1.11 sample graphics configuration
)
Package graphics Info: Driver file: pdftex.def on input line 106.

(/usr/local/texlive/2026/texmf-dist/tex/latex/graphics-def/pdftex.def
File: pdftex.def 2025/09/29 v1.2d Graphics/color driver for pdftex
))
\Gin@req@height=\dimen157
\Gin@req@width=\dimen158
)
(/usr/local/texlive/2026/texmf-dist/tex/latex/booktabs/booktabs.sty
Package: booktabs 2020/01/12 v1.61803398 Publication quality tables
\heavyrulewidth=\dimen159
\lightrulewidth=\dimen160
\cmidrulewidth=\dimen161
\belowrulesep=\dimen162
\belowbottomsep=\dimen163
\aboverulesep=\dimen164
\abovetopsep=\dimen165
\cmidrulesep=\dimen166
\cmidrulekern=\dimen167
\defaultaddspace=\dimen168
\@cmidla=\count286
\@cmidlb=\count287
\@aboverulesep=\dimen169
\@belowrulesep=\dimen170
\@thisruleclass=\count288
\@lastruleclass=\count289
\@thisrulewidth=\dimen171
)
(/usr/local/texlive/2026/texmf-dist/tex/latex/tools/longtable.sty
Package: longtable 2025-10-13 v4.24 Multi-page Table package (DPC)
\LTleft=\skip51
\LTright=\skip52
\LTpre=\skip53
\LTpost=\skip54
\LTchunksize=\count290
\LTcapwidth=\dimen172
\LT@head=\box53
\LT@firsthead=\box54
\LT@foot=\box55
\LT@lastfoot=\box56
\LT@gbox=\box57
\LT@cols=\count291
\LT@rows=\count292
\c@LT@tables=\count293
\c@LT@chunks=\count294
\LT@p@ftn=\toks21
)
(/usr/local/texlive/2026/texmf-dist/tex/latex/tools/tabularx.sty
Package: tabularx 2023/12/11 v2.12a `tabularx' package (DPC)

(/usr/local/texlive/2026/texmf-dist/tex/latex/tools/array.sty
Package: array 2025/09/25 v2.6n Tabular extension package (FMi)
\col@sep=\dimen173
\ar@mcellbox=\box58
\extrarowheight=\dimen174
\NC@list=\toks22
\extratabsurround=\skip55
\backup@length=\skip56
\ar@cellbox=\box59
)
\TX@col@width=\dimen175
\TX@old@table=\dimen176
\TX@old@col=\dimen177
\TX@target=\dimen178
\TX@delta=\dimen179
\TX@cols=\count295
\TX@ftn=\toks23
)
(/usr/local/texlive/2026/texmf-dist/tex/latex/float/float.sty
Package: float 2001/11/08 v1.3d Float enhancements (AL)
\c@float@type=\count296
\float@exts=\toks24
\float@box=\box60
\@float@everytoks=\toks25
\@floatcapt=\box61
)
(/usr/local/texlive/2026/texmf-dist/tex/latex/hyperref/hyperref.sty
Package: hyperref 2026-01-29 v7.01p Hypertext links for LaTeX

(/usr/local/texlive/2026/texmf-dist/tex/latex/kvsetkeys/kvsetkeys.sty
Package: kvsetkeys 2022-10-05 v1.19 Key value parser (HO)
)
(/usr/local/texlive/2026/texmf-dist/tex/generic/kvdefinekeys/kvdefinekeys.sty
Package: kvdefinekeys 2019-12-19 v1.6 Define keys (HO)
)
(/usr/local/texlive/2026/texmf-dist/tex/generic/pdfescape/pdfescape.sty
Package: pdfescape 2019/12/09 v1.15 Implements pdfTeX's escape features (HO)

(/usr/local/texlive/2026/texmf-dist/tex/generic/ltxcmds/ltxcmds.sty
Package: ltxcmds 2023-12-04 v1.26 LaTeX kernel commands for general use (HO)
)
(/usr/local/texlive/2026/texmf-dist/tex/generic/pdftexcmds/pdftexcmds.sty
Package: pdftexcmds 2020-06-27 v0.33 Utility functions of pdfTeX for LuaTeX (HO
)

(/usr/local/texlive/2026/texmf-dist/tex/generic/infwarerr/infwarerr.sty
Package: infwarerr 2019/12/03 v1.5 Providing info/warning/error messages (HO)
)
Package pdftexcmds Info: \pdf@primitive is available.
Package pdftexcmds Info: \pdf@ifprimitive is available.
Package pdftexcmds Info: \pdfdraftmode found.
))
(/usr/local/texlive/2026/texmf-dist/tex/latex/hycolor/hycolor.sty
Package: hycolor 2020-01-27 v1.10 Color options for hyperref/bookmark (HO)
)
(/usr/local/texlive/2026/texmf-dist/tex/latex/hyperref/nameref.sty
Package: nameref 2026-01-29 v2.58 Cross-referencing by name of section

(/usr/local/texlive/2026/texmf-dist/tex/latex/refcount/refcount.sty
Package: refcount 2019/12/15 v3.6 Data extraction from label references (HO)
)
(/usr/local/texlive/2026/texmf-dist/tex/generic/gettitlestring/gettitlestring.s
ty
Package: gettitlestring 2019/12/15 v1.6 Cleanup title references (HO)
 (/usr/local/texlive/2026/texmf-dist/tex/latex/kvoptions/kvoptions.sty
Package: kvoptions 2022-06-15 v3.15 Key value format for package options (HO)
))
\c@section@level=\count297
)
(/usr/local/texlive/2026/texmf-dist/tex/latex/etoolbox/etoolbox.sty
Package: etoolbox 2025/10/02 v2.5m e-TeX tools for LaTeX (JAW)
\etb@tempcnta=\count298
)
(/usr/local/texlive/2026/texmf-dist/tex/generic/stringenc/stringenc.sty
Package: stringenc 2019/11/29 v1.12 Convert strings between diff. encodings (HO
)
)
\@linkdim=\dimen180
\Hy@linkcounter=\count299
\Hy@pagecounter=\count300

(/usr/local/texlive/2026/texmf-dist/tex/latex/hyperref/pd1enc.def
File: pd1enc.def 2026-01-29 v7.01p Hyperref: PDFDocEncoding definition (HO)
Now handling font encoding PD1 ...
... no UTF-8 mapping file for font encoding PD1
)
(/usr/local/texlive/2026/texmf-dist/tex/generic/intcalc/intcalc.sty
Package: intcalc 2019/12/15 v1.3 Expandable calculations with integers (HO)
)
\Hy@SavedSpaceFactor=\count301

(/usr/local/texlive/2026/texmf-dist/tex/latex/hyperref/puenc.def
File: puenc.def 2026-01-29 v7.01p Hyperref: PDF Unicode definition (HO)
Now handling font encoding PU ...
... no UTF-8 mapping file for font encoding PU
)
Package hyperref Info: Hyper figures OFF on input line 4201.
Package hyperref Info: Link nesting OFF on input line 4206.
Package hyperref Info: Hyper index ON on input line 4209.
Package hyperref Info: Plain pages OFF on input line 4216.
Package hyperref Info: Backreferencing OFF on input line 4221.
Package hyperref Info: Implicit mode ON; LaTeX internals redefined.
Package hyperref Info: Bookmarks ON on input line 4468.
\c@Hy@tempcnt=\count302

(/usr/local/texlive/2026/texmf-dist/tex/latex/url/url.sty
\Urlmuskip=\muskip17
Package: url 2013/09/16  ver 3.4  Verb mode for urls, etc.
)
LaTeX Info: Redefining \url on input line 4807.
\XeTeXLinkMargin=\dimen181

(/usr/local/texlive/2026/texmf-dist/tex/generic/bitset/bitset.sty
Package: bitset 2019/12/09 v1.3 Handle bit-vector datatype (HO)

(/usr/local/texlive/2026/texmf-dist/tex/generic/bigintcalc/bigintcalc.sty
Package: bigintcalc 2019/12/15 v1.5 Expandable calculations on big integers (HO
)
))
\Fld@menulength=\count303
\Field@Width=\dimen182
\Fld@charsize=\dimen183
Package hyperref Info: Hyper figures OFF on input line 6084.
Package hyperref Info: Link nesting OFF on input line 6089.
Package hyperref Info: Hyper index ON on input line 6092.
Package hyperref Info: backreferencing OFF on input line 6099.
Package hyperref Info: Link coloring OFF on input line 6104.
Package hyperref Info: Link coloring with OCG OFF on input line 6109.
Package hyperref Info: PDF/A mode OFF on input line 6114.
\Hy@abspage=\count304
\c@Item=\count305
\c@Hfootnote=\count306
)
Package hyperref Info: Driver (autodetected): hpdftex.

(/usr/local/texlive/2026/texmf-dist/tex/latex/hyperref/hpdftex.def
File: hpdftex.def 2026-01-29 v7.01p Hyperref driver for pdfTeX
\Fld@listcount=\count307
\c@bookmark@seq@number=\count308

(/usr/local/texlive/2026/texmf-dist/tex/latex/rerunfilecheck/rerunfilecheck.sty
Package: rerunfilecheck 2025-06-21 v1.11 Rerun checks for auxiliary files (HO)

(/usr/local/texlive/2026/texmf-dist/tex/generic/uniquecounter/uniquecounter.sty
Package: uniquecounter 2019/12/15 v1.4 Provide unlimited unique counter (HO)
)
Package uniquecounter Info: New unique counter `rerunfilecheck' on input line 2
84.
)
\Hy@SectionHShift=\skip57
) (/usr/local/texlive/2026/texmf-dist/tex/latex/amsmath/amsmath.sty
Package: amsmath 2025/07/09 v2.17z AMS math features
\@mathmargin=\skip58

For additional information on amsmath, use the `?' option.
(/usr/local/texlive/2026/texmf-dist/tex/latex/amsmath/amstext.sty
Package: amstext 2024/11/17 v2.01 AMS text

(/usr/local/texlive/2026/texmf-dist/tex/latex/amsmath/amsgen.sty
File: amsgen.sty 1999/11/30 v2.0 generic functions
\@emptytoks=\toks26
\ex@=\dimen184
))
(/usr/local/texlive/2026/texmf-dist/tex/latex/amsmath/amsbsy.sty
Package: amsbsy 1999/11/29 v1.2d Bold Symbols
\pmbraise@=\dimen185
)
(/usr/local/texlive/2026/texmf-dist/tex/latex/amsmath/amsopn.sty
Package: amsopn 2022/04/08 v2.04 operator names
)
\inf@bad=\count309
LaTeX Info: Redefining \frac on input line 233.
\uproot@=\count310
\leftroot@=\count311
LaTeX Info: Redefining \overline on input line 398.
LaTeX Info: Redefining \colon on input line 409.
\classnum@=\count312
\DOTSCASE@=\count313
LaTeX Info: Redefining \ldots on input line 495.
LaTeX Info: Redefining \dots on input line 498.
LaTeX Info: Redefining \cdots on input line 619.
\Mathstrutbox@=\box62
\strutbox@=\box63
LaTeX Info: Redefining \big on input line 721.
LaTeX Info: Redefining \Big on input line 722.
LaTeX Info: Redefining \bigg on input line 723.
LaTeX Info: Redefining \Bigg on input line 724.
\big@size=\dimen186
LaTeX Font Info:    Redeclaring font encoding OML on input line 742.
LaTeX Font Info:    Redeclaring font encoding OMS on input line 743.
\macc@depth=\count314
LaTeX Info: Redefining \bmod on input line 904.
LaTeX Info: Redefining \pmod on input line 909.
LaTeX Info: Redefining \smash on input line 939.
LaTeX Info: Redefining \relbar on input line 969.
LaTeX Info: Redefining \Relbar on input line 970.
\c@MaxMatrixCols=\count315
\dotsspace@=\muskip18
\c@parentequation=\count316
\dspbrk@lvl=\count317
\tag@help=\toks27
\row@=\count318
\column@=\count319
\maxfields@=\count320
\andhelp@=\toks28
\eqnshift@=\dimen187
\alignsep@=\dimen188
\tagshift@=\dimen189
\tagwidth@=\dimen190
\totwidth@=\dimen191
\lineht@=\dimen192
\@envbody=\toks29
\multlinegap=\skip59
\multlinetaggap=\skip60
\mathdisplay@stack=\toks30
LaTeX Info: Redefining \[ on input line 2950.
LaTeX Info: Redefining \] on input line 2951.
)
(/usr/local/texlive/2026/texmf-dist/tex/latex/siunitx/siunitx.sty
Package: siunitx 2025-07-09 v3.4.14 A comprehensive (SI) units package
\l__siunitx_number_uncert_offset_int=\count321
\l__siunitx_number_exponent_fixed_int=\count322
\l__siunitx_number_min_decimal_int=\count323
\l__siunitx_number_min_integer_int=\count324
\l__siunitx_number_round_precision_int=\count325
\l__siunitx_number_lower_threshold_int=\count326
\l__siunitx_number_upper_threshold_int=\count327
\l__siunitx_number_group_first_int=\count328
\l__siunitx_number_group_size_int=\count329
\l__siunitx_number_group_minimum_int=\count330
\l__siunitx_angle_tmp_dim=\dimen193
\l__siunitx_angle_marker_box=\box64
\l__siunitx_angle_unit_box=\box65
\l__siunitx_compound_count_int=\count331

(/usr/local/texlive/2026/texmf-dist/tex/latex/translations/translations.sty
Package: translations 2022/02/05 v1.12 internationalization of LaTeX2e packages
 (CN)
)
\l__siunitx_table_tmp_box=\box66
\l__siunitx_table_tmp_dim=\dimen194
\l__siunitx_table_column_width_dim=\dimen195
\l__siunitx_table_integer_box=\box67
\l__siunitx_table_decimal_box=\box68
\l__siunitx_table_uncert_box=\box69
\l__siunitx_table_before_box=\box70
\l__siunitx_table_after_box=\box71
\l__siunitx_table_before_dim=\dimen196
\l__siunitx_table_carry_dim=\dimen197
\l__siunitx_unit_tmp_int=\count332
\l__siunitx_unit_position_int=\count333
\l__siunitx_unit_total_int=\count334
)
(/usr/local/texlive/2026/texmf-dist/tex/latex/enumitem/enumitem.sty
Package: enumitem 2025/02/06 v3.11 Customized lists
\labelindent=\skip61
\enit@outerparindent=\dimen198
\enit@toks=\toks31
\enit@inbox=\box72
\enit@count@id=\count335
\enitdp@description=\count336
)
(/usr/local/texlive/2026/texmf-dist/tex/latex/xcolor/xcolor.sty
Package: xcolor 2024/09/29 v3.02 LaTeX color extensions (UK)

(/usr/local/texlive/2026/texmf-dist/tex/latex/graphics-cfg/color.cfg
File: color.cfg 2016/01/02 v1.6 sample color configuration
)
Package xcolor Info: Driver file: pdftex.def on input line 274.

(/usr/local/texlive/2026/texmf-dist/tex/latex/graphics/mathcolor.ltx)
Package xcolor Info: Model `cmy' substituted by `cmy0' on input line 1349.
Package xcolor Info: Model `hsb' substituted by `rgb' on input line 1353.
Package xcolor Info: Model `RGB' extended on input line 1365.
Package xcolor Info: Model `HTML' substituted by `rgb' on input line 1367.
Package xcolor Info: Model `Hsb' substituted by `hsb' on input line 1368.
Package xcolor Info: Model `tHsb' substituted by `hsb' on input line 1369.
Package xcolor Info: Model `HSB' substituted by `hsb' on input line 1370.
Package xcolor Info: Model `Gray' substituted by `gray' on input line 1371.
Package xcolor Info: Model `wave' substituted by `hsb' on input line 1372.
)
(/usr/local/texlive/2026/texmf-dist/tex/latex/caption/caption.sty
Package: caption 2023/08/05 v3.6o Customizing captions (AR)

(/usr/local/texlive/2026/texmf-dist/tex/latex/caption/caption3.sty
Package: caption3 2023/07/31 v2.4d caption3 kernel (AR)
\caption@tempdima=\dimen199
\captionmargin=\dimen256
\caption@leftmargin=\dimen257
\caption@rightmargin=\dimen258
\caption@width=\dimen259
\caption@indent=\dimen260
\caption@parindent=\dimen261
\caption@hangindent=\dimen262
Package caption Info: Standard document class detected.
)
\c@caption@flags=\count337
\c@continuedfloat=\count338
Package caption Info: float package is loaded.
Package caption Info: hyperref package is loaded.
Package caption Info: longtable package is loaded.

(/usr/local/texlive/2026/texmf-dist/tex/latex/caption/ltcaption.sty
Package: ltcaption 2021/01/08 v1.4c longtable captions (AR)
))
Package hyperref Info: Option `colorlinks' set `true' on input line 24.
Package translations Info: No language package found. I am going to use `englis
h' as default language. on input line 41.
LaTeX Font Info:    Trying to load font information for T1+lmr on input line 41
.

(/usr/local/texlive/2026/texmf-dist/tex/latex/lm/t1lmr.fd
File: t1lmr.fd 2015/05/01 v1.6.1 Font defs for Latin Modern
)
(/usr/local/texlive/2026/texmf-dist/tex/latex/l3backend/l3backend-pdftex.def
File: l3backend-pdftex.def 2025-10-09 L3 backend support: PDF output (pdfTeX)
\l__color_backend_stack_int=\count339
)
(./main.aux)
\openout1 = `main.aux'.

LaTeX Font Info:    Checking defaults for OML/cmm/m/it on input line 41.
LaTeX Font Info:    ... okay on input line 41.
LaTeX Font Info:    Checking defaults for OMS/cmsy/m/n on input line 41.
LaTeX Font Info:    ... okay on input line 41.
LaTeX Font Info:    Checking defaults for OT1/cmr/m/n on input line 41.
LaTeX Font Info:    ... okay on input line 41.
LaTeX Font Info:    Checking defaults for T1/cmr/m/n on input line 41.
LaTeX Font Info:    ... okay on input line 41.
LaTeX Font Info:    Checking defaults for TS1/cmr/m/n on input line 41.
LaTeX Font Info:    ... okay on input line 41.
LaTeX Font Info:    Checking defaults for OMX/cmex/m/n on input line 41.
LaTeX Font Info:    ... okay on input line 41.
LaTeX Font Info:    Checking defaults for U/cmr/m/n on input line 41.
LaTeX Font Info:    ... okay on input line 41.
LaTeX Font Info:    Checking defaults for PD1/pdf/m/n on input line 41.
LaTeX Font Info:    ... okay on input line 41.
LaTeX Font Info:    Checking defaults for PU/pdf/m/n on input line 41.
LaTeX Font Info:    ... okay on input line 41.

*geometry* driver: auto-detecting
*geometry* detected driver: pdftex
*geometry* verbose mode - [ preamble ] result:
* driver: pdftex
* paper: a4paper
* layout: <same size as paper>
* layoutoffset:(h,v)=(0.0pt,0.0pt)
* modes: 
* h-part:(L,W,R)=(72.26999pt, 452.9679pt, 72.26999pt)
* v-part:(T,H,B)=(72.26999pt, 700.50687pt, 72.26999pt)
* \paperwidth=597.50787pt
* \paperheight=845.04684pt
* \textwidth=452.9679pt
* \textheight=700.50687pt
* \oddsidemargin=0.0pt
* \evensidemargin=0.0pt
* \topmargin=-37.0pt
* \headheight=12.0pt
* \headsep=25.0pt
* \topskip=11.0pt
* \footskip=30.0pt
* \marginparwidth=50.0pt
* \marginparsep=10.0pt
* \columnsep=10.0pt
* \skip\footins=10.0pt plus 4.0pt minus 2.0pt
* \hoffset=0.0pt
* \voffset=0.0pt
* \mag=1000
* \@twocolumnfalse
* \@twosidefalse
* \@mparswitchfalse
* \@reversemarginfalse
* (1in=72.27pt=25.4mm, 1cm=28.453pt)

(/usr/local/texlive/2026/texmf-dist/tex/context/base/mkii/supp-pdf.mkii
[Loading MPS to PDF converter (version 2006.09.02).]
\scratchcounter=\count340
\scratchdimen=\dimen263
\scratchbox=\box73
\nofMPsegments=\count341
\nofMParguments=\count342
\everyMPshowfont=\toks32
\MPscratchCnt=\count343
\MPscratchDim=\dimen264
\MPnumerator=\count344
\makeMPintoPDFobject=\count345
\everyMPtoPDFconversion=\toks33
) (/usr/local/texlive/2026/texmf-dist/tex/latex/epstopdf-pkg/epstopdf-base.sty
Package: epstopdf-base 2020-01-24 v2.11 Base part for package epstopdf
Package epstopdf-base Info: Redefining graphics rule for `.eps' on input line 4
85.

(/usr/local/texlive/2026/texmf-dist/tex/latex/latexconfig/epstopdf-sys.cfg
File: epstopdf-sys.cfg 2010/07/13 v1.3 Configuration of (r)epstopdf for TeX Liv
e
))
Package hyperref Info: Link coloring ON on input line 41.

(./main.out) (./main.out)
\@outlinefile=\write3
\openout3 = `main.out'.


(/usr/local/texlive/2026/texmf-dist/tex/latex/translations/translations-basic-d
ictionary-english.trsl
File: translations-basic-dictionary-english.trsl (english translation file `tra
nslations-basic-dictionary')
)
Package translations Info: loading dictionary `translations-basic-dictionary' f
or `english'. on input line 41.
Package caption Info: Begin \AtBeginDocument code.
Package caption Info: End \AtBeginDocument code.
LaTeX Font Info:    Trying to load font information for T1+lmtt on input line 4
4.

(/usr/local/texlive/2026/texmf-dist/tex/latex/lm/t1lmtt.fd
File: t1lmtt.fd 2015/05/01 v1.6.1 Font defs for Latin Modern
)
LaTeX Font Info:    Trying to load font information for OT1+lmr on input line 4
4.

(/usr/local/texlive/2026/texmf-dist/tex/latex/lm/ot1lmr.fd
File: ot1lmr.fd 2015/05/01 v1.6.1 Font defs for Latin Modern
)
LaTeX Font Info:    Trying to load font information for OML+lmm on input line 4
4.

(/usr/local/texlive/2026/texmf-dist/tex/latex/lm/omllmm.fd
File: omllmm.fd 2015/05/01 v1.6.1 Font defs for Latin Modern
)
LaTeX Font Info:    Trying to load font information for OMS+lmsy on input line 
44.

(/usr/local/texlive/2026/texmf-dist/tex/latex/lm/omslmsy.fd
File: omslmsy.fd 2015/05/01 v1.6.1 Font defs for Latin Modern
)
LaTeX Font Info:    Trying to load font information for OMX+lmex on input line 
44.

(/usr/local/texlive/2026/texmf-dist/tex/latex/lm/omxlmex.fd
File: omxlmex.fd 2015/05/01 v1.6.1 Font defs for Latin Modern
)
LaTeX Font Info:    External font `lmex10' loaded for size
(Font)              <12> on input line 44.
LaTeX Font Info:    External font `lmex10' loaded for size
(Font)              <8> on input line 44.
LaTeX Font Info:    External font `lmex10' loaded for size
(Font)              <6> on input line 44.
 (./main.toc
LaTeX Font Info:    External font `lmex10' loaded for size
(Font)              <10.95> on input line 3.

[1

{/usr/local/texlive/2026/texmf-var/fonts/map/pdftex/updmap/pdftex.map}{/usr/loc
al/texlive/2026/texmf-dist/fonts/enc/dvips/lm/lm-ec.enc}])
\tf@toc=\write4
\openout4 = `main.toc'.

 [2]
LaTeX Font Info:    Trying to load font information for TS1+lmr on input line 6
5.

(/usr/local/texlive/2026/texmf-dist/tex/latex/lm/ts1lmr.fd
File: ts1lmr.fd 2015/05/01 v1.6.1 Font defs for Latin Modern
) [3

{/usr/local/texlive/2026/texmf-dist/fonts/enc/dvips/lm/lm-ts1.enc}]
Overfull \hbox (16.66884pt too wide) in alignment at lines 76--81
 [] [] [] [] [] 
 []


Overfull \hbox (16.66884pt too wide) in alignment at lines 81--85
 [] [] [] [] [] 
 []


Overfull \hbox (16.66884pt too wide) in alignment at lines 85--88
 [] [] [] [] [] 
 []


Overfull \hbox (16.66884pt too wide) in alignment at lines 88--90
 [] [] [] [] [] 
 []


Overfull \hbox (84.39665pt too wide) in paragraph at lines 91--91
[]|\T1/lmtt/m/n/10.95 scripts/01_inspect_dataset.py\T1/lmr/m/n/10.95 , 
 []


Overfull \hbox (35.36514pt too wide) in paragraph at lines 91--91
\T1/lmtt/m/n/10.95 src/data/canonical.py|  
 []


Overfull \hbox (93.04868pt too wide) in paragraph at lines 91--91
\T1/lmtt/m/n/10.95 ../Data/Images_Dataset_A-Z.xlsx\T1/lmr/m/n/10.95 ; 
 []


Overfull \hbox (38.26843pt too wide) in paragraph at lines 91--91
\T1/lmtt/m/n/10.95 ../Data/Images_dataset|  
 []


Overfull \hbox (75.66455pt too wide) in paragraph at lines 91--91
\T1/lmtt/m/n/10.95 reports/dataset_inspection.md|  
 []


Overfull \hbox (17.0953pt too wide) in paragraph at lines 92--92
[]|\T1/lmr/m/n/10.95 Canonicalization|  
 []


Overfull \hbox (78.64792pt too wide) in paragraph at lines 92--92
[]|\T1/lmtt/m/n/10.95 scripts/02_build_metadata.py\T1/lmr/m/n/10.95 , 
 []


Overfull \hbox (78.70619pt too wide) in paragraph at lines 92--92
[]|\T1/lmtt/m/n/10.95 outputs/canonical_dataset.csv\T1/lmr/m/n/10.95 , 
 []


Overfull \hbox (18.17722pt too wide) in paragraph at lines 92--92
\T1/lmtt/m/n/10.95 dataset_summary.csv|  
 []


Overfull \hbox (21.33496pt too wide) in paragraph at lines 92--93
\T1/lmtt/m/n/10.95 has_structural_labels\T1/lmr/m/n/10.95 . 
 []


Overfull \hbox (95.89412pt too wide) in paragraph at lines 93--93
[]|\T1/lmtt/m/n/10.95 scripts/03_preprocess_images.py\T1/lmr/m/n/10.95 , 
 []


Overfull \hbox (64.10881pt too wide) in paragraph at lines 93--93
\T1/lmtt/m/n/10.95 src/visualization/plots.py|  
 []


Overfull \hbox (104.40822pt too wide) in paragraph at lines 93--93
\T1/lmtt/m/n/10.95 outputs/preprocessing_previews.csv|  
 []


Overfull \hbox (90.14539pt too wide) in paragraph at lines 94--94
[]|\T1/lmtt/m/n/10.95 scripts/04_extract_features.py\T1/lmr/m/n/10.95 , 
 []


Overfull \hbox (61.45999pt too wide) in paragraph at lines 94--94
[]|\T1/lmtt/m/n/10.95 outputs/image_features.csv\T1/lmr/m/n/10.95 , 
 []


Overfull \hbox (52.78572pt too wide) in paragraph at lines 94--95
\T1/lmtt/m/n/10.95 feature_extraction_failed=1 
 []


Overfull \hbox (124.63779pt too wide) in paragraph at lines 95--95
[]|\T1/lmtt/m/n/10.95 scripts/05_train_corrosion_models.py\T1/lmr/m/n/10.95 , 
 []


Overfull \hbox (46.86261pt too wide) in paragraph at lines 95--95
\T1/lmtt/m/n/10.95 src/models/corrosion.py|  
 []


Overfull \hbox (98.65948pt too wide) in paragraph at lines 95--95
\T1/lmtt/m/n/10.95 corrosion_state_estimates.parquet|  
 []


Overfull \hbox (107.39159pt too wide) in paragraph at lines 96--96
[]|\T1/lmtt/m/n/10.95 scripts/06_train_damage_models.py\T1/lmr/m/n/10.95 , 
 []


Overfull \hbox (29.61641pt too wide) in paragraph at lines 96--96
\T1/lmtt/m/n/10.95 src/models/damage.py|  
 []


Overfull \hbox (81.41328pt too wide) in paragraph at lines 96--96
\T1/lmtt/m/n/10.95 damage_state_estimates.parquet|  
 []


Overfull \hbox (1.04712pt too wide) in paragraph at lines 96--97
\T1/lmtt/m/n/10.95 wire_area_loss_pct 
 []


Overfull \hbox (124.63779pt too wide) in paragraph at lines 97--97
[]|\T1/lmtt/m/n/10.95 scripts/07_fit_degradation_models.py\T1/lmr/m/n/10.95 , 
 []


Overfull \hbox (6.62148pt too wide) in paragraph at lines 97--97
\T1/lmtt/m/n/10.95 src/degradation/|  
 []


Overfull \hbox (61.45999pt too wide) in paragraph at lines 97--97
[]|\T1/lmtt/m/n/10.95 degradation_curves.parquet\T1/lmr/m/n/10.95 , 
 []


Overfull \hbox (75.66455pt too wide) in paragraph at lines 97--97
\T1/lmtt/m/n/10.95 degradation_forecasts.parquet|  
 []


Overfull \hbox (67.15045pt too wide) in paragraph at lines 98--98
[]|\T1/lmtt/m/n/10.95 scripts/08_estimate_rul.py\T1/lmr/m/n/10.95 , 
 []


Overfull \hbox (9.72139pt too wide) in paragraph at lines 98--98
[]|\T1/lmtt/m/n/10.95 rul_estimates.csv\T1/lmr/m/n/10.95 , 
 []


Overfull \hbox (46.92088pt too wide) in paragraph at lines 98--98
\T1/lmtt/m/n/10.95 rul_trajectories.parquet|  
 []


Overfull \hbox (6.79585pt too wide) in paragraph at lines 98--99
\T1/lmtt/m/n/10.95 failure_probability 
 []


Overfull \hbox (87.10374pt too wide) in paragraph at lines 99--99
[]|\T1/lmtt/m/n/10.95 scripts/09_generate_reports.py|  
 []


Overfull \hbox (0.93102pt too wide) in paragraph at lines 99--99
\T1/lmtt/m/n/10.95 reports/figures/|  
 []


Overfull \hbox (16.66884pt too wide) in alignment at lines 90--100
 [] [] [] [] [] 
 []


ignored: Infinite glue shrinkage found in box being split [4{/usr/local/texlive/2026/tex
mf-dist/fonts/enc/dvips/lm/lm-mathsy.enc}{/usr/local/texlive/2026/texmf-dist/fo
nts/enc/dvips/lm/lm-rm.enc}{/usr/local/texlive/2026/texmf-dist/fonts/enc/dvips/
lm/lm-mathit.enc}]
ignored: Infinite glue shrinkage found in box being split [5]
ignored: Infinite 
glue shrinkage found in box being split [6]
ignored: Infinite glue shrinkage found in box
 being split [7]
Underfull \hbox (badness 1097) in paragraph at lines 106--107
\T1/lmr/m/n/10.95 ag-nos-tic vi-su-al-iza-tion stage. The same pre-pro-cess-ing
 logic is re-executed later in-side
 []


Underfull \hbox (badness 2790) in paragraph at lines 114--115
\T1/lmtt/m/n/10.95 campaign_2022_mesh7_nacl0.035_age201 \T1/lmr/m/n/10.95 and \
T1/lmtt/m/n/10.95 campaign_2024_mesh4_nacl0.050_age260\T1/lmr/m/n/10.95 .
 []

LaTeX Font Info:    External font `lmex10' loaded for size
(Font)              <10> on input line 119.
LaTeX Font Info:    External font `lmex10' loaded for size
(Font)              <7> on input line 119.
LaTeX Font Info:    External font `lmex10' loaded for size
(Font)              <5> on input line 119.

Underfull \hbox (badness 10000) in paragraph at lines 138--138
[]\T1/lmr/m/n/10.95 Table 2: |Dataset sum-mary re-con-structed from \T1/lmtt/m/
n/10.95 outputs/dataset_summary.csv\T1/lmr/m/n/10.95 ,
 []

[8]
Overfull \hbox (19.5143pt too wide) in alignment at lines 181--186
 [] [] [] [] [] 
 []


Overfull \hbox (19.5143pt too wide) in alignment at lines 186--190
 [] [] [] [] [] 
 []


Overfull \hbox (19.5143pt too wide) in alignment at lines 190--193
 [] [] [] [] [] 
 []


Overfull \hbox (19.5143pt too wide) in alignment at lines 193--195
 [] [] [] [] [] 
 []


Overfull \hbox (6.33057pt too wide) in paragraph at lines 200--200
\T1/lmtt/m/n/10.95 specimen_id|  
 []


Overfull \hbox (6.33057pt too wide) in paragraph at lines 201--201
\T1/lmtt/m/n/10.95 specimen_id|  
 []


Overfull \hbox (49.7659pt too wide) in paragraph at lines 208--208
[]|\T1/lmtt/m/n/10.95 cover_failure_surface_mm|  
 []


Overfull \hbox (9.52477pt too wide) in paragraph at lines 211--211
[]|\T1/lmtt/m/n/10.95 image_join_status|  
 []


Overfull \hbox (32.5197pt too wide) in paragraph at lines 213--213
[]|\T1/lmtt/m/n/10.95 has_structural_labels|  
 []


Overfull \hbox (21.02223pt too wide) in paragraph at lines 215--215
[]|\T1/lmtt/m/n/10.95 duplicate_record_id|  
 []


Overfull \hbox (44.01717pt too wide) in paragraph at lines 216--216
[]|\T1/lmtt/m/n/10.95 duplicate_specimen_week|  
 []


Overfull \hbox (19.5143pt too wide) in alignment at lines 195--217
 [] [] [] [] [] 
 []

[9]
ignored: Infinite glue shrinkage found in box being split [10]
Overfull \hbox (19.5143pt too wide) in alignment at lines 219--224
 [] [] [] [] [] 
 []


Overfull \hbox (19.5143pt too wide) in alignment at lines 224--228
 [] [] [] [] [] 
 []


Overfull \hbox (19.5143pt too wide) in alignment at lines 228--231
 [] [] [] [] [] 
 []


Overfull \hbox (19.5143pt too wide) in alignment at lines 231--233
 [] [] [] [] [] 
 []


Overfull \hbox (38.26843pt too wide) in paragraph at lines 234--234
[]|\T1/lmtt/m/n/10.95 surface_total_rust_pct|  
 []


Overfull \hbox (67.0121pt too wide) in paragraph at lines 235--235
[]|\T1/lmtt/m/n/10.95 surface_total_rust_category|  
 []


Overfull \hbox (15.2735pt too wide) in paragraph at lines 237--237
[]|\T1/lmtt/m/n/10.95 peak_rust_category|  
 []


Overfull \hbox (32.5197pt too wide) in paragraph at lines 238--238
[]|\T1/lmtt/m/n/10.95 peak_rust_location_cm|  
 []


Overfull \hbox (15.2735pt too wide) in paragraph at lines 239--239
[]|\T1/lmtt/m/n/10.95 wire_area_loss_raw|  
 []


Overfull \hbox (15.2735pt too wide) in paragraph at lines 240--240
[]|\T1/lmtt/m/n/10.95 wire_area_loss_pct|  
 []


Overfull \hbox (3.77603pt too wide) in paragraph at lines 241--241
[]|\T1/lmtt/m/n/10.95 ultimate_load_kn|  
 []


Overfull \hbox (19.5143pt too wide) in alignment at lines 233--242
 [] [] [] [] [] 
 []


ignored: Infinite glue shrinkage found in box being split [11] [12]
Overfull \hbox (38.16566pt too wide) detected at line 264
[] \OT1/lmr/m/n/10.95 = 0\OML/lmm/m/it/10.95 :\OT1/lmr/m/n/10.95 24 ( \OML/lmm/
m/it/10.95 R \OMS/lmsy/m/n/10.95 ^^@ \OML/lmm/m/it/10.95 G \OT1/lmr/m/n/10.95 )
[] + 0\OML/lmm/m/it/10.95 :\OT1/lmr/m/n/10.95 18 ( \OML/lmm/m/it/10.95 R \OMS/l
msy/m/n/10.95 ^^@ \OML/lmm/m/it/10.95 B \OT1/lmr/m/n/10.95 )[] + 0\OML/lmm/m/it
/10.95 :\OT1/lmr/m/n/10.95 18 \OML/lmm/m/it/10.95 a[] \OT1/lmr/m/n/10.95 + 0\OM
L/lmm/m/it/10.95 :\OT1/lmr/m/n/10.95 14 \OML/lmm/m/it/10.95 b[] \OT1/lmr/m/n/10
.95 + 0\OML/lmm/m/it/10.95 :\OT1/lmr/m/n/10.95 14 \OML/lmm/m/it/10.95 S \OT1/lm
r/m/n/10.95 + 0\OML/lmm/m/it/10.95 :\OT1/lmr/m/n/10.95 07 \OML/lmm/m/it/10.95 g
\OT1/lmr/m/n/10.95 (\OML/lmm/m/it/10.95 h\OT1/lmr/m/n/10.95 ; 0\OML/lmm/m/it/10
.95 :\OT1/lmr/m/n/10.95 03) + 0\OML/lmm/m/it/10.95 :\OT1/lmr/m/n/10.95 05 \OML/
lmm/m/it/10.95 g\OT1/lmr/m/n/10.95 (\OML/lmm/m/it/10.95 h\OT1/lmr/m/n/10.95 ; 0
\OML/lmm/m/it/10.95 :\OT1/lmr/m/n/10.95 08)\OML/lmm/m/it/10.95 ;
 []

<reports/figures/preprocessing/F03-20240417-14W.png, id=272, 1059.157pt x 101.9
81pt>
File: reports/figures/preprocessing/F03-20240417-14W.png Graphic file (type png
)
<use reports/figures/preprocessing/F03-20240417-14W.png>
Package pdftex.def Info: reports/figures/preprocessing/F03-20240417-14W.png  us
ed on input line 273.
(pdftex.def)             Requested size: 416.72963pt x 40.12566pt.

Overfull \hbox (30.89522pt too wide) in alignment at lines 282--287
 [] [] [] [] [] 
 []


Overfull \hbox (30.89522pt too wide) in alignment at lines 287--291
 [] [] [] [] [] 
 []


Overfull \hbox (30.89522pt too wide) in alignment at lines 291--294
 [] [] [] [] [] 
 []


Overfull \hbox (30.89522pt too wide) in alignment at lines 294--296
 [] [] [] [] [] 
 []


Overfull \hbox (21.33496pt too wide) in paragraph at lines 297--297
[]|\T1/lmtt/m/n/10.95 rust_area_pct_feature\T1/lmr/m/n/10.95 , 
 []


Overfull \hbox (18.29332pt too wide) in paragraph at lines 297--297
\T1/lmtt/m/n/10.95 peak_rust_pct_feature|  
 []


Overfull \hbox (67.32483pt too wide) in paragraph at lines 298--298
[]|\T1/lmtt/m/n/10.95 peak_rust_location_cm_feature\T1/lmr/m/n/10.95 , 
 []


Overfull \hbox (12.27084pt too wide) in paragraph at lines 298--298
\T1/lmtt/m/n/10.95 rust_segment_00_pct\T1/lmr/m/n/10.95 -- 
 []


Overfull \hbox (6.79585pt too wide) in paragraph at lines 298--298
\T1/lmtt/m/n/10.95 rust_segment_11_pct|  
 []


Overfull \hbox (21.33496pt too wide) in paragraph at lines 299--299
[]|\T1/lmtt/m/n/10.95 rust_distribution_std\T1/lmr/m/n/10.95 , 
 []


Overfull \hbox (15.58623pt too wide) in paragraph at lines 300--300
[]|\T1/lmtt/m/n/10.95 rust_component_count\T1/lmr/m/n/10.95 , 
 []


Overfull \hbox (58.47662pt too wide) in paragraph at lines 300--300
\T1/lmtt/m/n/10.95 skimage.measure.regionprops|  
 []


Overfull \hbox (52.78572pt too wide) in paragraph at lines 301--301
\T1/lmtt/m/n/10.95 rust_segmentation_threshold|  
 []


Overfull \hbox (44.3299pt too wide) in paragraph at lines 305--305
\T1/lmtt/m/n/10.95 feature_extraction_failed\T1/lmr/m/n/10.95 , 
 []


Overfull \hbox (49.82416pt too wide) in paragraph at lines 305--306
\T1/lmtt/m/n/10.95 feature_extraction_failed 
 []


Overfull \hbox (30.89522pt too wide) in alignment at lines 296--306
 [] [] [] [] [] 
 []

[13 <./reports/figures/preprocessing/F03-20240417-14W.png>]
ignored: Infinite glue shrink
age found in box being split [14]
Overfull \hbox (13.06958pt too wide) in paragraph at lines 319--319
[]|\T1/lmtt/m/n/10 surface_total_rust_pct|  
 []


Overfull \hbox (7.8196pt too wide) in paragraph at lines 321--321
[]|\T1/lmtt/m/n/10 peak_rust_location_cm|  
 []


Overfull \hbox (38.43854pt too wide) in paragraph at lines 321--321
[]|\T1/lmtt/m/n/10 peak_rust_location_cm_feature|  
 []


Overfull \hbox (13.06958pt too wide) in paragraph at lines 322--322
[]|\T1/lmtt/m/n/10 surface_total_rust_pct|  
 []

[15]
Overfull \hbox (12.42848pt too wide) in paragraph at lines 358--358
[]|\T1/lmtt/m/n/10.95 load_excel_table() 
 []


Overfull \hbox (69.91582pt too wide) in paragraph at lines 362--362
[]|\T1/lmtt/m/n/10.95 logs/04_extract_features.log 
 []


Overfull \hbox (0.93102pt too wide) in paragraph at lines 362--362
\T1/lmtt/m/n/10.95 E01-20240508-17W 
 []


Overfull \hbox (55.63116pt too wide) in paragraph at lines 362--362
\T1/lmtt/m/n/10.95 feature_extraction_failed=1 
 []

[16]
ignored: Infinite glue shrinkage found in box being split [17]
Overfull \hbox (16.98657pt too wide) in paragraph at lines 386--387
[]\T1/lmr/m/n/10.95 histogram gra-di-ent boost-ing re-gres-sor with \T1/lmtt/m/
n/10.95 learning_rate=0.05\T1/lmr/m/n/10.95 , \T1/lmtt/m/n/10.95 max_depth=6\T1
/lmr/m/n/10.95 , \T1/lmtt/m/n/10.95 max_iter=400\T1/lmr/m/n/10.95 ; 
 []

[18]
Overfull \hbox (15.10063pt too wide) in paragraph at lines 394--395
[]\T1/lmr/m/n/10.95 histogram gra-di-ent boost-ing clas-si-fier with \T1/lmtt/m
/n/10.95 learning_rate=0.05\T1/lmr/m/n/10.95 , \T1/lmtt/m/n/10.95 max_depth=6\T
1/lmr/m/n/10.95 , \T1/lmtt/m/n/10.95 max_iter=300\T1/lmr/m/n/10.95 ; 
 []


Overfull \hbox (51.94696pt too wide) in paragraph at lines 411--412
[]\T1/lmr/m/n/10.95 manual cor-ro-sion la-bels: \T1/lmtt/m/n/10.95 surface_tota
l_rust_pct\T1/lmr/m/n/10.95 , \T1/lmtt/m/n/10.95 peak_rust_pct\T1/lmr/m/n/10.95
 , \T1/lmtt/m/n/10.95 surface_total_rust_category\T1/lmr/m/n/10.95 ,
 []


Overfull \hbox (100.9184pt too wide) in paragraph at lines 412--413
[]\T1/lmr/m/n/10.95 selected im-age fea-tures: \T1/lmtt/m/n/10.95 rust_area_pct
_feature\T1/lmr/m/n/10.95 , \T1/lmtt/m/n/10.95 peak_rust_pct_feature\T1/lmr/m/n
/10.95 , \T1/lmtt/m/n/10.95 peak_rust_location_cm_feature\T1/lmr/m/n/10.95 ,
 []


Overfull \hbox (83.76305pt too wide) in paragraph at lines 412--413
\T1/lmtt/m/n/10.95 rust_score_mean\T1/lmr/m/n/10.95 , \T1/lmtt/m/n/10.95 rust_s
core_std\T1/lmr/m/n/10.95 , \T1/lmtt/m/n/10.95 edge_density\T1/lmr/m/n/10.95 , 
\T1/lmtt/m/n/10.95 texture_contrast_mean\T1/lmr/m/n/10.95 , \T1/lmtt/m/n/10.95 
texture_homogeneity_mean\T1/lmr/m/n/10.95 ,
 []


Overfull \hbox (16.98657pt too wide) in paragraph at lines 419--420
[]\T1/lmr/m/n/10.95 histogram gra-di-ent boost-ing re-gres-sor with \T1/lmtt/m/
n/10.95 learning_rate=0.05\T1/lmr/m/n/10.95 , \T1/lmtt/m/n/10.95 max_depth=5\T1
/lmr/m/n/10.95 , \T1/lmtt/m/n/10.95 max_iter=300\T1/lmr/m/n/10.95 ; 
 []

[19]
Overfull \hbox (94.42703pt too wide) detected at line 473
[] \OT1/lmr/m/n/10.95 = [] []
 []

[20{/usr/local/texlive/2026/texmf-dist/fonts/enc/dvips/lm/lm-mathex.enc}]
Overfull \hbox (35.39139pt too wide) in paragraph at lines 497--497
[]|\T1/lmtt/m/n/10 leave_one_treatment_out|  
 []


Overfull \hbox (30.1414pt too wide) in paragraph at lines 497--497
[]|\T1/lmtt/m/n/10 leave_one_campaign_out|  
 []

[21]
<reports/figures/corrosion_regression_parity.png, id=331, 553.267pt x 554.07pt>

File: reports/figures/corrosion_regression_parity.png Graphic file (type png)
<use reports/figures/corrosion_regression_parity.png>
Package pdftex.def Info: reports/figures/corrosion_regression_parity.png  used 
on input line 565.
(pdftex.def)             Requested size: 389.55266pt x 390.12904pt.
 [22]
<reports/figures/damage_regression_parity.png, id=337, 553.267pt x 554.07pt>
File: reports/figures/damage_regression_parity.png Graphic file (type png)
<use reports/figures/damage_regression_parity.png>
Package pdftex.def Info: reports/figures/damage_regression_parity.png  used on 
input line 578.
(pdftex.def)             Requested size: 389.55266pt x 390.12904pt.
 [23 <./reports/figures/corrosion_regression_parity.png>]
Underfull \hbox (badness 1137) in paragraph at lines 585--586
[]\T1/lmr/m/n/10.95 The structural-label cor-re-la-tions re-in-force that point
. Across the 48 struc-tural rows,
 []


Underfull \hbox (badness 1655) in paragraph at lines 585--586
\T1/lmtt/m/n/10.95 surface_total_rust_pct \T1/lmr/m/n/10.95 and \T1/lmtt/m/n/10
.95 wire_area_loss_pct \T1/lmr/m/n/10.95 cor-re-late only 0.021 over-all, while

 []


Overfull \hbox (6.86038pt too wide) in paragraph at lines 585--586
\T1/lmtt/m/n/10.95 peak_rust_pct \T1/lmr/m/n/10.95 and \T1/lmtt/m/n/10.95 wire_
area_loss_pct \T1/lmr/m/n/10.95 cor-re-late only 0.011. Mean-while, \T1/lmtt/m/
n/10.95 week\T1/lmr/m/n/10.95 , \T1/lmtt/m/n/10.95 n_steel_mesh\T1/lmr/m/n/10.9
5 ,
 []

[24 <./reports/figures/damage_regression_parity.png>]
<reports/figures/degradation_examples_peak_rust.png, id=350, 842.7485pt x 409.1
285pt>
File: reports/figures/degradation_examples_peak_rust.png Graphic file (type png
)
<use reports/figures/degradation_examples_peak_rust.png>
Package pdftex.def Info: reports/figures/degradation_examples_peak_rust.png  us
ed on input line 599.
(pdftex.def)             Requested size: 398.61395pt x 193.52023pt.

Overfull \hbox (48.40811pt too wide) in paragraph at lines 607--618
 [][] 
 []

[25 <./reports/figures/degradation_examples_peak_rust.png>] [26]
Overfull \hbox (22.89523pt too wide) in alignment at lines 668--673
 [] [] [] [] 
 []


Overfull \hbox (22.89523pt too wide) in alignment at lines 673--677
 [] [] [] [] 
 []


Overfull \hbox (22.89523pt too wide) in alignment at lines 677--680
 [] [] [] [] 
 []


Overfull \hbox (22.89523pt too wide) in alignment at lines 680--682
 [] [] [] [] 
 []


Overfull \hbox (22.89523pt too wide) in alignment at lines 682--690
 [] [] [] [] 
 []


ignored: Infinite glue shrinkage found in box being split [27]
ignored: Infinite glue shrinkage fo
und in box being split [28] [29] [30] [31] (./main.aux)
 ***********
LaTeX2e <2025-11-01>
L3 programming layer <2026-01-19>
 ***********
Package rerunfilecheck Info: File `main.out' has not changed.
(rerunfilecheck)             Checksum: 561899E9A4422A7BA747CD754B8813CC;8490.
 ) 
Here is how much of TeX's memory you used:
 16650 strings out of 467525
 323689 string characters out of 5418982
 738333 words of memory out of 5000000
 45259 multiletter control sequences out of 15000+600000
 696386 words of font info for 83 fonts, out of 8000000 for 9000
 1141 hyphenation exceptions out of 8191
 75i,10n,79p,1151b,1187s stack positions out of 10000i,1000n,20000p,200000b,200000s
</usr/local/texlive/2026/texmf-dist/fonts/type1/public/lm/lmbx10.pfb></usr/lo
cal/texlive/2026/texmf-dist/fonts/type1/public/lm/lmbx12.pfb></usr/local/texliv
e/2026/texmf-dist/fonts/type1/public/lm/lmbx8.pfb></usr/local/texlive/2026/texm
f-dist/fonts/type1/public/lm/lmex10.pfb></usr/local/texlive/2026/texmf-dist/fon
ts/type1/public/lm/lmmi10.pfb></usr/local/texlive/2026/texmf-dist/fonts/type1/p
ublic/lm/lmmi8.pfb></usr/local/texlive/2026/texmf-dist/fonts/type1/public/lm/lm
r10.pfb></usr/local/texlive/2026/texmf-dist/fonts/type1/public/lm/lmr12.pfb></u
sr/local/texlive/2026/texmf-dist/fonts/type1/public/lm/lmr17.pfb></usr/local/te
xlive/2026/texmf-dist/fonts/type1/public/lm/lmr6.pfb></usr/local/texlive/2026/t
exmf-dist/fonts/type1/public/lm/lmr8.pfb></usr/local/texlive/2026/texmf-dist/fo
nts/type1/public/lm/lmri10.pfb></usr/local/texlive/2026/texmf-dist/fonts/type1/
public/lm/lmsy10.pfb></usr/local/texlive/2026/texmf-dist/fonts/type1/public/lm/
lmsy8.pfb></usr/local/texlive/2026/texmf-dist/fonts/type1/public/lm/lmtt10.pfb>
</usr/local/texlive/2026/texmf-dist/fonts/type1/public/lm/lmtt12.pfb></usr/loca
l/texlive/2026/texmf-dist/fonts/type1/public/lm/lmtt8.pfb>
Output written on main.pdf (31 pages, 2025539 bytes).
PDF statistics:
 505 PDF objects out of 1000 (max. 8388607)
 422 compressed objects within 5 object streams
 106 named destinations out of 1000 (max. 500000)
 325 words of extra memory for PDF output out of 10000 (max. 10000000)

