This is pdfTeX, Version 3.141592653-2.6-1.40.29 (TeX Live 2026) (preloaded format=pdflatex 2026.3.17)  17 MAR 2026 15:47
entering extended mode
 restricted \write18 enabled.
 %&-line parsing enabled.
**main.tex
(./main.tex
LaTeX2e <2025-11-01>
L3 programming layer <2026-01-19>
(/usr/local/texlive/2026/texmf-dist/tex/latex/base/article.cls
Document Class: article 2025/01/22 v1.4n Standard LaTeX document class
(/usr/local/texlive/2026/texmf-dist/tex/latex/base/size11.clo
File: size11.clo 2025/01/22 v1.4n Standard LaTeX file (size option)
)
\c@part=\count275
\c@section=\count276
\c@subsection=\count277
\c@subsubsection=\count278
\c@paragraph=\count279
\c@subparagraph=\count280
\c@figure=\count281
\c@table=\count282
\abovecaptionskip=\skip49
\belowcaptionskip=\skip50
\bibindent=\dimen148
)
(/usr/local/texlive/2026/texmf-dist/tex/latex/geometry/geometry.sty
Package: geometry 2020/01/02 v5.9 Page Geometry

(/usr/local/texlive/2026/texmf-dist/tex/latex/graphics/keyval.sty
Package: keyval 2022/05/29 v1.15 key=value parser (DPC)
\KV@toks@=\toks17
)
(/usr/local/texlive/2026/texmf-dist/tex/generic/iftex/ifvtex.sty
Package: ifvtex 2019/10/25 v1.7 ifvtex legacy package. Use iftex instead.

(/usr/local/texlive/2026/texmf-dist/tex/generic/iftex/iftex.sty
Package: iftex 2024/12/12 v1.0g TeX engine tests
))
\Gm@cnth=\count283
\Gm@cntv=\count284
\c@Gm@tempcnt=\count285
\Gm@bindingoffset=\dimen149
\Gm@wd@mp=\dimen150
\Gm@odd@mp=\dimen151
\Gm@even@mp=\dimen152
\Gm@layoutwidth=\dimen153
\Gm@layoutheight=\dimen154
\Gm@layouthoffset=\dimen155
\Gm@layoutvoffset=\dimen156
\Gm@dimlist=\toks18
)
(/usr/local/texlive/2026/texmf-dist/tex/latex/graphics/graphicx.sty
Package: graphicx 2024/12/31 v1.2e Enhanced LaTeX Graphics (DPC,SPQR)

(/usr/local/texlive/2026/texmf-dist/tex/latex/graphics/graphics.sty
Package: graphics 2024/08/06 v1.4g Standard LaTeX Graphics (DPC,SPQR)

(/usr/local/texlive/2026/texmf-dist/tex/latex/graphics/trig.sty
Package: trig 2023/12/02 v1.11 sin cos tan (DPC)
)
(/usr/local/texlive/2026/texmf-dist/tex/latex/graphics-cfg/graphics.cfg
File: graphics.cfg 2016/06/04 v1.11 sample graphics configuration
)
Package graphics Info: Driver file: pdftex.def on input line 106.

(/usr/local/texlive/2026/texmf-dist/tex/latex/graphics-def/pdftex.def
File: pdftex.def 2025/09/29 v1.2d Graphics/color driver for pdftex
))
\Gin@req@height=\dimen157
\Gin@req@width=\dimen158
)
(/usr/local/texlive/2026/texmf-dist/tex/latex/booktabs/booktabs.sty
Package: booktabs 2020/01/12 v1.61803398 Publication quality tables
\heavyrulewidth=\dimen159
\lightrulewidth=\dimen160
\cmidrulewidth=\dimen161
\belowrulesep=\dimen162
\belowbottomsep=\dimen163
\aboverulesep=\dimen164
\abovetopsep=\dimen165
\cmidrulesep=\dimen166
\cmidrulekern=\dimen167
\defaultaddspace=\dimen168
\@cmidla=\count286
\@cmidlb=\count287
\@aboverulesep=\dimen169
\@belowrulesep=\dimen170
\@thisruleclass=\count288
\@lastruleclass=\count289
\@thisrulewidth=\dimen171
)
(/usr/local/texlive/2026/texmf-dist/tex/latex/tools/longtable.sty
Package: longtable 2025-10-13 v4.24 Multi-page Table package (DPC)
\LTleft=\skip51
\LTright=\skip52
\LTpre=\skip53
\LTpost=\skip54
\LTchunksize=\count290
\LTcapwidth=\dimen172
\LT@head=\box53
\LT@firsthead=\box54
\LT@foot=\box55
\LT@lastfoot=\box56
\LT@gbox=\box57
\LT@cols=\count291
\LT@rows=\count292
\c@LT@tables=\count293
\c@LT@chunks=\count294
\LT@p@ftn=\toks19
)
(/usr/local/texlive/2026/texmf-dist/tex/latex/tools/array.sty
Package: array 2025/09/25 v2.6n Tabular extension package (FMi)
\col@sep=\dimen173
\ar@mcellbox=\box58
\extrarowheight=\dimen174
\NC@list=\toks20
\extratabsurround=\skip55
\backup@length=\skip56
\ar@cellbox=\box59
)
(/usr/local/texlive/2026/texmf-dist/tex/latex/tools/tabularx.sty
Package: tabularx 2023/12/11 v2.12a `tabularx' package (DPC)
\TX@col@width=\dimen175
\TX@old@table=\dimen176
\TX@old@col=\dimen177
\TX@target=\dimen178
\TX@delta=\dimen179
\TX@cols=\count295
\TX@ftn=\toks21
)
(/usr/local/texlive/2026/texmf-dist/tex/latex/float/float.sty
Package: float 2001/11/08 v1.3d Float enhancements (AL)
\c@float@type=\count296
\float@exts=\toks22
\float@box=\box60
\@float@everytoks=\toks23
\@floatcapt=\box61
)
(/usr/local/texlive/2026/texmf-dist/tex/latex/amsmath/amsmath.sty
Package: amsmath 2025/07/09 v2.17z AMS math features
\@mathmargin=\skip57

For additional information on amsmath, use the `?' option.
(/usr/local/texlive/2026/texmf-dist/tex/latex/amsmath/amstext.sty
Package: amstext 2024/11/17 v2.01 AMS text

(/usr/local/texlive/2026/texmf-dist/tex/latex/amsmath/amsgen.sty
File: amsgen.sty 1999/11/30 v2.0 generic functions
\@emptytoks=\toks24
\ex@=\dimen180
))
(/usr/local/texlive/2026/texmf-dist/tex/latex/amsmath/amsbsy.sty
Package: amsbsy 1999/11/29 v1.2d Bold Symbols
\pmbraise@=\dimen181
)
(/usr/local/texlive/2026/texmf-dist/tex/latex/amsmath/amsopn.sty
Package: amsopn 2022/04/08 v2.04 operator names
)
\inf@bad=\count297
LaTeX Info: Redefining \frac on input line 233.
\uproot@=\count298
\leftroot@=\count299
LaTeX Info: Redefining \overline on input line 398.
LaTeX Info: Redefining \colon on input line 409.
\classnum@=\count300
\DOTSCASE@=\count301
LaTeX Info: Redefining \ldots on input line 495.
LaTeX Info: Redefining \dots on input line 498.
LaTeX Info: Redefining \cdots on input line 619.
\Mathstrutbox@=\box62
\strutbox@=\box63
LaTeX Info: Redefining \big on input line 721.
LaTeX Info: Redefining \Big on input line 722.
LaTeX Info: Redefining \bigg on input line 723.
LaTeX Info: Redefining \Bigg on input line 724.
\big@size=\dimen182
LaTeX Font Info:    Redeclaring font encoding OML on input line 742.
LaTeX Font Info:    Redeclaring font encoding OMS on input line 743.
\macc@depth=\count302
LaTeX Info: Redefining \bmod on input line 904.
LaTeX Info: Redefining \pmod on input line 909.
LaTeX Info: Redefining \smash on input line 939.
LaTeX Info: Redefining \relbar on input line 969.
LaTeX Info: Redefining \Relbar on input line 970.
\c@MaxMatrixCols=\count303
\dotsspace@=\muskip17
\c@parentequation=\count304
\dspbrk@lvl=\count305
\tag@help=\toks25
\row@=\count306
\column@=\count307
\maxfields@=\count308
\andhelp@=\toks26
\eqnshift@=\dimen183
\alignsep@=\dimen184
\tagshift@=\dimen185
\tagwidth@=\dimen186
\totwidth@=\dimen187
\lineht@=\dimen188
\@envbody=\toks27
\multlinegap=\skip58
\multlinetaggap=\skip59
\mathdisplay@stack=\toks28
LaTeX Info: Redefining \[ on input line 2950.
LaTeX Info: Redefining \] on input line 2951.
)
(/usr/local/texlive/2026/texmf-dist/tex/latex/enumitem/enumitem.sty
Package: enumitem 2025/02/06 v3.11 Customized lists
\labelindent=\skip60
\enit@outerparindent=\dimen189
\enit@toks=\toks29
\enit@inbox=\box64
\enit@count@id=\count309
\enitdp@description=\count310
)
(/usr/local/texlive/2026/texmf-dist/tex/latex/caption/caption.sty
Package: caption 2023/08/05 v3.6o Customizing captions (AR)

(/usr/local/texlive/2026/texmf-dist/tex/latex/caption/caption3.sty
Package: caption3 2023/07/31 v2.4d caption3 kernel (AR)
\caption@tempdima=\dimen190
\captionmargin=\dimen191
\caption@leftmargin=\dimen192
\caption@rightmargin=\dimen193
\caption@width=\dimen194
\caption@indent=\dimen195
\caption@parindent=\dimen196
\caption@hangindent=\dimen197
Package caption Info: Standard document class detected.
)
\c@caption@flags=\count311
\c@continuedfloat=\count312
Package caption Info: float package is loaded.
Package caption Info: longtable package is loaded.

(/usr/local/texlive/2026/texmf-dist/tex/latex/caption/ltcaption.sty
Package: ltcaption 2021/01/08 v1.4c longtable captions (AR)
))
(/usr/local/texlive/2026/texmf-dist/tex/latex/hyperref/hyperref.sty
Package: hyperref 2026-01-29 v7.01p Hypertext links for LaTeX

(/usr/local/texlive/2026/texmf-dist/tex/latex/kvsetkeys/kvsetkeys.sty
Package: kvsetkeys 2022-10-05 v1.19 Key value parser (HO)
)
(/usr/local/texlive/2026/texmf-dist/tex/generic/kvdefinekeys/kvdefinekeys.sty
Package: kvdefinekeys 2019-12-19 v1.6 Define keys (HO)
)
(/usr/local/texlive/2026/texmf-dist/tex/generic/pdfescape/pdfescape.sty
Package: pdfescape 2019/12/09 v1.15 Implements pdfTeX's escape features (HO)

(/usr/local/texlive/2026/texmf-dist/tex/generic/ltxcmds/ltxcmds.sty
Package: ltxcmds 2023-12-04 v1.26 LaTeX kernel commands for general use (HO)
)
(/usr/local/texlive/2026/texmf-dist/tex/generic/pdftexcmds/pdftexcmds.sty
Package: pdftexcmds 2020-06-27 v0.33 Utility functions of pdfTeX for LuaTeX (HO
)

(/usr/local/texlive/2026/texmf-dist/tex/generic/infwarerr/infwarerr.sty
Package: infwarerr 2019/12/03 v1.5 Providing info/warning/error messages (HO)
)
Package pdftexcmds Info: \pdf@primitive is available.
Package pdftexcmds Info: \pdf@ifprimitive is available.
Package pdftexcmds Info: \pdfdraftmode found.
))
(/usr/local/texlive/2026/texmf-dist/tex/latex/hycolor/hycolor.sty
Package: hycolor 2020-01-27 v1.10 Color options for hyperref/bookmark (HO)
)
(/usr/local/texlive/2026/texmf-dist/tex/latex/hyperref/nameref.sty
Package: nameref 2026-01-29 v2.58 Cross-referencing by name of section

(/usr/local/texlive/2026/texmf-dist/tex/latex/refcount/refcount.sty
Package: refcount 2019/12/15 v3.6 Data extraction from label references (HO)
)
(/usr/local/texlive/2026/texmf-dist/tex/generic/gettitlestring/gettitlestring.s
ty
Package: gettitlestring 2019/12/15 v1.6 Cleanup title references (HO)
 (/usr/local/texlive/2026/texmf-dist/tex/latex/kvoptions/kvoptions.sty
Package: kvoptions 2022-06-15 v3.15 Key value format for package options (HO)
))
\c@section@level=\count313
)
(/usr/local/texlive/2026/texmf-dist/tex/latex/etoolbox/etoolbox.sty
Package: etoolbox 2025/10/02 v2.5m e-TeX tools for LaTeX (JAW)
\etb@tempcnta=\count314
)
(/usr/local/texlive/2026/texmf-dist/tex/generic/stringenc/stringenc.sty
Package: stringenc 2019/11/29 v1.12 Convert strings between diff. encodings (HO
)
)
\@linkdim=\dimen198
\Hy@linkcounter=\count315
\Hy@pagecounter=\count316

(/usr/local/texlive/2026/texmf-dist/tex/latex/hyperref/pd1enc.def
File: pd1enc.def 2026-01-29 v7.01p Hyperref: PDFDocEncoding definition (HO)
Now handling font encoding PD1 ...
... no UTF-8 mapping file for font encoding PD1
)
(/usr/local/texlive/2026/texmf-dist/tex/generic/intcalc/intcalc.sty
Package: intcalc 2019/12/15 v1.3 Expandable calculations with integers (HO)
)
\Hy@SavedSpaceFactor=\count317

(/usr/local/texlive/2026/texmf-dist/tex/latex/hyperref/puenc.def
File: puenc.def 2026-01-29 v7.01p Hyperref: PDF Unicode definition (HO)
Now handling font encoding PU ...
... no UTF-8 mapping file for font encoding PU
)
Package hyperref Info: Hyper figures OFF on input line 4201.
Package hyperref Info: Link nesting OFF on input line 4206.
Package hyperref Info: Hyper index ON on input line 4209.
Package hyperref Info: Plain pages OFF on input line 4216.
Package hyperref Info: Backreferencing OFF on input line 4221.
Package hyperref Info: Implicit mode ON; LaTeX internals redefined.
Package hyperref Info: Bookmarks ON on input line 4468.
\c@Hy@tempcnt=\count318

(/usr/local/texlive/2026/texmf-dist/tex/latex/url/url.sty
\Urlmuskip=\muskip18
Package: url 2013/09/16  ver 3.4  Verb mode for urls, etc.
)
LaTeX Info: Redefining \url on input line 4807.
\XeTeXLinkMargin=\dimen199

(/usr/local/texlive/2026/texmf-dist/tex/generic/bitset/bitset.sty
Package: bitset 2019/12/09 v1.3 Handle bit-vector datatype (HO)

(/usr/local/texlive/2026/texmf-dist/tex/generic/bigintcalc/bigintcalc.sty
Package: bigintcalc 2019/12/15 v1.5 Expandable calculations on big integers (HO
)
))
\Fld@menulength=\count319
\Field@Width=\dimen256
\Fld@charsize=\dimen257
Package hyperref Info: Hyper figures OFF on input line 6084.
Package hyperref Info: Link nesting OFF on input line 6089.
Package hyperref Info: Hyper index ON on input line 6092.
Package hyperref Info: backreferencing OFF on input line 6099.
Package hyperref Info: Link coloring OFF on input line 6104.
Package hyperref Info: Link coloring with OCG OFF on input line 6109.
Package hyperref Info: PDF/A mode OFF on input line 6114.
\Hy@abspage=\count320
\c@Item=\count321
\c@Hfootnote=\count322
)
Package hyperref Info: Driver (autodetected): hpdftex.

(/usr/local/texlive/2026/texmf-dist/tex/latex/hyperref/hpdftex.def
File: hpdftex.def 2026-01-29 v7.01p Hyperref driver for pdfTeX
\Fld@listcount=\count323
\c@bookmark@seq@number=\count324

(/usr/local/texlive/2026/texmf-dist/tex/latex/rerunfilecheck/rerunfilecheck.sty
Package: rerunfilecheck 2025-06-21 v1.11 Rerun checks for auxiliary files (HO)

(/usr/local/texlive/2026/texmf-dist/tex/generic/uniquecounter/uniquecounter.sty
Package: uniquecounter 2019/12/15 v1.4 Provide unlimited unique counter (HO)
)
Package uniquecounter Info: New unique counter `rerunfilecheck' on input line 2
84.
)
\Hy@SectionHShift=\skip61
) (/usr/local/texlive/2026/texmf-dist/tex/latex/setspace/setspace.sty
Package: setspace 2022/12/04 v6.7b set line spacing
)
Package hyperref Info: Option `colorlinks' set `true' on input line 21.

(/usr/local/texlive/2026/texmf-dist/tex/latex/l3backend/l3backend-pdftex.def
File: l3backend-pdftex.def 2025-10-09 L3 backend support: PDF output (pdfTeX)
\l__color_backend_stack_int=\count325
)
(./main.aux)
\openout1 = `main.aux'.

LaTeX Font Info:    Checking defaults for OML/cmm/m/it on input line 30.
LaTeX Font Info:    ... okay on input line 30.
LaTeX Font Info:    Checking defaults for OMS/cmsy/m/n on input line 30.
LaTeX Font Info:    ... okay on input line 30.
LaTeX Font Info:    Checking defaults for OT1/cmr/m/n on input line 30.
LaTeX Font Info:    ... okay on input line 30.
LaTeX Font Info:    Checking defaults for T1/cmr/m/n on input line 30.
LaTeX Font Info:    ... okay on input line 30.
LaTeX Font Info:    Checking defaults for TS1/cmr/m/n on input line 30.
LaTeX Font Info:    ... okay on input line 30.
LaTeX Font Info:    Checking defaults for OMX/cmex/m/n on input line 30.
LaTeX Font Info:    ... okay on input line 30.
LaTeX Font Info:    Checking defaults for U/cmr/m/n on input line 30.
LaTeX Font Info:    ... okay on input line 30.
LaTeX Font Info:    Checking defaults for PD1/pdf/m/n on input line 30.
LaTeX Font Info:    ... okay on input line 30.
LaTeX Font Info:    Checking defaults for PU/pdf/m/n on input line 30.
LaTeX Font Info:    ... okay on input line 30.

*geometry* driver: auto-detecting
*geometry* detected driver: pdftex
*geometry* verbose mode - [ preamble ] result:
* driver: pdftex
* paper: a4paper
* layout: <same size as paper>
* layoutoffset:(h,v)=(0.0pt,0.0pt)
* modes: 
* h-part:(L,W,R)=(72.26999pt, 452.9679pt, 72.26999pt)
* v-part:(T,H,B)=(72.26999pt, 700.50687pt, 72.26999pt)
* \paperwidth=597.50787pt
* \paperheight=845.04684pt
* \textwidth=452.9679pt
* \textheight=700.50687pt
* \oddsidemargin=0.0pt
* \evensidemargin=0.0pt
* \topmargin=-37.0pt
* \headheight=12.0pt
* \headsep=25.0pt
* \topskip=11.0pt
* \footskip=30.0pt
* \marginparwidth=50.0pt
* \marginparsep=10.0pt
* \columnsep=10.0pt
* \skip\footins=10.0pt plus 4.0pt minus 2.0pt
* \hoffset=0.0pt
* \voffset=0.0pt
* \mag=1000
* \@twocolumnfalse
* \@twosidefalse
* \@mparswitchfalse
* \@reversemarginfalse
* (1in=72.27pt=25.4mm, 1cm=28.453pt)

(/usr/local/texlive/2026/texmf-dist/tex/context/base/mkii/supp-pdf.mkii
[Loading MPS to PDF converter (version 2006.09.02).]
\scratchcounter=\count326
\scratchdimen=\dimen258
\scratchbox=\box65
\nofMPsegments=\count327
\nofMParguments=\count328
\everyMPshowfont=\toks30
\MPscratchCnt=\count329
\MPscratchDim=\dimen259
\MPnumerator=\count330
\makeMPintoPDFobject=\count331
\everyMPtoPDFconversion=\toks31
) (/usr/local/texlive/2026/texmf-dist/tex/latex/epstopdf-pkg/epstopdf-base.sty
Package: epstopdf-base 2020-01-24 v2.11 Base part for package epstopdf
Package epstopdf-base Info: Redefining graphics rule for `.eps' on input line 4
85.

(/usr/local/texlive/2026/texmf-dist/tex/latex/latexconfig/epstopdf-sys.cfg
File: epstopdf-sys.cfg 2010/07/13 v1.3 Configuration of (r)epstopdf for TeX Liv
e
))
Package caption Info: Begin \AtBeginDocument code.
Package caption Info: hyperref package is loaded.
Package caption Info: End \AtBeginDocument code.

(/usr/local/texlive/2026/texmf-dist/tex/latex/graphics/color.sty
Package: color 2025/01/14 v1.3e Standard LaTeX Color (DPC)

(/usr/local/texlive/2026/texmf-dist/tex/latex/graphics-cfg/color.cfg
File: color.cfg 2016/01/02 v1.6 sample color configuration
)
Package color Info: Driver file: pdftex.def on input line 149.

(/usr/local/texlive/2026/texmf-dist/tex/latex/graphics/mathcolor.ltx))
Package hyperref Info: Link coloring ON on input line 30.

(./main.out) (./main.out)
\@outlinefile=\write3
\openout3 = `main.out'.

 [1

{/usr/local/texlive/2026/texmf-var/fonts/map/pdftex/updmap/pdftex.map}]
Overfull \hbox (2.25508pt too wide) in paragraph at lines 50--51
[]\OT1/cmr/m/n/10 This re-port sum-ma-rizes the cur-rent state of an in-ter-pre
table, leakage-safe base-line pipeline
 []

(./main.toc
pdfTeX warning (ext4): destination with the same identifier (name{page.1}) has 
been already used, duplicate ignored
<to be read again> 
                   \relax 
l.20 ...}Degradation modelling}{8}{subsection.5.8}
                                                  % [1])
\tf@toc=\write4
\openout4 = `main.toc'.

 [2] [3{/usr/local/texlive/2026/texmf-dist/fonts/enc/dvips/cm-super/cm-super-ts
1.enc}]
Overfull \hbox (15.32027pt too wide) in paragraph at lines 119--120
[]|\OT1/cmtt/m/n/10.95 E01-20240508-17W.png| 
 []

[4] [5] [6] [7] [8]
<outputs/eda/figures/missingness.png, id=280, 722.7pt x 361.35pt>
File: outputs/eda/figures/missingness.png Graphic file (type png)
<use outputs/eda/figures/missingness.png>
Package pdftex.def Info: outputs/eda/figures/missingness.png  used on input lin
e 343.
(pdftex.def)             Requested size: 398.61395pt x 199.30551pt.
<outputs/eda/figures/structural_target_sparsity.png, id=283, 722.7pt x 361.35pt
>
File: outputs/eda/figures/structural_target_sparsity.png Graphic file (type png
)
<use outputs/eda/figures/structural_target_sparsity.png>
Package pdftex.def Info: outputs/eda/figures/structural_target_sparsity.png  us
ed on input line 352.
(pdftex.def)             Requested size: 371.43698pt x 185.71964pt.
 [9 <./outputs/eda/figures/missingness.png>]
<outputs/diagnostics/figures/distributions/skewed_variable_histograms_trimmed_p
99.png, id=293, 855.5965pt x 1434.158pt>
File: outputs/diagnostics/figures/distributions/skewed_variable_histograms_trim
med_p99.png Graphic file (type png)
<use outputs/diagnostics/figures/distributions/skewed_variable_histograms_trimm
ed_p99.png>
Package pdftex.def Info: outputs/diagnostics/figures/distributions/skewed_varia
ble_histograms_trimmed_p99.png  used on input line 375.
(pdftex.def)             Requested size: 421.25682pt x 706.11365pt.
 [10 <./outputs/eda/figures/structural_target_sparsity.png>]
Overfull \vbox (39.60678pt too high) has occurred while \output is active []


[11 <./outputs/diagnostics/figures/distributions/skewed_variable_histograms_tri
mmed_p99.png>]
<outputs/diagnostics/figures/temporal/campaign_surface_progression_median_iqr.p
ng, id=309, 711.0565pt x 422.7795pt>
File: outputs/diagnostics/figures/temporal/campaign_surface_progression_median_
iqr.png Graphic file (type png)
<use outputs/diagnostics/figures/temporal/campaign_surface_progression_median_i
qr.png>
Package pdftex.def Info: outputs/diagnostics/figures/temporal/campaign_surface_
progression_median_iqr.png  used on input line 388.
(pdftex.def)             Requested size: 407.66833pt x 242.39314pt.
<outputs/diagnostics/figures/temporal/representative_specimen_surface_panels.pn
g, id=311, 1072.4065pt x 568.524pt>
File: outputs/diagnostics/figures/temporal/representative_specimen_surface_pane
ls.png Graphic file (type png)
<use outputs/diagnostics/figures/temporal/representative_specimen_surface_panel
s.png>
Package pdftex.def Info: outputs/diagnostics/figures/temporal/representative_sp
ecimen_surface_panels.png  used on input line 397.
(pdftex.def)             Requested size: 407.66833pt x 216.11943pt.
 [12 <./outputs/diagnostics/figures/temporal/campaign_surface_progression_media
n_iqr.png>]
<outputs/diagnostics/figures/temporal/surface_progression_scatter_trends.png, i
d=321, 1000.1365pt x 350.5095pt>
File: outputs/diagnostics/figures/temporal/surface_progression_scatter_trends.p
ng Graphic file (type png)
<use outputs/diagnostics/figures/temporal/surface_progression_scatter_trends.pn
g>
Package pdftex.def Info: outputs/diagnostics/figures/temporal/surface_progressi
on_scatter_trends.png  used on input line 406.
(pdftex.def)             Requested size: 407.66833pt x 142.87013pt.
<outputs/diagnostics/figures/features/feature_target_correlation_heatmap.png, i
d=324, 550.055pt x 291.489pt>
File: outputs/diagnostics/figures/features/feature_target_correlation_heatmap.p
ng Graphic file (type png)
<use outputs/diagnostics/figures/features/feature_target_correlation_heatmap.pn
g>
Package pdftex.def Info: outputs/diagnostics/figures/features/feature_target_co
rrelation_heatmap.png  used on input line 419.
(pdftex.def)             Requested size: 421.25682pt x 223.24187pt.
 [13 <./outputs/diagnostics/figures/temporal/representative_specimen_surface_pa
nels.png> <./outputs/diagnostics/figures/temporal/surface_progression_scatter_t
rends.png>]
Overfull \hbox (7.69894pt too wide) in paragraph at lines 424--425
\OT1/cmr/m/n/10.95 neered im-age fea-tures track vis-i-ble cor-ro-sion very str
ongly, es-pe-cially for \OT1/cmtt/m/n/10.95 surface[]total[]rust[]pct
 []

<outputs/diagnostics/figures/features/image_feature_correlation_heatmap.png, id
=336, 681.3455pt x 566.5165pt>
File: outputs/diagnostics/figures/features/image_feature_correlation_heatmap.pn
g Graphic file (type png)
<use outputs/diagnostics/figures/features/image_feature_correlation_heatmap.png
>
Package pdftex.def Info: outputs/diagnostics/figures/features/image_feature_cor
relation_heatmap.png  used on input line 432.
(pdftex.def)             Requested size: 385.02547pt x 320.13428pt.
[14 <./outputs/diagnostics/figures/features/feature_target_correlation_heatmap.
png>]
<outputs/diagnostics/figures/features/high_collinearity_pairs.png, id=345, 711.
458pt x 368.577pt>
File: outputs/diagnostics/figures/features/high_collinearity_pairs.png Graphic 
file (type png)
<use outputs/diagnostics/figures/features/high_collinearity_pairs.png>
Package pdftex.def Info: outputs/diagnostics/figures/features/high_collinearity
_pairs.png  used on input line 441.
(pdftex.def)             Requested size: 398.61395pt x 206.50856pt.
 [15 <./outputs/diagnostics/figures/features/image_feature_correlation_heatmap.
png> <./outputs/diagnostics/figures/features/high_collinearity_pairs.png>]
<outputs/diagnostics/figures/benchmarks/best_model_relative_mae_collapse_heatma
p.png, id=354, 548.8505pt x 349.7065pt>
File: outputs/diagnostics/figures/benchmarks/best_model_relative_mae_collapse_h
eatmap.png Graphic file (type png)
<use outputs/diagnostics/figures/benchmarks/best_model_relative_mae_collapse_he
atmap.png>
Package pdftex.def Info: outputs/diagnostics/figures/benchmarks/best_model_rela
tive_mae_collapse_heatmap.png  used on input line 497.
(pdftex.def)             Requested size: 398.61395pt x 253.9816pt.
[16]
<outputs/diagnostics/figures/benchmarks/hidden_damage_best_model_strategy_robus
tness.png, id=361, 999.3335pt x 350.108pt>
File: outputs/diagnostics/figures/benchmarks/hidden_damage_best_model_strategy_
robustness.png Graphic file (type png)
<use outputs/diagnostics/figures/benchmarks/hidden_damage_best_model_strategy_r
obustness.png>
Package pdftex.def Info: outputs/diagnostics/figures/benchmarks/hidden_damage_b
est_model_strategy_robustness.png  used on input line 508.
(pdftex.def)             Requested size: 398.61395pt x 139.65073pt.

Underfull \hbox (badness 4872) in paragraph at lines 531--531
[]|\OT1/cmr/bx/n/10 Key met-
 []


Overfull \hbox (34.08528pt too wide) in paragraph at lines 531--531
[]|\OT1/cmtt/m/n/10 surface[]total[]rust[]pct| 
 []


Underfull \hbox (badness 10000) in paragraph at lines 531--531
[]|\OT1/cmr/m/n/10 rust-area re-con-
 []


Underfull \hbox (badness 10000) in paragraph at lines 531--531
\OT1/cmr/m/n/10 struc-tion san-ity
 []


Underfull \hbox (badness 10000) in paragraph at lines 531--531
[]|\OT1/cmr/m/n/10 MAE
 []


Underfull \hbox (badness 10000) in paragraph at lines 531--531
\OT1/cmr/m/n/10 0.000228,
 []


Underfull \hbox (badness 10000) in paragraph at lines 531--531
\OT1/cmr/m/n/10 Spear-man
 []


Underfull \hbox (badness 10000) in paragraph at lines 531--531
\OT1/cmr/m/n/10 0.9996 be-
 []


Underfull \hbox (badness 3009) in paragraph at lines 531--531
\OT1/cmr/m/n/10 tween la-bel
 []


Underfull \hbox (badness 10000) in paragraph at lines 531--531
\OT1/cmr/m/n/10 and ex-
 []


Underfull \hbox (badness 2671) in paragraph at lines 531--531
\OT1/cmr/m/n/10 full sur-face fea-
 []


Underfull \hbox (badness 10000) in paragraph at lines 531--531
[]|\OT1/cmr/m/n/10 Grouped
 []


Underfull \hbox (badness 10000) in paragraph at lines 531--531
\OT1/cmr/m/n/10 grouped
 []


Underfull \hbox (badness 10000) in paragraph at lines 531--531
\OT1/cmr/m/n/10 Spear-
 []


Underfull \hbox (badness 6125) in paragraph at lines 531--531
\OT1/cmr/m/n/10 man 0.992,
 []


Underfull \hbox (badness 10000) in paragraph at lines 531--531
\OT1/cmr/m/n/10 LOCO
 []


Underfull \hbox (badness 10000) in paragraph at lines 531--531
\OT1/cmr/m/n/10 LOCO
 []


Underfull \hbox (badness 10000) in paragraph at lines 531--531
\OT1/cmr/m/n/10 Spear-man
 []


Overfull \hbox (18.33542pt too wide) in paragraph at lines 531--531
[]|\OT1/cmtt/m/n/10 wire[]area[]loss[]frac| 
 []


Underfull \hbox (badness 10000) in paragraph at lines 531--531
[]|\OT1/cmr/m/n/10 CatBoost /
 []


Underfull \hbox (badness 10000) in paragraph at lines 531--531
[]|\OT1/cmr/m/n/10 Grouped
 []


Underfull \hbox (badness 10000) in paragraph at lines 531--531
\OT1/cmr/m/n/10 grouped
 []


Underfull \hbox (badness 10000) in paragraph at lines 531--531
\OT1/cmr/m/n/10 Spear-
 []


Underfull \hbox (badness 6125) in paragraph at lines 531--531
\OT1/cmr/m/n/10 man 0.289,
 []


Underfull \hbox (badness 10000) in paragraph at lines 531--531
\OT1/cmr/m/n/10 LOCO
 []


Underfull \hbox (badness 10000) in paragraph at lines 531--531
\OT1/cmr/m/n/10 LOCO
 []


Underfull \hbox (badness 10000) in paragraph at lines 531--531
\OT1/cmr/m/n/10 Spear-man
 []


Overfull \hbox (4.05556pt too wide) in paragraph at lines 531--531
[]|\OT1/cmtt/m/n/10 ultimate[]load[]kn| 
 []


Underfull \hbox (badness 10000) in paragraph at lines 531--531
[]|\OT1/cmr/m/n/10 Grouped
 []


Underfull \hbox (badness 10000) in paragraph at lines 531--531
\OT1/cmr/m/n/10 grouped
 []


Underfull \hbox (badness 10000) in paragraph at lines 531--531
\OT1/cmr/m/n/10 Spear-
 []


Underfull \hbox (badness 6125) in paragraph at lines 531--531
\OT1/cmr/m/n/10 man 0.778,
 []


Underfull \hbox (badness 10000) in paragraph at lines 531--531
\OT1/cmr/m/n/10 LOCO
 []


Underfull \hbox (badness 10000) in paragraph at lines 531--531
\OT1/cmr/m/n/10 LOCO
 []


Underfull \hbox (badness 10000) in paragraph at lines 531--531
\OT1/cmr/m/n/10 Spear-man
 []

[17 <./outputs/diagnostics/figures/benchmarks/best_model_relative_mae_collapse_
heatmap.png> <./outputs/diagnostics/figures/benchmarks/hidden_damage_best_model
_strategy_robustness.png>]
<outputs/diagnostics/figures/degradation/degradation_raw_vs_monotone_representa
tive.png, id=374, 1072.808pt x 568.524pt>
File: outputs/diagnostics/figures/degradation/degradation_raw_vs_monotone_repre
sentative.png Graphic file (type png)
<use outputs/diagnostics/figures/degradation/degradation_raw_vs_monotone_repres
entative.png>
Package pdftex.def Info: outputs/diagnostics/figures/degradation/degradation_ra
w_vs_monotone_representative.png  used on input line 547.
(pdftex.def)             Requested size: 398.61395pt x 211.24411pt.
 [18]
<outputs/diagnostics/figures/proxy/proxy_threshold_status_counts.png, id=382, 7
11.0565pt x 350.5095pt>
File: outputs/diagnostics/figures/proxy/proxy_threshold_status_counts.png Graph
ic file (type png)
<use outputs/diagnostics/figures/proxy/proxy_threshold_status_counts.png>
Package pdftex.def Info: outputs/diagnostics/figures/proxy/proxy_threshold_stat
us_counts.png  used on input line 560.
(pdftex.def)             Requested size: 398.61395pt x 196.49791pt.
 [19 <./outputs/diagnostics/figures/degradation/degradation_raw_vs_monotone_rep
resentative.png> <./outputs/diagnostics/figures/proxy/proxy_threshold_status_co
unts.png>] [20] [21]
Overfull \hbox (1.91396pt too wide) in paragraph at lines 659--660
[]\OT1/cmr/m/n/10.95 continue analysing fea-ture sub-sets that sep-a-rate image
-derived in-for-ma-tion from campaign-
 []

[22] (./main.aux)
 ***********
LaTeX2e <2025-11-01>
L3 programming layer <2026-01-19>
 ***********
Package rerunfilecheck Info: File `main.out' has not changed.
(rerunfilecheck)             Checksum: 4153FC3C240594D345F8AB187C5BEE2A;8736.
 ) 
Here is how much of TeX's memory you used:
 12017 strings out of 467525
 196302 string characters out of 5418982
 615498 words of memory out of 5000000
 40710 multiletter control sequences out of 15000+600000
 635212 words of font info for 67 fonts, out of 8000000 for 9000
 1141 hyphenation exceptions out of 8191
 75i,11n,79p,1632b,563s stack positions out of 10000i,1000n,20000p,200000b,200000s
</usr/local/texlive/2026/texmf-dist/fonts/type1/public/amsfonts/cm/cmbx10.pfb
></usr/local/texlive/2026/texmf-dist/fonts/type1/public/amsfonts/cm/cmbx12.pfb>
</usr/local/texlive/2026/texmf-dist/fonts/type1/public/amsfonts/cm/cmr10.pfb></
usr/local/texlive/2026/texmf-dist/fonts/type1/public/amsfonts/cm/cmr12.pfb></us
r/local/texlive/2026/texmf-dist/fonts/type1/public/amsfonts/cm/cmsy10.pfb></usr
/local/texlive/2026/texmf-dist/fonts/type1/public/amsfonts/cm/cmti10.pfb></usr/
local/texlive/2026/texmf-dist/fonts/type1/public/amsfonts/cm/cmtt10.pfb></usr/l
ocal/texlive/2026/texmf-dist/fonts/type1/public/amsfonts/cm/cmtt12.pfb></usr/lo
cal/texlive/2026/texmf-dist/fonts/type1/public/cm-super/sfrm1095.pfb>
Output written on main.pdf (23 pages, 1793937 bytes).
PDF statistics:
 485 PDF objects out of 1000 (max. 8388607)
 411 compressed objects within 5 object streams
 84 named destinations out of 1000 (max. 500000)
 426 words of extra memory for PDF output out of 10000 (max. 10000000)

