This is pdfTeX, Version 3.141592653-2.6-1.40.29 (TeX Live 2026) (preloaded format=pdflatex 2026.3.17)  17 MAR 2026 16:48
entering extended mode
 restricted \write18 enabled.
 %&-line parsing enabled.
**main.tex
(./main.tex
LaTeX2e <2025-11-01>
L3 programming layer <2026-01-19>
(/usr/local/texlive/2026/texmf-dist/tex/latex/base/article.cls
Document Class: article 2025/01/22 v1.4n Standard LaTeX document class
(/usr/local/texlive/2026/texmf-dist/tex/latex/base/size11.clo
File: size11.clo 2025/01/22 v1.4n Standard LaTeX file (size option)
)
\c@part=\count275
\c@section=\count276
\c@subsection=\count277
\c@subsubsection=\count278
\c@paragraph=\count279
\c@subparagraph=\count280
\c@figure=\count281
\c@table=\count282
\abovecaptionskip=\skip49
\belowcaptionskip=\skip50
\bibindent=\dimen148
)
(/usr/local/texlive/2026/texmf-dist/tex/latex/base/inputenc.sty
Package: inputenc 2024/02/08 v1.3d Input encoding file
\inpenc@prehook=\toks17
\inpenc@posthook=\toks18
)
(/usr/local/texlive/2026/texmf-dist/tex/latex/base/fontenc.sty
Package: fontenc 2025/07/18 v2.1d Standard LaTeX package
)
(/usr/local/texlive/2026/texmf-dist/tex/latex/geometry/geometry.sty
Package: geometry 2020/01/02 v5.9 Page Geometry

(/usr/local/texlive/2026/texmf-dist/tex/latex/graphics/keyval.sty
Package: keyval 2022/05/29 v1.15 key=value parser (DPC)
\KV@toks@=\toks19
)
(/usr/local/texlive/2026/texmf-dist/tex/generic/iftex/ifvtex.sty
Package: ifvtex 2019/10/25 v1.7 ifvtex legacy package. Use iftex instead.

(/usr/local/texlive/2026/texmf-dist/tex/generic/iftex/iftex.sty
Package: iftex 2024/12/12 v1.0g TeX engine tests
))
\Gm@cnth=\count283
\Gm@cntv=\count284
\c@Gm@tempcnt=\count285
\Gm@bindingoffset=\dimen149
\Gm@wd@mp=\dimen150
\Gm@odd@mp=\dimen151
\Gm@even@mp=\dimen152
\Gm@layoutwidth=\dimen153
\Gm@layoutheight=\dimen154
\Gm@layouthoffset=\dimen155
\Gm@layoutvoffset=\dimen156
\Gm@dimlist=\toks20
)
(/usr/local/texlive/2026/texmf-dist/tex/latex/graphics/graphicx.sty
Package: graphicx 2024/12/31 v1.2e Enhanced LaTeX Graphics (DPC,SPQR)

(/usr/local/texlive/2026/texmf-dist/tex/latex/graphics/graphics.sty
Package: graphics 2024/08/06 v1.4g Standard LaTeX Graphics (DPC,SPQR)

(/usr/local/texlive/2026/texmf-dist/tex/latex/graphics/trig.sty
Package: trig 2023/12/02 v1.11 sin cos tan (DPC)
)
(/usr/local/texlive/2026/texmf-dist/tex/latex/graphics-cfg/graphics.cfg
File: graphics.cfg 2016/06/04 v1.11 sample graphics configuration
)
Package graphics Info: Driver file: pdftex.def on input line 106.

(/usr/local/texlive/2026/texmf-dist/tex/latex/graphics-def/pdftex.def
File: pdftex.def 2025/09/29 v1.2d Graphics/color driver for pdftex
))
\Gin@req@height=\dimen157
\Gin@req@width=\dimen158
)
(/usr/local/texlive/2026/texmf-dist/tex/latex/booktabs/booktabs.sty
Package: booktabs 2020/01/12 v1.61803398 Publication quality tables
\heavyrulewidth=\dimen159
\lightrulewidth=\dimen160
\cmidrulewidth=\dimen161
\belowrulesep=\dimen162
\belowbottomsep=\dimen163
\aboverulesep=\dimen164
\abovetopsep=\dimen165
\cmidrulesep=\dimen166
\cmidrulekern=\dimen167
\defaultaddspace=\dimen168
\@cmidla=\count286
\@cmidlb=\count287
\@aboverulesep=\dimen169
\@belowrulesep=\dimen170
\@thisruleclass=\count288
\@lastruleclass=\count289
\@thisrulewidth=\dimen171
)
(/usr/local/texlive/2026/texmf-dist/tex/latex/tools/longtable.sty
Package: longtable 2025-10-13 v4.24 Multi-page Table package (DPC)
\LTleft=\skip51
\LTright=\skip52
\LTpre=\skip53
\LTpost=\skip54
\LTchunksize=\count290
\LTcapwidth=\dimen172
\LT@head=\box53
\LT@firsthead=\box54
\LT@foot=\box55
\LT@lastfoot=\box56
\LT@gbox=\box57
\LT@cols=\count291
\LT@rows=\count292
\c@LT@tables=\count293
\c@LT@chunks=\count294
\LT@p@ftn=\toks21
)
(/usr/local/texlive/2026/texmf-dist/tex/latex/tools/tabularx.sty
Package: tabularx 2023/12/11 v2.12a `tabularx' package (DPC)

(/usr/local/texlive/2026/texmf-dist/tex/latex/tools/array.sty
Package: array 2025/09/25 v2.6n Tabular extension package (FMi)
\col@sep=\dimen173
\ar@mcellbox=\box58
\extrarowheight=\dimen174
\NC@list=\toks22
\extratabsurround=\skip55
\backup@length=\skip56
\ar@cellbox=\box59
)
\TX@col@width=\dimen175
\TX@old@table=\dimen176
\TX@old@col=\dimen177
\TX@target=\dimen178
\TX@delta=\dimen179
\TX@cols=\count295
\TX@ftn=\toks23
)
(/usr/local/texlive/2026/texmf-dist/tex/latex/float/float.sty
Package: float 2001/11/08 v1.3d Float enhancements (AL)
\c@float@type=\count296
\float@exts=\toks24
\float@box=\box60
\@float@everytoks=\toks25
\@floatcapt=\box61
)
(/usr/local/texlive/2026/texmf-dist/tex/latex/caption/caption.sty
Package: caption 2023/08/05 v3.6o Customizing captions (AR)

(/usr/local/texlive/2026/texmf-dist/tex/latex/caption/caption3.sty
Package: caption3 2023/07/31 v2.4d caption3 kernel (AR)
\caption@tempdima=\dimen180
\captionmargin=\dimen181
\caption@leftmargin=\dimen182
\caption@rightmargin=\dimen183
\caption@width=\dimen184
\caption@indent=\dimen185
\caption@parindent=\dimen186
\caption@hangindent=\dimen187
Package caption Info: Standard document class detected.
)
\c@caption@flags=\count297
\c@continuedfloat=\count298
Package caption Info: float package is loaded.
Package caption Info: longtable package is loaded.

(/usr/local/texlive/2026/texmf-dist/tex/latex/caption/ltcaption.sty
Package: ltcaption 2021/01/08 v1.4c longtable captions (AR)
))
(/usr/local/texlive/2026/texmf-dist/tex/latex/hyperref/hyperref.sty
Package: hyperref 2026-01-29 v7.01p Hypertext links for LaTeX

(/usr/local/texlive/2026/texmf-dist/tex/latex/kvsetkeys/kvsetkeys.sty
Package: kvsetkeys 2022-10-05 v1.19 Key value parser (HO)
)
(/usr/local/texlive/2026/texmf-dist/tex/generic/kvdefinekeys/kvdefinekeys.sty
Package: kvdefinekeys 2019-12-19 v1.6 Define keys (HO)
)
(/usr/local/texlive/2026/texmf-dist/tex/generic/pdfescape/pdfescape.sty
Package: pdfescape 2019/12/09 v1.15 Implements pdfTeX's escape features (HO)

(/usr/local/texlive/2026/texmf-dist/tex/generic/ltxcmds/ltxcmds.sty
Package: ltxcmds 2023-12-04 v1.26 LaTeX kernel commands for general use (HO)
)
(/usr/local/texlive/2026/texmf-dist/tex/generic/pdftexcmds/pdftexcmds.sty
Package: pdftexcmds 2020-06-27 v0.33 Utility functions of pdfTeX for LuaTeX (HO
)

(/usr/local/texlive/2026/texmf-dist/tex/generic/infwarerr/infwarerr.sty
Package: infwarerr 2019/12/03 v1.5 Providing info/warning/error messages (HO)
)
Package pdftexcmds Info: \pdf@primitive is available.
Package pdftexcmds Info: \pdf@ifprimitive is available.
Package pdftexcmds Info: \pdfdraftmode found.
))
(/usr/local/texlive/2026/texmf-dist/tex/latex/hycolor/hycolor.sty
Package: hycolor 2020-01-27 v1.10 Color options for hyperref/bookmark (HO)
)
(/usr/local/texlive/2026/texmf-dist/tex/latex/hyperref/nameref.sty
Package: nameref 2026-01-29 v2.58 Cross-referencing by name of section

(/usr/local/texlive/2026/texmf-dist/tex/latex/refcount/refcount.sty
Package: refcount 2019/12/15 v3.6 Data extraction from label references (HO)
)
(/usr/local/texlive/2026/texmf-dist/tex/generic/gettitlestring/gettitlestring.s
ty
Package: gettitlestring 2019/12/15 v1.6 Cleanup title references (HO)
 (/usr/local/texlive/2026/texmf-dist/tex/latex/kvoptions/kvoptions.sty
Package: kvoptions 2022-06-15 v3.15 Key value format for package options (HO)
))
\c@section@level=\count299
)
(/usr/local/texlive/2026/texmf-dist/tex/latex/etoolbox/etoolbox.sty
Package: etoolbox 2025/10/02 v2.5m e-TeX tools for LaTeX (JAW)
\etb@tempcnta=\count300
)
(/usr/local/texlive/2026/texmf-dist/tex/generic/stringenc/stringenc.sty
Package: stringenc 2019/11/29 v1.12 Convert strings between diff. encodings (HO
)
)
\@linkdim=\dimen188
\Hy@linkcounter=\count301
\Hy@pagecounter=\count302

(/usr/local/texlive/2026/texmf-dist/tex/latex/hyperref/pd1enc.def
File: pd1enc.def 2026-01-29 v7.01p Hyperref: PDFDocEncoding definition (HO)
Now handling font encoding PD1 ...
... no UTF-8 mapping file for font encoding PD1
)
(/usr/local/texlive/2026/texmf-dist/tex/generic/intcalc/intcalc.sty
Package: intcalc 2019/12/15 v1.3 Expandable calculations with integers (HO)
)
\Hy@SavedSpaceFactor=\count303

(/usr/local/texlive/2026/texmf-dist/tex/latex/hyperref/puenc.def
File: puenc.def 2026-01-29 v7.01p Hyperref: PDF Unicode definition (HO)
Now handling font encoding PU ...
... no UTF-8 mapping file for font encoding PU
)
Package hyperref Info: Hyper figures OFF on input line 4201.
Package hyperref Info: Link nesting OFF on input line 4206.
Package hyperref Info: Hyper index ON on input line 4209.
Package hyperref Info: Plain pages OFF on input line 4216.
Package hyperref Info: Backreferencing OFF on input line 4221.
Package hyperref Info: Implicit mode ON; LaTeX internals redefined.
Package hyperref Info: Bookmarks ON on input line 4468.
\c@Hy@tempcnt=\count304

(/usr/local/texlive/2026/texmf-dist/tex/latex/url/url.sty
\Urlmuskip=\muskip17
Package: url 2013/09/16  ver 3.4  Verb mode for urls, etc.
)
LaTeX Info: Redefining \url on input line 4807.
\XeTeXLinkMargin=\dimen189

(/usr/local/texlive/2026/texmf-dist/tex/generic/bitset/bitset.sty
Package: bitset 2019/12/09 v1.3 Handle bit-vector datatype (HO)

(/usr/local/texlive/2026/texmf-dist/tex/generic/bigintcalc/bigintcalc.sty
Package: bigintcalc 2019/12/15 v1.5 Expandable calculations on big integers (HO
)
))
\Fld@menulength=\count305
\Field@Width=\dimen190
\Fld@charsize=\dimen191
Package hyperref Info: Hyper figures OFF on input line 6084.
Package hyperref Info: Link nesting OFF on input line 6089.
Package hyperref Info: Hyper index ON on input line 6092.
Package hyperref Info: backreferencing OFF on input line 6099.
Package hyperref Info: Link coloring OFF on input line 6104.
Package hyperref Info: Link coloring with OCG OFF on input line 6109.
Package hyperref Info: PDF/A mode OFF on input line 6114.
\Hy@abspage=\count306
\c@Item=\count307
\c@Hfootnote=\count308
)
Package hyperref Info: Driver (autodetected): hpdftex.

(/usr/local/texlive/2026/texmf-dist/tex/latex/hyperref/hpdftex.def
File: hpdftex.def 2026-01-29 v7.01p Hyperref driver for pdfTeX
\Fld@listcount=\count309
\c@bookmark@seq@number=\count310

(/usr/local/texlive/2026/texmf-dist/tex/latex/rerunfilecheck/rerunfilecheck.sty
Package: rerunfilecheck 2025-06-21 v1.11 Rerun checks for auxiliary files (HO)

(/usr/local/texlive/2026/texmf-dist/tex/generic/uniquecounter/uniquecounter.sty
Package: uniquecounter 2019/12/15 v1.4 Provide unlimited unique counter (HO)
)
Package uniquecounter Info: New unique counter `rerunfilecheck' on input line 2
84.
)
\Hy@SectionHShift=\skip57
) (/usr/local/texlive/2026/texmf-dist/tex/latex/enumitem/enumitem.sty
Package: enumitem 2025/02/06 v3.11 Customized lists
\labelindent=\skip58
\enit@outerparindent=\dimen192
\enit@toks=\toks26
\enit@inbox=\box62
\enit@count@id=\count311
\enitdp@description=\count312
)
(/usr/local/texlive/2026/texmf-dist/tex/latex/xcolor/xcolor.sty
Package: xcolor 2024/09/29 v3.02 LaTeX color extensions (UK)

(/usr/local/texlive/2026/texmf-dist/tex/latex/graphics-cfg/color.cfg
File: color.cfg 2016/01/02 v1.6 sample color configuration
)
Package xcolor Info: Driver file: pdftex.def on input line 274.

(/usr/local/texlive/2026/texmf-dist/tex/latex/graphics/mathcolor.ltx)
Package xcolor Info: Model `cmy' substituted by `cmy0' on input line 1349.
Package xcolor Info: Model `hsb' substituted by `rgb' on input line 1353.
Package xcolor Info: Model `RGB' extended on input line 1365.
Package xcolor Info: Model `HTML' substituted by `rgb' on input line 1367.
Package xcolor Info: Model `Hsb' substituted by `hsb' on input line 1368.
Package xcolor Info: Model `tHsb' substituted by `hsb' on input line 1369.
Package xcolor Info: Model `HSB' substituted by `hsb' on input line 1370.
Package xcolor Info: Model `Gray' substituted by `gray' on input line 1371.
Package xcolor Info: Model `wave' substituted by `hsb' on input line 1372.
)
(/usr/local/texlive/2026/texmf-dist/tex/latex/l3backend/l3backend-pdftex.def
File: l3backend-pdftex.def 2025-10-09 L3 backend support: PDF output (pdfTeX)
\l__color_backend_stack_int=\count313
)
(./main.aux)
\openout1 = `main.aux'.

LaTeX Font Info:    Checking defaults for OML/cmm/m/it on input line 29.
LaTeX Font Info:    ... okay on input line 29.
LaTeX Font Info:    Checking defaults for OMS/cmsy/m/n on input line 29.
LaTeX Font Info:    ... okay on input line 29.
LaTeX Font Info:    Checking defaults for OT1/cmr/m/n on input line 29.
LaTeX Font Info:    ... okay on input line 29.
LaTeX Font Info:    Checking defaults for T1/cmr/m/n on input line 29.
LaTeX Font Info:    ... okay on input line 29.
LaTeX Font Info:    Checking defaults for TS1/cmr/m/n on input line 29.
LaTeX Font Info:    ... okay on input line 29.
LaTeX Font Info:    Checking defaults for OMX/cmex/m/n on input line 29.
LaTeX Font Info:    ... okay on input line 29.
LaTeX Font Info:    Checking defaults for U/cmr/m/n on input line 29.
LaTeX Font Info:    ... okay on input line 29.
LaTeX Font Info:    Checking defaults for PD1/pdf/m/n on input line 29.
LaTeX Font Info:    ... okay on input line 29.
LaTeX Font Info:    Checking defaults for PU/pdf/m/n on input line 29.
LaTeX Font Info:    ... okay on input line 29.

*geometry* driver: auto-detecting
*geometry* detected driver: pdftex
*geometry* verbose mode - [ preamble ] result:
* driver: pdftex
* paper: a4paper
* layout: <same size as paper>
* layoutoffset:(h,v)=(0.0pt,0.0pt)
* modes: 
* h-part:(L,W,R)=(72.26999pt, 452.9679pt, 72.26999pt)
* v-part:(T,H,B)=(72.26999pt, 700.50687pt, 72.26999pt)
* \paperwidth=597.50787pt
* \paperheight=845.04684pt
* \textwidth=452.9679pt
* \textheight=700.50687pt
* \oddsidemargin=0.0pt
* \evensidemargin=0.0pt
* \topmargin=-37.0pt
* \headheight=12.0pt
* \headsep=25.0pt
* \topskip=11.0pt
* \footskip=30.0pt
* \marginparwidth=59.0pt
* \marginparsep=10.0pt
* \columnsep=10.0pt
* \skip\footins=10.0pt plus 4.0pt minus 2.0pt
* \hoffset=0.0pt
* \voffset=0.0pt
* \mag=1000
* \@twocolumnfalse
* \@twosidefalse
* \@mparswitchfalse
* \@reversemarginfalse
* (1in=72.27pt=25.4mm, 1cm=28.453pt)

(/usr/local/texlive/2026/texmf-dist/tex/context/base/mkii/supp-pdf.mkii
[Loading MPS to PDF converter (version 2006.09.02).]
\scratchcounter=\count314
\scratchdimen=\dimen193
\scratchbox=\box63
\nofMPsegments=\count315
\nofMParguments=\count316
\everyMPshowfont=\toks27
\MPscratchCnt=\count317
\MPscratchDim=\dimen194
\MPnumerator=\count318
\makeMPintoPDFobject=\count319
\everyMPtoPDFconversion=\toks28
) (/usr/local/texlive/2026/texmf-dist/tex/latex/epstopdf-pkg/epstopdf-base.sty
Package: epstopdf-base 2020-01-24 v2.11 Base part for package epstopdf
Package epstopdf-base Info: Redefining graphics rule for `.eps' on input line 4
85.

(/usr/local/texlive/2026/texmf-dist/tex/latex/latexconfig/epstopdf-sys.cfg
File: epstopdf-sys.cfg 2010/07/13 v1.3 Configuration of (r)epstopdf for TeX Liv
e
))
Package caption Info: Begin \AtBeginDocument code.
Package caption Info: hyperref package is loaded.
Package caption Info: End \AtBeginDocument code.
Package hyperref Info: Link coloring OFF on input line 29.

(./main.out) (./main.out)
\@outlinefile=\write3
\openout3 = `main.out'.

LaTeX Font Info:    External font `cmex10' loaded for size
(Font)              <12> on input line 32.
LaTeX Font Info:    External font `cmex10' loaded for size
(Font)              <8> on input line 32.
LaTeX Font Info:    External font `cmex10' loaded for size
(Font)              <6> on input line 32.

Overfull \hbox (11.65324pt too wide) in paragraph at lines 32--32
 [][] 
 []

(./main.toc
LaTeX Font Info:    External font `cmex10' loaded for size
(Font)              <10.95> on input line 2.
 [1

{/usr/local/texlive/2026/texmf-var/fonts/map/pdftex/updmap/pdftex.map}{/usr/loc
al/texlive/2026/texmf-dist/fonts/enc/dvips/cm-super/cm-super-t1.enc}])
\tf@toc=\write4
\openout4 = `main.toc'.

 [2]
LaTeX Font Info:    Font shape `T1/cmtt/bx/n' in size <12> not available
(Font)              Font shape `T1/cmtt/m/n' tried instead on input line 44.

Overfull \hbox (2.27948pt too wide) in paragraph at lines 71--72
[]\T1/cmr/m/n/10.95 No proxy-RUL logic ex-ists in \T1/cmtt/m/n/10.95 main_2\T1/
cmr/m/n/10.95 . There is no threshold-crossing model, no survival/event-
 []

[3

{/usr/local/texlive/2026/texmf-dist/fonts/enc/dvips/cm-super/cm-super-ts1.enc}]

Overfull \hbox (24.87961pt too wide) in paragraph at lines 111--111
[]|\T1/cmtt/m/n/10 main_2/train_phase2.py| 
 []


Overfull \hbox (9.13345pt too wide) in paragraph at lines 111--111
[]|\T1/cmtt/m/n/10 main_2/visualize.py| 
 []


Overfull \hbox (30.12833pt too wide) in paragraph at lines 111--111
[]|\T1/cmtt/m/n/10 main_2/report_writer.py| 
 []


Overfull \hbox (45.87448pt too wide) in paragraph at lines 111--111
[]|\T1/cmtt/m/n/10 main_2/build_pdf_report.py| 
 []


Overfull \hbox (9.13345pt too wide) in paragraph at lines 111--111
[]|\T1/cmtt/m/n/10 main_2/inference.py
 []


Underfull \hbox (badness 10000) in paragraph at lines 111--111
[]|\T1/cmtt/m/n/10 main_2/reports/
 []


Underfull \hbox (badness 10000) in paragraph at lines 111--111
\T1/cmr/m/n/10 and
 []


Overfull \hbox (1.35022pt too wide) in alignment at lines 111--111
[][] 
 []

[4]
Overfull \hbox (42.43132pt too wide) in paragraph at lines 121--122
 []\T1/cmr/bx/n/10.95 Implemented pars-ing logic.[] \T1/cmtt/m/n/10.95 main_2/d
ata.py \T1/cmr/m/n/10.95 reads the Ex-cel file with \T1/cmtt/m/n/10.95 pd.read_
excel(excel_path)\T1/cmr/m/n/10.95 ,
 []


Overfull \hbox (104.15976pt too wide) in paragraph at lines 145--146
\T1/cmr/m/n/10.95 cutable im-age pre-pro-cess-ing is the stan-dard trans-form r
e-turned by \T1/cmtt/m/n/10.95 ResNet18_Weights.IMAGENET1K_V1.transforms()\T1/c
mr/m/n/10.95 ,
 []

[5]
Underfull \hbox (badness 1348) in paragraph at lines 171--172
 []\T1/cmr/bx/n/10.95 Tabular branch.[] \T1/cmtt/m/n/10.95 fit_tabular_preproce
ssor() \T1/cmr/m/n/10.95 splits the con-fig-ured fea-ture list into
 []

[6]
Overfull \hbox (21.66551pt too wide) in paragraph at lines 209--210
 []\T1/cmr/bx/n/10.95 Methodological weak-ness.[] \T1/cmr/m/n/10.95 The code ch
ooses the ``best'' model by sort-ing \T1/cmtt/m/n/10.95 model_comparison.csv
 []


Overfull \hbox (23.87465pt too wide) in paragraph at lines 219--220
\T1/cmr/m/n/10.95 cause \T1/cmtt/m/n/10.95 run_info.json \T1/cmr/m/n/10.95 stor
es ab-so-lute ar-ti-fact paths on an-other ma-chine (\T1/cmtt/m/n/10.95 /Users/
youseffayyaz/...\T1/cmr/m/n/10.95 ).
 []


Underfull \hbox (badness 10000) in paragraph at lines 237--237
[]|\T1/cmr/m/n/10 Current raw work-book
 []


Overfull \hbox (29.19496pt too wide) in paragraph at lines 237--237
\T1/cmtt/m/n/10 Data/Images_Dataset_A-Z.xlsx| 
 []


Underfull \hbox (badness 4805) in paragraph at lines 237--237
[]|\T1/cmr/m/n/10 Current im-age di-rec-tory
 []


Overfull \hbox (18.69753pt too wide) in paragraph at lines 237--237
\T1/cmtt/m/n/10 predictions_best_model.csv| 
 []

[7]
Underfull \hbox (badness 10000) in paragraph at lines 246--247
[]|\T1/cmr/bx/n/10.95 Repository-grounded
 []


Overfull \hbox (11.76172pt too wide) in alignment at lines 244--248
 [] [] [] [] 
 []


Underfull \hbox (badness 10000) in paragraph at lines 250--251
[]|\T1/cmr/bx/n/10.95 Repository-grounded
 []


Overfull \hbox (11.76172pt too wide) in alignment at lines 248--252
 [] [] [] [] 
 []


Underfull \hbox (badness 10000) in paragraph at lines 253--253
\T1/cmr/m/n/10.95 the form specimen-
 []


Underfull \hbox (badness 10000) in paragraph at lines 253--253
\T1/cmr/m/n/10.95 date-weekW in the
 []


Underfull \hbox (badness 10000) in paragraph at lines 253--253
[]|\T1/cmr/m/n/10.95 Original iden-ti-
 []


Underfull \hbox (badness 10000) in paragraph at lines 253--253
\T1/cmr/m/n/10.95 fier in cur-rent
 []


Underfull \hbox (badness 3291) in paragraph at lines 253--254
[]|\T1/cmr/m/n/10.95 Present in the cur-rent
 []


Underfull \hbox (badness 1286) in paragraph at lines 253--254
\T1/cmr/m/n/10.95 though it now con-tains
 []


Underfull \hbox (badness 10000) in paragraph at lines 254--254
[]|\T1/cmr/m/n/10.95 Original meta-
 []


Underfull \hbox (badness 1997) in paragraph at lines 254--254
\T1/cmr/m/n/10.95 data in cur-rent
 []


Underfull \hbox (badness 10000) in paragraph at lines 254--255
[]|\T1/cmr/m/n/10.95 The cur-rent loader
 []


Underfull \hbox (badness 10000) in paragraph at lines 254--255
\T1/cmr/m/n/10.95 wrongly as-sumes this
 []


Underfull \hbox (badness 10000) in paragraph at lines 255--255
[]|\T1/cmr/m/n/10.95 Parsed spec-i-
 []


Underfull \hbox (badness 10000) in paragraph at lines 255--255
\T1/cmr/m/n/10.95 men/material iden-ti-
 []


Underfull \hbox (badness 2521) in paragraph at lines 255--256
\T1/cmtt/m/n/10.95 Sample Name\T1/cmr/m/n/10.95 , not from
 []


Underfull \hbox (badness 1521) in paragraph at lines 256--256
[]|\T1/cmr/m/n/10.95 Parsed cal-en-dar date
 []


Underfull \hbox (badness 7308) in paragraph at lines 256--256
[]|\T1/cmr/m/n/10.95 Derived tem-po-
 []


Underfull \hbox (badness 7308) in paragraph at lines 257--257
[]|\T1/cmr/m/n/10.95 Derived tem-po-
 []


Underfull \hbox (badness 2828) in paragraph at lines 257--257
\T1/cmr/m/n/10.95 ral fea-ture and
 []


Underfull \hbox (badness 10000) in paragraph at lines 258--258
[]|\T1/cmr/m/n/10.95 Derived meta-
 []


Underfull \hbox (badness 1248) in paragraph at lines 258--259
\T1/cmr/m/n/10.95 ar-ti-facts are {D, E, F,
 []


Underfull \hbox (badness 10000) in paragraph at lines 258--259
\T1/cmr/m/n/10.95 rather than cor-ro-sion
 []


Underfull \hbox (badness 1742) in paragraph at lines 259--259
[]|\T1/cmr/m/n/10.95 Original tab-u-lar
 []


Underfull \hbox (badness 2689) in paragraph at lines 259--260
\T1/cmr/m/n/10.95 work-book it is present
 []


Underfull \hbox (badness 1762) in paragraph at lines 260--260
[]|\T1/cmr/m/n/10.95 Treatment code such
 []


Underfull \hbox (badness 5189) in paragraph at lines 260--260
\T1/cmr/m/n/10.95 as \T1/cmtt/m/n/10.95 MI\T1/cmr/m/n/10.95 , \T1/cmtt/m/n/10.9
5 NO\T1/cmr/m/n/10.95 , \T1/cmtt/m/n/10.95 PA\T1/cmr/m/n/10.95 , \T1/cmtt/m/n/1
0.95 SA\T1/cmr/m/n/10.95 ,
 []


Underfull \hbox (badness 10000) in paragraph at lines 260--261
\T1/cmr/m/n/10.95 branch and di-ag-nos-tic
 []


Underfull \hbox (badness 1308) in paragraph at lines 261--261
[]|\T1/cmr/m/n/10.95 Short la-bel group in
 []


Underfull \hbox (badness 10000) in paragraph at lines 261--261
[]|\T1/cmr/m/n/10.95 Original meta-
 []


Underfull \hbox (badness 6725) in paragraph at lines 261--262
[]|\T1/cmr/m/n/10.95 Values in the cur-rent
 []


Underfull \hbox (badness 3746) in paragraph at lines 262--262
\T1/cmr/m/n/10.95 days in the cur-rent
 []


Underfull \hbox (badness 10000) in paragraph at lines 262--262
[]|\T1/cmr/m/n/10.95 Original meta-
 []


Underfull \hbox (badness 10000) in paragraph at lines 262--263
[]|\T1/cmr/m/n/10.95 The code ex-pects
 []


Underfull \hbox (badness 10000) in paragraph at lines 262--263
\T1/cmtt/m/n/10.95 Ageing_Days \T1/cmr/m/n/10.95 with an
 []


Underfull \hbox (badness 10000) in paragraph at lines 262--263
\T1/cmr/m/n/10.95 work-book name does
 []


Underfull \hbox (badness 6775) in paragraph at lines 262--263
\T1/cmr/m/n/10.95 not match the loader
 []


Underfull \hbox (badness 10000) in paragraph at lines 263--263
[]|\T1/cmr/m/n/10.95 Intended nu-
 []


Underfull \hbox (badness 10000) in paragraph at lines 263--263
\T1/cmr/m/n/10.95 meric tab-u-lar
 []


Underfull \hbox (badness 10000) in paragraph at lines 263--264
[]|\T1/cmr/m/n/10.95 Recorded in
 []


Underfull \hbox (badness 10000) in paragraph at lines 263--264
\T1/cmtt/m/n/10.95 BASE_FEATURES \T1/cmr/m/n/10.95 but
 []


Overfull \hbox (54.25371pt too wide) in paragraph at lines 264--264
[]|\T1/cmtt/m/n/10.95 Cover_(Faliure_Surface)_[mm]| 
 []


Underfull \hbox (badness 10000) in paragraph at lines 265--265
[]|\T1/cmr/m/n/10.95 Intended nu-
 []


Underfull \hbox (badness 10000) in paragraph at lines 265--265
\T1/cmr/m/n/10.95 meric tab-u-lar
 []


Underfull \hbox (badness 10000) in paragraph at lines 265--266
[]|\T1/cmr/m/n/10.95 Present in the saved
 []


Underfull \hbox (badness 10000) in paragraph at lines 265--266
\T1/cmr/m/n/10.95 gen-er-ated material-
 []


Underfull \hbox (badness 1502) in paragraph at lines 265--266
\T1/cmr/m/n/10.95 catalog ta-bles, but not
 []


Underfull \hbox (badness 3815) in paragraph at lines 265--266
\T1/cmr/m/n/10.95 rent work-book col-umn.
 []


Underfull \hbox (badness 7759) in paragraph at lines 265--266
\T1/cmr/m/n/10.95 Its cur-rent prove-nance
 []


Overfull \hbox (11.76172pt too wide) in alignment at lines 252--269
 [] [] [] [] 
 []


ignored: Infinite glue shrinkage found in box being split [8]
ignored: Infinite glue shrinkage fou
nd in box being split [9]
Overfull \hbox (23.7548pt too wide) in alignment at lines 273--277
 [] [] [] [] [] 
 []


Overfull \hbox (23.7548pt too wide) in alignment at lines 277--281
 [] [] [] [] [] 
 []


Overfull \hbox (79.14264pt too wide) in paragraph at lines 282--282
[]|\T1/cmtt/m/n/10.95 A_Surface_Total_Rust_Percentage[%]| 
 []


Underfull \hbox (badness 3029) in paragraph at lines 282--283
[]|\T1/cmr/m/n/10.95 Dense across the
 []


Underfull \hbox (badness 10000) in paragraph at lines 282--283
\T1/cmr/m/n/10.95 Mean is 2.85
 []


Underfull \hbox (badness 3009) in paragraph at lines 282--283
\T1/cmr/m/n/10.95 and max-i-mum is
 []


Overfull \hbox (39.53404pt too wide) in paragraph at lines 283--283
[]|\T1/cmtt/m/n/10.95 A_Total_Rust_Category_(1--4)| 
 []


Underfull \hbox (badness 10000) in paragraph at lines 283--284
[]|\T1/cmr/m/n/10.95 Category thresh-
 []


Underfull \hbox (badness 10000) in paragraph at lines 283--284
\T1/cmr/m/n/10.95 olds are not
 []


Overfull \hbox (33.87567pt too wide) in paragraph at lines 284--284
[]|\T1/cmtt/m/n/10.95 B_Peak_Rust_Percentage_[%]| 
 []


Underfull \hbox (badness 10000) in paragraph at lines 284--284
[]|\T1/cmr/m/n/10.95 791/791
 []


Underfull \hbox (badness 6978) in paragraph at lines 284--284
\T1/cmr/m/n/10.95 in cur-rent
 []


Underfull \hbox (badness 10000) in paragraph at lines 284--284
\T1/cmr/m/n/10.95 work-book;
 []


Underfull \hbox (badness 10000) in paragraph at lines 284--284
\T1/cmr/m/n/10.95 792/792
 []


Underfull \hbox (badness 10000) in paragraph at lines 284--284
\T1/cmr/m/n/10.95 in saved
 []


Underfull \hbox (badness 10000) in paragraph at lines 284--284
[]|\T1/cmr/bx/n/10.95 Primary
 []


Underfull \hbox (badness 10000) in paragraph at lines 284--284
\T1/cmr/bx/n/10.95 su-per-
 []


Underfull \hbox (badness 10000) in paragraph at lines 284--284
\T1/cmr/bx/n/10.95 vised
 []


Underfull \hbox (badness 2426) in paragraph at lines 284--285
[]|\T1/cmr/m/n/10.95 This is the only
 []


Underfull \hbox (badness 10000) in paragraph at lines 284--285
\T1/cmr/m/n/10.95 tar-get ac-tu-ally
 []


Underfull \hbox (badness 5119) in paragraph at lines 284--285
\T1/cmr/m/n/10.95 used by \T1/cmtt/m/n/10.95 main_2\T1/cmr/m/n/10.95 .
 []


Underfull \hbox (badness 10000) in paragraph at lines 284--285
\T1/cmr/m/n/10.95 Mean is 6.53
 []


Underfull \hbox (badness 10000) in paragraph at lines 284--285
\T1/cmr/m/n/10.95 and max-i-mum
 []


Underfull \hbox (badness 3579) in paragraph at lines 284--285
\T1/cmr/m/n/10.95 is 80.172 in the
 []


Overfull \hbox (33.87567pt too wide) in paragraph at lines 285--285
[]|\T1/cmtt/m/n/10.95 B_Peak_Rust_Category_(1--4)| 
 []


Underfull \hbox (badness 10000) in paragraph at lines 285--285
[]|\T1/cmr/m/n/10.95 Ordinal cat-e-gory
 []


Underfull \hbox (badness 10000) in paragraph at lines 285--286
[]|\T1/cmr/m/n/10.95 The repos-i-tory
 []


Underfull \hbox (badness 10000) in paragraph at lines 285--286
\T1/cmr/m/n/10.95 nu-mer-i-cal cut-offs
 []


Overfull \hbox (16.90056pt too wide) in paragraph at lines 286--286
[]|\T1/cmtt/m/n/10.95 B_Location_of_Peak_Rus_
 []


Underfull \hbox (badness 1728) in paragraph at lines 286--286
\T1/cmr/m/n/10.95 rust along spec-i-men
 []


Overfull \hbox (107.4345pt too wide) in paragraph at lines 287--287
[]|\T1/cmtt/m/n/10.95 Last_Wire_Area_Loss_(Faliure_Surface)_%| 
 []


Underfull \hbox (badness 6188) in paragraph at lines 287--287
[]|\T1/cmr/m/n/10.95 Terminal wire area
 []


Underfull \hbox (badness 10000) in paragraph at lines 287--287
[]|\T1/cmr/m/n/10.95 Structural
 []


Underfull \hbox (badness 10000) in paragraph at lines 287--287
\T1/cmr/m/n/10.95 end-point,
 []


Underfull \hbox (badness 10000) in paragraph at lines 287--288
\T1/cmr/m/n/10.95 per spec-i-men.
 []


Underfull \hbox (badness 10000) in paragraph at lines 287--288
\T1/cmr/m/n/10.95 Nu-meric val-ues
 []


Underfull \hbox (badness 10000) in paragraph at lines 287--288
\T1/cmr/m/n/10.95 lie in $\OT1/cmr/m/n/10.95 [0\OML/cmm/m/it/10.95 ; \OT1/cmr/m
/n/10.95 0\OML/cmm/m/it/10.95 :\OT1/cmr/m/n/10.95 5698]$
 []


Underfull \hbox (badness 10000) in paragraph at lines 287--288
\T1/cmr/m/n/10.95 de-spite the %
 []


Underfull \hbox (badness 10000) in paragraph at lines 287--288
\T1/cmr/m/n/10.95 this is stored
 []


Underfull \hbox (badness 10000) in paragraph at lines 287--288
\T1/cmr/m/n/10.95 as per-cent-age
 []


Underfull \hbox (badness 10000) in paragraph at lines 287--288
\T1/cmr/m/n/10.95 points or frac-
 []


Underfull \hbox (badness 10000) in paragraph at lines 287--288
\T1/cmr/m/n/10.95 from repos-i-tory
 []


Underfull \hbox (badness 10000) in paragraph at lines 288--288
[]|\T1/cmr/m/n/10.95 Structural
 []


Underfull \hbox (badness 10000) in paragraph at lines 288--288
\T1/cmr/m/n/10.95 end-point,
 []


Underfull \hbox (badness 10000) in paragraph at lines 288--289
\T1/cmr/m/n/10.95 per spec-i-men.
 []


Underfull \hbox (badness 1953) in paragraph at lines 288--289
\T1/cmr/m/n/10.95 Nu-meric range is
 []


Overfull \hbox (23.7548pt too wide) in alignment at lines 281--292
 [] [] [] [] [] 
 []


ignored: Infinite glue shrinkage found in box being split [10]
Underfull \hbox (badness 10000) in paragraph at lines 308--308
[]|\T1/cmr/m/n/10 Structural end-points
 []


Underfull \hbox (badness 10000) in paragraph at lines 308--308
\T1/cmr/m/n/10 (\T1/cmtt/m/n/10 Last_Wire_Area_Loss\T1/cmr/m/n/10 ,
 []


Underfull \hbox (badness 10000) in paragraph at lines 308--308
[]|\T1/cmr/m/n/10 Derived from
 []


Underfull \hbox (badness 5036) in paragraph at lines 329--329
[]|\T1/cmr/bx/n/10 How it is com-
 []


Underfull \hbox (badness 10000) in paragraph at lines 329--329
[]|\T1/cmr/m/n/10 RGB PNG passed
 []


Underfull \hbox (badness 10000) in paragraph at lines 329--329
\T1/cmr/m/n/10 through torchvi-
 []


Underfull \hbox (badness 10000) in paragraph at lines 329--329
\T1/cmr/m/n/10 sion ResNet-18
 []


Underfull \hbox (badness 10000) in paragraph at lines 329--329
\T1/cmr/m/n/10 (\T1/cmtt/m/n/10 IMAGENET1K_V1\T1/cmr/m/n/10 )
 []


Underfull \hbox (badness 1552) in paragraph at lines 329--329
\T1/cmr/m/n/10 with fi-nal FC layer
 []


Underfull \hbox (badness 10000) in paragraph at lines 329--329
[]|\T1/cmr/m/n/10 Median im-pu-ta-tion
 []


Underfull \hbox (badness 10000) in paragraph at lines 329--329
\T1/cmr/m/n/10 and stan-dard-iza-tion
 []


Underfull \hbox (badness 10000) in paragraph at lines 329--329
\T1/cmr/m/n/10 of \T1/cmtt/m/n/10 N_Steel_Mesh\T1/cmr/m/n/10 ,
 []


Overfull \hbox (54.61491pt too wide) in paragraph at lines 329--329
\T1/cmtt/m/n/10 Cover_(Faliure_Surface)_[mm]\T1/cmr/m/n/10 ,
 []


Underfull \hbox (badness 10000) in paragraph at lines 329--329
[]|\T1/cmr/m/n/10 Most-frequent im-
 []


Underfull \hbox (badness 10000) in paragraph at lines 329--329
\T1/cmr/m/n/10 pu-ta-tion plus one-
 []


Underfull \hbox (badness 10000) in paragraph at lines 329--329
\T1/cmr/m/n/10 hot en-cod-ing of
 []


Underfull \hbox (badness 10000) in paragraph at lines 329--329
\T1/cmtt/m/n/10 Treatment \T1/cmr/m/n/10 and
 []


Underfull \hbox (badness 10000) in paragraph at lines 329--329
[]|\T1/cmr/m/n/10 Thresholding of
 []


Underfull \hbox (badness 10000) in paragraph at lines 329--329
\T1/cmr/m/n/10 con-tin-u-ous pre-
 []


Underfull \hbox (badness 10000) in paragraph at lines 329--329
\T1/cmr/m/n/10 dic-tions into
 []


Underfull \hbox (badness 10000) in paragraph at lines 329--329
\T1/cmr/m/n/10 low/medium/high
 []

[11] [12]
Underfull \hbox (badness 10000) in paragraph at lines 363--363
[]|\T1/cmr/bx/n/10.95 Implemented
 []


Overfull \hbox (2.70735pt too wide) in alignment at lines 361--365
 [] [] [] [] 
 []


Underfull \hbox (badness 10000) in paragraph at lines 367--367
[]|\T1/cmr/bx/n/10.95 Implemented
 []


Overfull \hbox (2.70735pt too wide) in alignment at lines 365--369
 [] [] [] [] 
 []


Underfull \hbox (badness 10000) in paragraph at lines 370--370
[]|\T1/cmr/m/n/10.95 Workbook schema
 []


Underfull \hbox (badness 10000) in paragraph at lines 370--370
[]|\T1/cmr/m/n/10.95 The cur-rent work-
 []


Underfull \hbox (badness 1728) in paragraph at lines 370--370
\T1/cmtt/m/n/10.95 Sample Name\T1/cmr/m/n/10.95 , \T1/cmtt/m/n/10.95 Ageing
 []


Underfull \hbox (badness 10000) in paragraph at lines 370--370
\T1/cmtt/m/n/10.95 Days \T1/cmr/m/n/10.95 in-stead of
 []


Underfull \hbox (badness 10000) in paragraph at lines 370--370
[]|\T1/cmr/m/n/10.95 None in-side
 []


Underfull \hbox (badness 10000) in paragraph at lines 370--370
\T1/cmtt/m/n/10.95 main_2\T1/cmr/m/n/10.95 . The
 []


Underfull \hbox (badness 4391) in paragraph at lines 370--370
\T1/cmr/m/n/10.95 re-port must rely
 []


Underfull \hbox (badness 10000) in paragraph at lines 371--371
[]|\T1/cmr/m/n/10.95 Corrupted im-age
 []


Overfull \hbox (7.47873pt too wide) in paragraph at lines 371--371
\T1/cmtt/m/n/10.95 E01-20240508-17W.png\T1/cmr/m/n/10.95 .
 []


Underfull \hbox (badness 10000) in paragraph at lines 371--371
\T1/cmr/m/n/10.95 The saved run
 []


Underfull \hbox (badness 10000) in paragraph at lines 371--371
\T1/cmr/m/n/10.95 records it in
 []


Overfull \hbox (1.82036pt too wide) in paragraph at lines 371--371
\T1/cmtt/m/n/10.95 corrupted_image_ids\T1/cmr/m/n/10.95 .| 
 []


Underfull \hbox (badness 1383) in paragraph at lines 371--371
[]|\T1/cmr/m/n/10.95 Replace its 512-d
 []


Underfull \hbox (badness 1308) in paragraph at lines 371--372
\T1/cmr/m/n/10.95 and pre-dic-tion in the
 []


Underfull \hbox (badness 10000) in paragraph at lines 372--372
[]|\T1/cmr/m/n/10.95 Repeated-measures
 []


Underfull \hbox (badness 10000) in paragraph at lines 372--372
[]|\T1/cmr/m/n/10.95 Each spec-i-men ap-
 []


Underfull \hbox (badness 10000) in paragraph at lines 372--372
\T1/cmr/m/n/10.95 pears over many
 []


Underfull \hbox (badness 2932) in paragraph at lines 372--372
\T1/cmr/m/n/10.95 weeks; ran-dom row-
 []


Underfull \hbox (badness 5637) in paragraph at lines 372--372
\T1/cmr/m/n/10.95 wise split-ting would
 []


Underfull \hbox (badness 10000) in paragraph at lines 372--372
\T1/cmr/m/n/10.95 mix near-duplicate
 []


Underfull \hbox (badness 10000) in paragraph at lines 372--372
[]|\T1/cmr/m/n/10.95 Nested
 []


Overfull \hbox (5.60011pt too wide) in paragraph at lines 372--372
\T1/cmtt/m/n/10.95 GroupShuffleSplit
 []


Underfull \hbox (badness 2302) in paragraph at lines 372--373
\T1/cmr/m/n/10.95 i-men iden-tity is con-
 []


Underfull \hbox (badness 5133) in paragraph at lines 372--373
\T1/cmr/m/n/10.95 trolled, but dis-tri-bu-
 []


Underfull \hbox (badness 10000) in paragraph at lines 373--373
[]|\T1/cmr/m/n/10.95 None be-yond
 []


Underfull \hbox (badness 10000) in paragraph at lines 373--374
[]|\T1/cmr/m/n/10.95 Generalization claims
 []


Underfull \hbox (badness 1931) in paragraph at lines 373--374
\T1/cmr/m/n/10.95 or weakly rep-re-sented
 []


Underfull \hbox (badness 4492) in paragraph at lines 374--374
[]|\T1/cmr/m/n/10.95 Metadata short-cut
 []


Underfull \hbox (badness 10000) in paragraph at lines 374--374
\T1/cmr/m/n/10.95 uses \T1/cmtt/m/n/10.95 week\T1/cmr/m/n/10.95 , \T1/cmtt/m/n/
10.95 series\T1/cmr/m/n/10.95 ,
 []


Underfull \hbox (badness 10000) in paragraph at lines 374--374
\T1/cmtt/m/n/10.95 Treatment\T1/cmr/m/n/10.95 , and
 []


Underfull \hbox (badness 1168) in paragraph at lines 374--374
\T1/cmr/m/n/10.95 in-tended saline in-for-
 []


Underfull \hbox (badness 1052) in paragraph at lines 374--374
\T1/cmr/m/n/10.95 ma-tion. Mul-ti-modal
 []


Underfull \hbox (badness 4120) in paragraph at lines 374--374
\T1/cmr/m/n/10.95 ter than image-only,
 []


Underfull \hbox (badness 10000) in paragraph at lines 374--374
[]|\T1/cmr/m/n/10.95 Compare image-
 []


Underfull \hbox (badness 10000) in paragraph at lines 374--375
[]|\T1/cmr/m/n/10.95 The code does not
 []


Underfull \hbox (badness 10000) in paragraph at lines 374--375
\T1/cmr/m/n/10.95 quan-tify meta-data
 []


Underfull \hbox (badness 10000) in paragraph at lines 374--375
\T1/cmr/m/n/10.95 con-tri-bu-tion cleanly
 []


Underfull \hbox (badness 10000) in paragraph at lines 374--375
\T1/cmr/m/n/10.95 and does not test
 []


Underfull \hbox (badness 10000) in paragraph at lines 374--375
\T1/cmr/m/n/10.95 leave-one-group-out
 []


Underfull \hbox (badness 1546) in paragraph at lines 375--375
[]|\T1/cmr/m/n/10.95 Test-set model se-
 []


Underfull \hbox (badness 10000) in paragraph at lines 375--375
[]|\T1/cmtt/m/n/10.95 train_phase2.py
 []


Underfull \hbox (badness 10000) in paragraph at lines 375--375
\T1/cmr/m/n/10.95 chooses the best
 []


Underfull \hbox (badness 1484) in paragraph at lines 375--375
\T1/cmr/m/n/10.95 model by sort-ing on
 []


Underfull \hbox (badness 10000) in paragraph at lines 375--376
[]|\T1/cmr/m/n/10.95 Reported test per-
 []


Underfull \hbox (badness 10000) in paragraph at lines 375--376
\T1/cmr/m/n/10.95 for-mance is not a
 []


Underfull \hbox (badness 2409) in paragraph at lines 376--376
[]|\T1/cmr/m/n/10.95 Unbounded re-gres-
 []


Overfull \hbox (38.40286pt too wide) in paragraph at lines 376--376
[]|\T1/cmtt/m/n/10.95 predictions_best_model.csv
 []


Underfull \hbox (badness 10000) in paragraph at lines 376--376
\T1/cmr/m/n/10.95 ues, in-clud-ing 13
 []


Underfull \hbox (badness 10000) in paragraph at lines 376--376
\T1/cmr/m/n/10.95 neg-a-tive pre-dic-tions
 []


Underfull \hbox (badness 10000) in paragraph at lines 376--376
[]|\T1/cmr/m/n/10.95 Only the on-line
 []


Underfull \hbox (badness 10000) in paragraph at lines 376--376
\T1/cmr/m/n/10.95 in-fer-ence path
 []


Underfull \hbox (badness 1221) in paragraph at lines 377--377
[]|\T1/cmtt/m/n/10.95 run_info.json \T1/cmr/m/n/10.95 stores
 []


Underfull \hbox (badness 1418) in paragraph at lines 377--377
\T1/cmr/m/n/10.95 ab-so-lute paths un-der
 []


Underfull \hbox (badness 1158) in paragraph at lines 377--377
\T1/cmr/m/n/10.95 API ar-ti-fact fails lo-
 []


Underfull \hbox (badness 10000) in paragraph at lines 377--378
[]|\T1/cmr/m/n/10.95 Deployment can-not
 []


Underfull \hbox (badness 10000) in paragraph at lines 377--378
\T1/cmr/m/n/10.95 be re-pro-duced lo-
 []


Underfull \hbox (badness 6157) in paragraph at lines 377--378
\T1/cmr/m/n/10.95 cally with-out edit-ing
 []


Overfull \hbox (2.70735pt too wide) in alignment at lines 369--381
 [] [] [] [] 
 []


ignored: Infinite glue shrinkage found in box being split [13] [14]
Underfull \hbox (badness 1354) in paragraph at lines 408--409
\T1/cmr/m/n/10.95 cessed meta-data from \T1/cmtt/m/n/10.95 BASE_FEATURES\T1/cmr
/m/n/10.95 : \T1/cmtt/m/n/10.95 N_Steel_Mesh\T1/cmr/m/n/10.95 , \T1/cmtt/m/n/10
.95 Treatment\T1/cmr/m/n/10.95 , \T1/cmtt/m/n/10.95 NaCl%\T1/cmr/m/n/10.95 , \T
1/cmtt/m/n/10.95 Ageing_Days\T1/cmr/m/n/10.95 ,
 []


Underfull \hbox (badness 10000) in paragraph at lines 428--428
[]|\T1/cmr/bx/n/10 Epochs
 []


Underfull \hbox (badness 10000) in paragraph at lines 428--428
[]|\T1/cmr/bx/n/10 Best val
 []


Underfull \hbox (badness 10000) in paragraph at lines 428--428
[]|\T1/cmr/bx/n/10 Test
 []


Underfull \hbox (badness 10000) in paragraph at lines 428--428
[]|\T1/cmr/bx/n/10 Test
 []


Underfull \hbox (badness 2189) in paragraph at lines 428--428
[]|\T1/cmr/m/n/10 512-d im-age em-
 []


Underfull \hbox (badness 3471) in paragraph at lines 428--428
[]|\T1/cmr/m/n/10 image em-bed-ding
 []


Overfull \hbox (38.69348pt too wide) in alignment at lines 428--428
[][][][][][][] 
 []


Underfull \hbox (badness 5161) in paragraph at lines 429--429
[]\T1/cmr/m/n/10.95 Table 8: |Saved model com-par-i-son re-con-structed from \T
1/cmtt/m/n/10.95 training_history.csv \T1/cmr/m/n/10.95 and
 []

[15]
Underfull \hbox (badness 10000) in paragraph at lines 465--465
[]|\T1/cmr/m/n/10 D:72, E:90,
 []


Underfull \hbox (badness 10000) in paragraph at lines 465--465
\T1/cmr/m/n/10 F:72, G:90,
 []


Underfull \hbox (badness 10000) in paragraph at lines 465--465
[]|\T1/cmr/m/n/10 D:18, E:18,
 []


Underfull \hbox (badness 10000) in paragraph at lines 465--465
[]|\T1/cmr/m/n/10 D:18, F:18,
 []

[16]
<reports/figures/00_learning_curves.png, id=407, 986.887pt x 337.26pt>
File: reports/figures/00_learning_curves.png Graphic file (type png)
<use reports/figures/00_learning_curves.png>
Package pdftex.def Info: reports/figures/00_learning_curves.png  used on input 
line 491.
(pdftex.def)             Requested size: 416.72963pt x 142.41501pt.
<reports/figures/02_pred_vs_true_test.png, id=409, 553.6685pt x 554.07pt>
File: reports/figures/02_pred_vs_true_test.png Graphic file (type png)
<use reports/figures/02_pred_vs_true_test.png>
Package pdftex.def Info: reports/figures/02_pred_vs_true_test.png  used on inpu
t line 498.
(pdftex.def)             Requested size: 326.13744pt x 326.3743pt.
 [17 <./reports/figures/00_learning_curves.png>]
<reports/figures/04_residual_vs_week.png, id=416, 697.807pt x 409.53pt>
File: reports/figures/04_residual_vs_week.png Graphic file (type png)
<use reports/figures/04_residual_vs_week.png>
Package pdftex.def Info: reports/figures/04_residual_vs_week.png  used on input
 line 505.
(pdftex.def)             Requested size: 380.49136pt x 223.30502pt.
<reports/figures/10_severity_confusion_matrix.png, id=417, 542.828pt x 409.9315
pt>
File: reports/figures/10_severity_confusion_matrix.png Graphic file (type png)
<use reports/figures/10_severity_confusion_matrix.png>
Package pdftex.def Info: reports/figures/10_severity_confusion_matrix.png  used
 on input line 512.
(pdftex.def)             Requested size: 298.96046pt x 225.76952pt.
 [18 <./reports/figures/02_pred_vs_true_test.png> <./reports/figures/04_residua
l_vs_week.png>]
<reports/figures/per_material/D05_progression.png, id=427, 625.9385pt x 264.99p
t>
File: reports/figures/per_material/D05_progression.png Graphic file (type png)
<use reports/figures/per_material/D05_progression.png>
Package pdftex.def Info: reports/figures/per_material/D05_progression.png  used
 on input line 519.
(pdftex.def)             Requested size: 398.61395pt x 168.76007pt.
 [19 <./reports/figures/10_severity_confusion_matrix.png> <./reports/figures/pe
r_material/D05_progression.png>] [20] [21]
Underfull \hbox (badness 3907) in paragraph at lines 641--641
[]|\T1/cmr/m/n/10 GIMP/BIMP pre-pro-cess-ing
 []


Underfull \hbox (badness 2707) in paragraph at lines 641--641
\T1/cmr/m/n/10 with crop-ping, white bal-
 []


Underfull \hbox (badness 10000) in paragraph at lines 641--641
[]|\T1/cmr/m/n/10 MATLAB RGB-threshold
 []


Underfull \hbox (badness 1087) in paragraph at lines 641--641
[]|\T1/cmr/m/n/10 Not im-ple-mented in \T1/cmtt/m/n/10 main_2\T1/cmr/m/n/10 .
 []


Underfull \hbox (badness 10000) in paragraph at lines 641--641
[]|\T1/cmr/m/n/10 Strip-based quan-tifi-ca-tion
 []


Underfull \hbox (badness 1655) in paragraph at lines 641--641
[]|\T1/cmr/m/n/10 ResNet-50 im-age clas-si-fi-ca-
 []


Underfull \hbox (badness 1038) in paragraph at lines 641--641
\T1/cmr/m/n/10 go-riza-tion into three lev-els
 []


Underfull \hbox (badness 1472) in paragraph at lines 641--641
[]|\T1/cmr/m/n/10 Partially re-pro-duced through
 []

[22] [23] [24] [25] [26] (./main.aux)
 ***********
LaTeX2e <2025-11-01>
L3 programming layer <2026-01-19>
 ***********
Package rerunfilecheck Info: File `main.out' has not changed.
(rerunfilecheck)             Checksum: 2F2676E7306D2881694E0C3FD7B1CC36;12464.
 ) 
Here is how much of TeX's memory you used:
 11964 strings out of 467525
 189752 string characters out of 5418982
 631764 words of memory out of 5000000
 40574 multiletter control sequences out of 15000+600000
 641297 words of font info for 68 fonts, out of 8000000 for 9000
 1141 hyphenation exceptions out of 8191
 75i,11n,79p,727b,595s stack positions out of 10000i,1000n,20000p,200000b,200000s
</usr/local/texlive/2026/texmf-dist/fonts/type1/public/amsfonts/cm/cmmi10.pfb
></usr/local/texlive/2026/texmf-dist/fonts/type1/public/amsfonts/cm/cmr10.pfb><
/usr/local/texlive/2026/texmf-dist/fonts/type1/public/amsfonts/cm/cmr7.pfb></us
r/local/texlive/2026/texmf-dist/fonts/type1/public/amsfonts/cm/cmr8.pfb></usr/l
ocal/texlive/2026/texmf-dist/fonts/type1/public/amsfonts/cm/cmsy10.pfb></usr/lo
cal/texlive/2026/texmf-dist/fonts/type1/public/amsfonts/cm/cmsy8.pfb></usr/loca
l/texlive/2026/texmf-dist/fonts/type1/public/cm-super/sfbi1200.pfb></usr/local/
texlive/2026/texmf-dist/fonts/type1/public/cm-super/sfbx1000.pfb></usr/local/te
xlive/2026/texmf-dist/fonts/type1/public/cm-super/sfbx1095.pfb></usr/local/texl
ive/2026/texmf-dist/fonts/type1/public/cm-super/sfbx1200.pfb></usr/local/texliv
e/2026/texmf-dist/fonts/type1/public/cm-super/sfbx1440.pfb></usr/local/texlive/
2026/texmf-dist/fonts/type1/public/cm-super/sfrm1000.pfb></usr/local/texlive/20
26/texmf-dist/fonts/type1/public/cm-super/sfrm1095.pfb></usr/local/texlive/2026
/texmf-dist/fonts/type1/public/cm-super/sfrm1200.pfb></usr/local/texlive/2026/t
exmf-dist/fonts/type1/public/cm-super/sfrm1728.pfb></usr/local/texlive/2026/tex
mf-dist/fonts/type1/public/cm-super/sfti1095.pfb></usr/local/texlive/2026/texmf
-dist/fonts/type1/public/cm-super/sftt1000.pfb></usr/local/texlive/2026/texmf-d
ist/fonts/type1/public/cm-super/sftt1095.pfb></usr/local/texlive/2026/texmf-dis
t/fonts/type1/public/cm-super/sftt1200.pfb></usr/local/texlive/2026/texmf-dist/
fonts/type1/public/cm-super/sftt1728.pfb>
Output written on main.pdf (26 pages, 977864 bytes).
PDF statistics:
 633 PDF objects out of 1000 (max. 8388607)
 548 compressed objects within 6 object streams
 171 named destinations out of 1000 (max. 500000)
 450 words of extra memory for PDF output out of 10000 (max. 10000000)

