2026-03-25 10:59:05,256 | INFO | Extracting extended RGB+HSV image features for the refocused workflow.
2026-03-25 10:59:53,422 | INFO | Processed 100 / 791 images for feature extraction
2026-03-25 11:00:40,000 | INFO | Processed 200 / 791 images for feature extraction
2026-03-25 11:01:26,162 | INFO | Processed 300 / 791 images for feature extraction
2026-03-25 11:02:10,443 | INFO | Processed 400 / 791 images for feature extraction
2026-03-25 11:02:58,295 | INFO | Processed 500 / 791 images for feature extraction
2026-03-25 11:03:48,843 | INFO | Processed 600 / 791 images for feature extraction
2026-03-25 11:04:34,930 | INFO | Processed 700 / 791 images for feature extraction
2026-03-25 11:05:16,812 | INFO | Building refocused all-weeks modeling table.
2026-03-25 11:05:16,905 | INFO | Running mesh-stratified corrosion-to-load correlations.
2026-03-25 11:05:18,344 | INFO | Building split manifests with specimen-grouped leakage safety.
2026-03-25 11:05:18,788 | INFO | Running pooled grouped-CV model sweep across all candidate models and feature sets.
2026-03-25 11:26:46,194 | INFO | Running pooled leave-one-campaign-out stress-test sweep.
2026-03-25 11:29:02,549 | INFO | Running pooled post-onset sensitivity analysis with the grouped-CV-selected best model per feature set.
2026-03-25 11:31:20,060 | INFO | Running mesh-stratified grouped analyses with grouped-CV-selected best models per feature set.
2026-03-25 11:33:37,391 | INFO | Ultimate-load refocus complete: {'output_root': '/Users/parastoo/All_projects/Proj_corrosion/main_4/outputs/ultimate_load_refocus', 'inventory_path': '/Users/parastoo/All_projects/Proj_corrosion/main_4/outputs/ultimate_load_refocus/output_manifest.csv', 'grouped_comparison_path': '/Users/parastoo/All_projects/Proj_corrosion/main_4/outputs/ultimate_load_refocus/pooled_all_weeks/grouped_cv/model_comparison.csv', 'grouped_feature_set_path': '/Users/parastoo/All_projects/Proj_corrosion/main_4/outputs/ultimate_load_refocus/pooled_all_weeks/grouped_cv/feature_set_comparison.csv', 'summary_path': '/Users/parastoo/All_projects/Proj_corrosion/main_4/outputs/ultimate_load_refocus/summary/ultimate_load_refocus_summary.md', 'best_model_terminal_predictions': '/Users/parastoo/All_projects/Proj_corrosion/main_4/outputs/ultimate_load_refocus/pooled_all_weeks/grouped_cv/best_model_package/terminal_specimen_oof_predictions.csv', 'best_model_all_rows_predictions': '/Users/parastoo/All_projects/Proj_corrosion/main_4/outputs/ultimate_load_refocus/pooled_all_weeks/grouped_cv/best_model_package/all_rows_oof_predictions.csv', 'specimen_manifest_path': '/Users/parastoo/All_projects/Proj_corrosion/main_4/outputs/ultimate_load_refocus/data/specimen_manifest.csv', 'correlation_summary_path': '/Users/parastoo/All_projects/Proj_corrosion/main_4/outputs/ultimate_load_refocus/correlations/mesh_stratified_corrosion_vs_ultimate_load.csv'}
2026-03-25 14:01:33,814 | INFO | Extracting extended RGB+HSV image features for the refocused workflow.
2026-03-25 14:02:21,819 | INFO | Processed 100 / 791 images for feature extraction
2026-03-25 14:03:08,624 | INFO | Processed 200 / 791 images for feature extraction
2026-03-25 14:03:54,820 | INFO | Processed 300 / 791 images for feature extraction
2026-03-25 14:04:39,174 | INFO | Processed 400 / 791 images for feature extraction
2026-03-25 14:05:27,073 | INFO | Processed 500 / 791 images for feature extraction
2026-03-25 14:06:17,779 | INFO | Processed 600 / 791 images for feature extraction
2026-03-25 14:07:04,042 | INFO | Processed 700 / 791 images for feature extraction
2026-03-25 14:07:45,867 | INFO | Building refocused all-weeks modeling table.
2026-03-25 14:07:46,084 | INFO | Running mesh-stratified corrosion-to-load correlations.
2026-03-25 14:07:47,709 | INFO | Building split manifests with specimen-grouped leakage safety.
2026-03-25 14:07:48,166 | INFO | Running pooled grouped-CV model sweep across all candidate models and feature sets.
2026-03-25 14:20:16,660 | INFO | Building specimen-level error audit across the best model from each feature set.
2026-03-25 14:20:17,319 | INFO | Running pooled leave-one-campaign-out stress-test sweep.
2026-03-25 14:21:06,091 | INFO | Running pooled post-onset sensitivity analysis with the grouped-CV-selected best model per feature set.
2026-03-25 14:21:49,914 | INFO | Running mesh-stratified grouped analyses with grouped-CV-selected best models per feature set.
2026-03-25 14:23:01,747 | INFO | Running specimen-summary residual refinement for hard specimen gaps.
2026-03-25 14:23:08,102 | INFO | Ultimate-load refocus complete: {'output_root': '/Users/parastoo/All_projects/Proj_corrosion/main_4/outputs/ultimate_load_refocus', 'inventory_path': '/Users/parastoo/All_projects/Proj_corrosion/main_4/outputs/ultimate_load_refocus/output_manifest.csv', 'grouped_comparison_path': '/Users/parastoo/All_projects/Proj_corrosion/main_4/outputs/ultimate_load_refocus/pooled_all_weeks/grouped_cv/model_comparison.csv', 'grouped_feature_set_path': '/Users/parastoo/All_projects/Proj_corrosion/main_4/outputs/ultimate_load_refocus/pooled_all_weeks/grouped_cv/feature_set_comparison.csv', 'summary_path': '/Users/parastoo/All_projects/Proj_corrosion/main_4/outputs/ultimate_load_refocus/summary/ultimate_load_refocus_summary.md', 'gap_refinement_summary_path': '/Users/parastoo/All_projects/Proj_corrosion/main_4/outputs/ultimate_load_refocus/summary/specimen_gap_refinement_summary.md', 'best_model_terminal_predictions': '/Users/parastoo/All_projects/Proj_corrosion/main_4/outputs/ultimate_load_refocus/pooled_all_weeks/grouped_cv/best_model_package/terminal_specimen_oof_predictions.csv', 'best_model_all_rows_predictions': '/Users/parastoo/All_projects/Proj_corrosion/main_4/outputs/ultimate_load_refocus/pooled_all_weeks/grouped_cv/best_model_package/all_rows_oof_predictions.csv', 'specimen_manifest_path': '/Users/parastoo/All_projects/Proj_corrosion/main_4/outputs/ultimate_load_refocus/data/specimen_manifest.csv', 'correlation_summary_path': '/Users/parastoo/All_projects/Proj_corrosion/main_4/outputs/ultimate_load_refocus/correlations/mesh_stratified_corrosion_vs_ultimate_load.csv'}
