This is pdfTeX, Version 3.141592653-2.6-1.40.29 (TeX Live 2026) (preloaded format=pdflatex 2026.3.17)  16 SEP 2026 00:04
entering extended mode
 restricted \write18 enabled.
 file:line:error style messages enabled.
 %&-line parsing enabled.
**/Users/parastoo/All_projects/Proj_corrosion/corrosion/activity_report/activit
y_report.tex

(/Users/parastoo/All_projects/Proj_corrosion/corrosion/activity_report/activity
_report.tex
LaTeX2e <2025-11-01>
L3 programming layer <2026-01-19>
(/usr/local/texlive/2026/texmf-dist/tex/latex/base/report.cls
Document Class: report 2025/01/22 v1.4n Standard LaTeX document class
(/usr/local/texlive/2026/texmf-dist/tex/latex/base/size11.clo
File: size11.clo 2025/01/22 v1.4n Standard LaTeX file (size option)
)
\c@part=\count275
\c@chapter=\count276
\c@section=\count277
\c@subsection=\count278
\c@subsubsection=\count279
\c@paragraph=\count280
\c@subparagraph=\count281
\c@figure=\count282
\c@table=\count283
\abovecaptionskip=\skip49
\belowcaptionskip=\skip50
\bibindent=\dimen148
)
(/usr/local/texlive/2026/texmf-dist/tex/latex/geometry/geometry.sty
Package: geometry 2020/01/02 v5.9 Page Geometry

(/usr/local/texlive/2026/texmf-dist/tex/latex/graphics/keyval.sty
Package: keyval 2022/05/29 v1.15 key=value parser (DPC)
\KV@toks@=\toks17
)
(/usr/local/texlive/2026/texmf-dist/tex/generic/iftex/ifvtex.sty
Package: ifvtex 2019/10/25 v1.7 ifvtex legacy package. Use iftex instead.

(/usr/local/texlive/2026/texmf-dist/tex/generic/iftex/iftex.sty
Package: iftex 2024/12/12 v1.0g TeX engine tests
))
\Gm@cnth=\count284
\Gm@cntv=\count285
\c@Gm@tempcnt=\count286
\Gm@bindingoffset=\dimen149
\Gm@wd@mp=\dimen150
\Gm@odd@mp=\dimen151
\Gm@even@mp=\dimen152
\Gm@layoutwidth=\dimen153
\Gm@layoutheight=\dimen154
\Gm@layouthoffset=\dimen155
\Gm@layoutvoffset=\dimen156
\Gm@dimlist=\toks18
)
(/usr/local/texlive/2026/texmf-dist/tex/latex/base/inputenc.sty
Package: inputenc 2024/02/08 v1.3d Input encoding file
\inpenc@prehook=\toks19
\inpenc@posthook=\toks20
)
(/usr/local/texlive/2026/texmf-dist/tex/latex/base/fontenc.sty
Package: fontenc 2025/07/18 v2.1d Standard LaTeX package
)
(/usr/local/texlive/2026/texmf-dist/tex/latex/amsmath/amsmath.sty
Package: amsmath 2025/07/09 v2.17z AMS math features
\@mathmargin=\skip51

For additional information on amsmath, use the `?' option.
(/usr/local/texlive/2026/texmf-dist/tex/latex/amsmath/amstext.sty
Package: amstext 2024/11/17 v2.01 AMS text

(/usr/local/texlive/2026/texmf-dist/tex/latex/amsmath/amsgen.sty
File: amsgen.sty 1999/11/30 v2.0 generic functions
\@emptytoks=\toks21
\ex@=\dimen157
))
(/usr/local/texlive/2026/texmf-dist/tex/latex/amsmath/amsbsy.sty
Package: amsbsy 1999/11/29 v1.2d Bold Symbols
\pmbraise@=\dimen158
)
(/usr/local/texlive/2026/texmf-dist/tex/latex/amsmath/amsopn.sty
Package: amsopn 2022/04/08 v2.04 operator names
)
\inf@bad=\count287
LaTeX Info: Redefining \frac on input line 233.
\uproot@=\count288
\leftroot@=\count289
LaTeX Info: Redefining \overline on input line 398.
LaTeX Info: Redefining \colon on input line 409.
\classnum@=\count290
\DOTSCASE@=\count291
LaTeX Info: Redefining \ldots on input line 495.
LaTeX Info: Redefining \dots on input line 498.
LaTeX Info: Redefining \cdots on input line 619.
\Mathstrutbox@=\box53
\strutbox@=\box54
LaTeX Info: Redefining \big on input line 721.
LaTeX Info: Redefining \Big on input line 722.
LaTeX Info: Redefining \bigg on input line 723.
LaTeX Info: Redefining \Bigg on input line 724.
\big@size=\dimen159
LaTeX Font Info:    Redeclaring font encoding OML on input line 742.
LaTeX Font Info:    Redeclaring font encoding OMS on input line 743.
\macc@depth=\count292
LaTeX Info: Redefining \bmod on input line 904.
LaTeX Info: Redefining \pmod on input line 909.
LaTeX Info: Redefining \smash on input line 939.
LaTeX Info: Redefining \relbar on input line 969.
LaTeX Info: Redefining \Relbar on input line 970.
\c@MaxMatrixCols=\count293
\dotsspace@=\muskip17
\c@parentequation=\count294
\dspbrk@lvl=\count295
\tag@help=\toks22
\row@=\count296
\column@=\count297
\maxfields@=\count298
\andhelp@=\toks23
\eqnshift@=\dimen160
\alignsep@=\dimen161
\tagshift@=\dimen162
\tagwidth@=\dimen163
\totwidth@=\dimen164
\lineht@=\dimen165
\@envbody=\toks24
\multlinegap=\skip52
\multlinetaggap=\skip53
\mathdisplay@stack=\toks25
LaTeX Info: Redefining \[ on input line 2950.
LaTeX Info: Redefining \] on input line 2951.
)
(/usr/local/texlive/2026/texmf-dist/tex/latex/amsfonts/amssymb.sty
Package: amssymb 2013/01/14 v3.01 AMS font symbols

(/usr/local/texlive/2026/texmf-dist/tex/latex/amsfonts/amsfonts.sty
Package: amsfonts 2013/01/14 v3.01 Basic AMSFonts support
\symAMSa=\mathgroup4
\symAMSb=\mathgroup5
LaTeX Font Info:    Redeclaring math symbol \hbar on input line 98.
LaTeX Font Info:    Overwriting math alphabet `\mathfrak' in version `bold'
(Font)                  U/euf/m/n --> U/euf/b/n on input line 106.
))
(/usr/local/texlive/2026/texmf-dist/tex/latex/booktabs/booktabs.sty
Package: booktabs 2020/01/12 v1.61803398 Publication quality tables
\heavyrulewidth=\dimen166
\lightrulewidth=\dimen167
\cmidrulewidth=\dimen168
\belowrulesep=\dimen169
\belowbottomsep=\dimen170
\aboverulesep=\dimen171
\abovetopsep=\dimen172
\cmidrulesep=\dimen173
\cmidrulekern=\dimen174
\defaultaddspace=\dimen175
\@cmidla=\count299
\@cmidlb=\count300
\@aboverulesep=\dimen176
\@belowrulesep=\dimen177
\@thisruleclass=\count301
\@lastruleclass=\count302
\@thisrulewidth=\dimen178
)
(/usr/local/texlive/2026/texmf-dist/tex/latex/tools/longtable.sty
Package: longtable 2025-10-13 v4.24 Multi-page Table package (DPC)
\LTleft=\skip54
\LTright=\skip55
\LTpre=\skip56
\LTpost=\skip57
\LTchunksize=\count303
\LTcapwidth=\dimen179
\LT@head=\box55
\LT@firsthead=\box56
\LT@foot=\box57
\LT@lastfoot=\box58
\LT@gbox=\box59
\LT@cols=\count304
\LT@rows=\count305
\c@LT@tables=\count306
\c@LT@chunks=\count307
\LT@p@ftn=\toks26
)
(/usr/local/texlive/2026/texmf-dist/tex/latex/tools/array.sty
Package: array 2025/09/25 v2.6n Tabular extension package (FMi)
\col@sep=\dimen180
\ar@mcellbox=\box60
\extrarowheight=\dimen181
\NC@list=\toks27
\extratabsurround=\skip58
\backup@length=\skip59
\ar@cellbox=\box61
)
(/usr/local/texlive/2026/texmf-dist/tex/latex/graphics/graphicx.sty
Package: graphicx 2024/12/31 v1.2e Enhanced LaTeX Graphics (DPC,SPQR)

(/usr/local/texlive/2026/texmf-dist/tex/latex/graphics/graphics.sty
Package: graphics 2024/08/06 v1.4g Standard LaTeX Graphics (DPC,SPQR)

(/usr/local/texlive/2026/texmf-dist/tex/latex/graphics/trig.sty
Package: trig 2023/12/02 v1.11 sin cos tan (DPC)
)
(/usr/local/texlive/2026/texmf-dist/tex/latex/graphics-cfg/graphics.cfg
File: graphics.cfg 2016/06/04 v1.11 sample graphics configuration
)
Package graphics Info: Driver file: pdftex.def on input line 106.

(/usr/local/texlive/2026/texmf-dist/tex/latex/graphics-def/pdftex.def
File: pdftex.def 2025/09/29 v1.2d Graphics/color driver for pdftex
))
\Gin@req@height=\dimen182
\Gin@req@width=\dimen183
)
(/usr/local/texlive/2026/texmf-dist/tex/latex/pgf/frontendlayer/tikz.sty
(/usr/local/texlive/2026/texmf-dist/tex/latex/pgf/basiclayer/pgf.sty
(/usr/local/texlive/2026/texmf-dist/tex/latex/pgf/utilities/pgfrcs.sty
(/usr/local/texlive/2026/texmf-dist/tex/generic/pgf/utilities/pgfutil-common.te
x
\pgfutil@everybye=\toks28
\pgfutil@tempdima=\dimen184
\pgfutil@tempdimb=\dimen185
)
(/usr/local/texlive/2026/texmf-dist/tex/generic/pgf/utilities/pgfutil-latex.def
\pgfutil@abb=\box62
) (/usr/local/texlive/2026/texmf-dist/tex/generic/pgf/utilities/pgfrcs.code.tex
(/usr/local/texlive/2026/texmf-dist/tex/generic/pgf/pgf.revision.tex)
Package: pgfrcs 2025-08-29 v3.1.11a (3.1.11a)
))
Package: pgf 2025-08-29 v3.1.11a (3.1.11a)

(/usr/local/texlive/2026/texmf-dist/tex/latex/pgf/basiclayer/pgfcore.sty
(/usr/local/texlive/2026/texmf-dist/tex/latex/pgf/systemlayer/pgfsys.sty
(/usr/local/texlive/2026/texmf-dist/tex/generic/pgf/systemlayer/pgfsys.code.tex
Package: pgfsys 2025-08-29 v3.1.11a (3.1.11a)
(/usr/local/texlive/2026/texmf-dist/tex/generic/pgf/utilities/pgfkeys.code.tex
\pgfkeys@pathtoks=\toks29
\pgfkeys@temptoks=\toks30

(/usr/local/texlive/2026/texmf-dist/tex/generic/pgf/utilities/pgfkeyslibraryfil
tered.code.tex
\pgfkeys@tmptoks=\toks31
))
\pgf@x=\dimen186
\pgf@y=\dimen187
\pgf@xa=\dimen188
\pgf@ya=\dimen189
\pgf@xb=\dimen190
\pgf@yb=\dimen191
\pgf@xc=\dimen192
\pgf@yc=\dimen193
\pgf@xd=\dimen194
\pgf@yd=\dimen195
\w@pgf@writea=\write3
\r@pgf@reada=\read2
\c@pgf@counta=\count308
\c@pgf@countb=\count309
\c@pgf@countc=\count310
\c@pgf@countd=\count311
\t@pgf@toka=\toks32
\t@pgf@tokb=\toks33
\t@pgf@tokc=\toks34
\pgf@sys@id@count=\count312

(/usr/local/texlive/2026/texmf-dist/tex/generic/pgf/systemlayer/pgf.cfg
File: pgf.cfg 2025-08-29 v3.1.11a (3.1.11a)
)
Driver file for pgf: pgfsys-pdftex.def

(/usr/local/texlive/2026/texmf-dist/tex/generic/pgf/systemlayer/pgfsys-pdftex.d
ef
File: pgfsys-pdftex.def 2025-08-29 v3.1.11a (3.1.11a)

(/usr/local/texlive/2026/texmf-dist/tex/generic/pgf/systemlayer/pgfsys-common-p
df.def
File: pgfsys-common-pdf.def 2025-08-29 v3.1.11a (3.1.11a)
)))
(/usr/local/texlive/2026/texmf-dist/tex/generic/pgf/systemlayer/pgfsyssoftpath.
code.tex
File: pgfsyssoftpath.code.tex 2025-08-29 v3.1.11a (3.1.11a)
\pgfsyssoftpath@smallbuffer@items=\count313
\pgfsyssoftpath@bigbuffer@items=\count314
)
(/usr/local/texlive/2026/texmf-dist/tex/generic/pgf/systemlayer/pgfsysprotocol.
code.tex
File: pgfsysprotocol.code.tex 2025-08-29 v3.1.11a (3.1.11a)
)) (/usr/local/texlive/2026/texmf-dist/tex/latex/xcolor/xcolor.sty
Package: xcolor 2024/09/29 v3.02 LaTeX color extensions (UK)

(/usr/local/texlive/2026/texmf-dist/tex/latex/graphics-cfg/color.cfg
File: color.cfg 2016/01/02 v1.6 sample color configuration
)
Package xcolor Info: Driver file: pdftex.def on input line 274.

(/usr/local/texlive/2026/texmf-dist/tex/latex/graphics/mathcolor.ltx)
Package xcolor Info: Model `cmy' substituted by `cmy0' on input line 1349.
Package xcolor Info: Model `hsb' substituted by `rgb' on input line 1353.
Package xcolor Info: Model `RGB' extended on input line 1365.
Package xcolor Info: Model `HTML' substituted by `rgb' on input line 1367.
Package xcolor Info: Model `Hsb' substituted by `hsb' on input line 1368.
Package xcolor Info: Model `tHsb' substituted by `hsb' on input line 1369.
Package xcolor Info: Model `HSB' substituted by `hsb' on input line 1370.
Package xcolor Info: Model `Gray' substituted by `gray' on input line 1371.
Package xcolor Info: Model `wave' substituted by `hsb' on input line 1372.
)
(/usr/local/texlive/2026/texmf-dist/tex/generic/pgf/basiclayer/pgfcore.code.tex
Package: pgfcore 2025-08-29 v3.1.11a (3.1.11a)
(/usr/local/texlive/2026/texmf-dist/tex/generic/pgf/math/pgfmath.code.tex
(/usr/local/texlive/2026/texmf-dist/tex/generic/pgf/math/pgfmathutil.code.tex)
(/usr/local/texlive/2026/texmf-dist/tex/generic/pgf/math/pgfmathparser.code.tex
\pgfmath@dimen=\dimen196
\pgfmath@count=\count315
\pgfmath@box=\box63
\pgfmath@toks=\toks35
\pgfmath@stack@operand=\toks36
\pgfmath@stack@operation=\toks37
)
(/usr/local/texlive/2026/texmf-dist/tex/generic/pgf/math/pgfmathfunctions.code.
tex)
(/usr/local/texlive/2026/texmf-dist/tex/generic/pgf/math/pgfmathfunctions.basic
.code.tex)
(/usr/local/texlive/2026/texmf-dist/tex/generic/pgf/math/pgfmathfunctions.trigo
nometric.code.tex)
(/usr/local/texlive/2026/texmf-dist/tex/generic/pgf/math/pgfmathfunctions.rando
m.code.tex)
(/usr/local/texlive/2026/texmf-dist/tex/generic/pgf/math/pgfmathfunctions.compa
rison.code.tex)
(/usr/local/texlive/2026/texmf-dist/tex/generic/pgf/math/pgfmathfunctions.base.
code.tex)
(/usr/local/texlive/2026/texmf-dist/tex/generic/pgf/math/pgfmathfunctions.round
.code.tex)
(/usr/local/texlive/2026/texmf-dist/tex/generic/pgf/math/pgfmathfunctions.misc.
code.tex)
(/usr/local/texlive/2026/texmf-dist/tex/generic/pgf/math/pgfmathfunctions.integ
erarithmetics.code.tex)
(/usr/local/texlive/2026/texmf-dist/tex/generic/pgf/math/pgfmathcalc.code.tex)
(/usr/local/texlive/2026/texmf-dist/tex/generic/pgf/math/pgfmathfloat.code.tex
\c@pgfmathroundto@lastzeros=\count316
)) (/usr/local/texlive/2026/texmf-dist/tex/generic/pgf/math/pgfint.code.tex)
(/usr/local/texlive/2026/texmf-dist/tex/generic/pgf/basiclayer/pgfcorepoints.co
de.tex
File: pgfcorepoints.code.tex 2025-08-29 v3.1.11a (3.1.11a)
\pgf@picminx=\dimen197
\pgf@picmaxx=\dimen198
\pgf@picminy=\dimen199
\pgf@picmaxy=\dimen256
\pgf@pathminx=\dimen257
\pgf@pathmaxx=\dimen258
\pgf@pathminy=\dimen259
\pgf@pathmaxy=\dimen260
\pgf@xx=\dimen261
\pgf@xy=\dimen262
\pgf@yx=\dimen263
\pgf@yy=\dimen264
\pgf@zx=\dimen265
\pgf@zy=\dimen266
)
(/usr/local/texlive/2026/texmf-dist/tex/generic/pgf/basiclayer/pgfcorepathconst
ruct.code.tex
File: pgfcorepathconstruct.code.tex 2025-08-29 v3.1.11a (3.1.11a)
\pgf@path@lastx=\dimen267
\pgf@path@lasty=\dimen268
)
(/usr/local/texlive/2026/texmf-dist/tex/generic/pgf/basiclayer/pgfcorepathusage
.code.tex
File: pgfcorepathusage.code.tex 2025-08-29 v3.1.11a (3.1.11a)
\pgf@shorten@end@additional=\dimen269
\pgf@shorten@start@additional=\dimen270
)
(/usr/local/texlive/2026/texmf-dist/tex/generic/pgf/basiclayer/pgfcorescopes.co
de.tex
File: pgfcorescopes.code.tex 2025-08-29 v3.1.11a (3.1.11a)
\pgfpic=\box64
\pgf@hbox=\box65
\pgf@layerbox@main=\box66
\pgf@picture@serial@count=\count317
)
(/usr/local/texlive/2026/texmf-dist/tex/generic/pgf/basiclayer/pgfcoregraphicst
ate.code.tex
File: pgfcoregraphicstate.code.tex 2025-08-29 v3.1.11a (3.1.11a)
\pgflinewidth=\dimen271
)
(/usr/local/texlive/2026/texmf-dist/tex/generic/pgf/basiclayer/pgfcoretransform
ations.code.tex
File: pgfcoretransformations.code.tex 2025-08-29 v3.1.11a (3.1.11a)
\pgf@pt@x=\dimen272
\pgf@pt@y=\dimen273
\pgf@pt@temp=\dimen274
)
(/usr/local/texlive/2026/texmf-dist/tex/generic/pgf/basiclayer/pgfcorequick.cod
e.tex
File: pgfcorequick.code.tex 2025-08-29 v3.1.11a (3.1.11a)
)
(/usr/local/texlive/2026/texmf-dist/tex/generic/pgf/basiclayer/pgfcoreobjects.c
ode.tex
File: pgfcoreobjects.code.tex 2025-08-29 v3.1.11a (3.1.11a)
)
(/usr/local/texlive/2026/texmf-dist/tex/generic/pgf/basiclayer/pgfcorepathproce
ssing.code.tex
File: pgfcorepathprocessing.code.tex 2025-08-29 v3.1.11a (3.1.11a)
)
(/usr/local/texlive/2026/texmf-dist/tex/generic/pgf/basiclayer/pgfcorearrows.co
de.tex
File: pgfcorearrows.code.tex 2025-08-29 v3.1.11a (3.1.11a)
\pgfarrowsep=\dimen275
)
(/usr/local/texlive/2026/texmf-dist/tex/generic/pgf/basiclayer/pgfcoreshade.cod
e.tex
File: pgfcoreshade.code.tex 2025-08-29 v3.1.11a (3.1.11a)
\pgf@max=\dimen276
\pgf@sys@shading@range@num=\count318
\pgf@shadingcount=\count319
)
(/usr/local/texlive/2026/texmf-dist/tex/generic/pgf/basiclayer/pgfcoreimage.cod
e.tex
File: pgfcoreimage.code.tex 2025-08-29 v3.1.11a (3.1.11a)
)
(/usr/local/texlive/2026/texmf-dist/tex/generic/pgf/basiclayer/pgfcoreexternal.
code.tex
File: pgfcoreexternal.code.tex 2025-08-29 v3.1.11a (3.1.11a)
\pgfexternal@startupbox=\box67
)
(/usr/local/texlive/2026/texmf-dist/tex/generic/pgf/basiclayer/pgfcorelayers.co
de.tex
File: pgfcorelayers.code.tex 2025-08-29 v3.1.11a (3.1.11a)
)
(/usr/local/texlive/2026/texmf-dist/tex/generic/pgf/basiclayer/pgfcoretranspare
ncy.code.tex
File: pgfcoretransparency.code.tex 2025-08-29 v3.1.11a (3.1.11a)
)
(/usr/local/texlive/2026/texmf-dist/tex/generic/pgf/basiclayer/pgfcorepatterns.
code.tex
File: pgfcorepatterns.code.tex 2025-08-29 v3.1.11a (3.1.11a)
)
(/usr/local/texlive/2026/texmf-dist/tex/generic/pgf/basiclayer/pgfcorerdf.code.
tex
File: pgfcorerdf.code.tex 2025-08-29 v3.1.11a (3.1.11a)
)))
(/usr/local/texlive/2026/texmf-dist/tex/generic/pgf/modules/pgfmoduleshapes.cod
e.tex
File: pgfmoduleshapes.code.tex 2025-08-29 v3.1.11a (3.1.11a)
\pgfnodeparttextbox=\box68
)
(/usr/local/texlive/2026/texmf-dist/tex/generic/pgf/modules/pgfmoduleplot.code.
tex
File: pgfmoduleplot.code.tex 2025-08-29 v3.1.11a (3.1.11a)
)
(/usr/local/texlive/2026/texmf-dist/tex/latex/pgf/compatibility/pgfcomp-version
-0-65.sty
Package: pgfcomp-version-0-65 2025-08-29 v3.1.11a (3.1.11a)
\pgf@nodesepstart=\dimen277
\pgf@nodesepend=\dimen278
)
(/usr/local/texlive/2026/texmf-dist/tex/latex/pgf/compatibility/pgfcomp-version
-1-18.sty
Package: pgfcomp-version-1-18 2025-08-29 v3.1.11a (3.1.11a)
))
(/usr/local/texlive/2026/texmf-dist/tex/latex/pgf/utilities/pgffor.sty
(/usr/local/texlive/2026/texmf-dist/tex/latex/pgf/utilities/pgfkeys.sty
(/usr/local/texlive/2026/texmf-dist/tex/generic/pgf/utilities/pgfkeys.code.tex)
) (/usr/local/texlive/2026/texmf-dist/tex/latex/pgf/math/pgfmath.sty
(/usr/local/texlive/2026/texmf-dist/tex/generic/pgf/math/pgfmath.code.tex))
(/usr/local/texlive/2026/texmf-dist/tex/generic/pgf/utilities/pgffor.code.tex
Package: pgffor 2025-08-29 v3.1.11a (3.1.11a)
\pgffor@iter=\dimen279
\pgffor@skip=\dimen280
\pgffor@stack=\toks38
\pgffor@toks=\toks39
))
(/usr/local/texlive/2026/texmf-dist/tex/generic/pgf/frontendlayer/tikz/tikz.cod
e.tex
Package: tikz 2025-08-29 v3.1.11a (3.1.11a)

(/usr/local/texlive/2026/texmf-dist/tex/generic/pgf/libraries/pgflibraryplothan
dlers.code.tex
File: pgflibraryplothandlers.code.tex 2025-08-29 v3.1.11a (3.1.11a)
\pgf@plot@mark@count=\count320
\pgfplotmarksize=\dimen281
)
\tikz@lastx=\dimen282
\tikz@lasty=\dimen283
\tikz@lastxsaved=\dimen284
\tikz@lastysaved=\dimen285
\tikz@lastmovetox=\dimen286
\tikz@lastmovetoy=\dimen287
\tikzleveldistance=\dimen288
\tikzsiblingdistance=\dimen289
\tikz@figbox=\box69
\tikz@figbox@bg=\box70
\tikz@tempbox=\box71
\tikz@tempbox@bg=\box72
\tikztreelevel=\count321
\tikznumberofchildren=\count322
\tikznumberofcurrentchild=\count323
\tikz@fig@count=\count324

(/usr/local/texlive/2026/texmf-dist/tex/generic/pgf/modules/pgfmodulematrix.cod
e.tex
File: pgfmodulematrix.code.tex 2025-08-29 v3.1.11a (3.1.11a)
\pgfmatrixcurrentrow=\count325
\pgfmatrixcurrentcolumn=\count326
\pgf@matrix@numberofcolumns=\count327
)
\tikz@expandcount=\count328

(/usr/local/texlive/2026/texmf-dist/tex/generic/pgf/frontendlayer/tikz/librarie
s/tikzlibrarytopaths.code.tex
File: tikzlibrarytopaths.code.tex 2025-08-29 v3.1.11a (3.1.11a)
)))
(/usr/local/texlive/2026/texmf-dist/tex/generic/pgf/libraries/pgflibraryarrows.
meta.code.tex
File: pgflibraryarrows.meta.code.tex 2025-08-29 v3.1.11a (3.1.11a)
\pgfarrowinset=\dimen290
\pgfarrowlength=\dimen291
\pgfarrowwidth=\dimen292
\pgfarrowlinewidth=\dimen293
)
(/usr/local/texlive/2026/texmf-dist/tex/generic/pgf/frontendlayer/tikz/librarie
s/tikzlibrarypositioning.code.tex
File: tikzlibrarypositioning.code.tex 2025-08-29 v3.1.11a (3.1.11a)
)
(/usr/local/texlive/2026/texmf-dist/tex/generic/pgf/frontendlayer/tikz/librarie
s/tikzlibraryfit.code.tex
File: tikzlibraryfit.code.tex 2025-08-29 v3.1.11a (3.1.11a)
)
(/usr/local/texlive/2026/texmf-dist/tex/generic/pgf/frontendlayer/tikz/librarie
s/tikzlibrarybackgrounds.code.tex
File: tikzlibrarybackgrounds.code.tex 2025-08-29 v3.1.11a (3.1.11a)
\pgf@layerbox@background=\box73
\pgf@layerboxsaved@background=\box74
)
(/usr/local/texlive/2026/texmf-dist/tex/latex/hyperref/hyperref.sty
Package: hyperref 2026-01-29 v7.01p Hypertext links for LaTeX

(/usr/local/texlive/2026/texmf-dist/tex/latex/kvsetkeys/kvsetkeys.sty
Package: kvsetkeys 2022-10-05 v1.19 Key value parser (HO)
)
(/usr/local/texlive/2026/texmf-dist/tex/generic/kvdefinekeys/kvdefinekeys.sty
Package: kvdefinekeys 2019-12-19 v1.6 Define keys (HO)
)
(/usr/local/texlive/2026/texmf-dist/tex/generic/pdfescape/pdfescape.sty
Package: pdfescape 2019/12/09 v1.15 Implements pdfTeX's escape features (HO)

(/usr/local/texlive/2026/texmf-dist/tex/generic/ltxcmds/ltxcmds.sty
Package: ltxcmds 2023-12-04 v1.26 LaTeX kernel commands for general use (HO)
)
(/usr/local/texlive/2026/texmf-dist/tex/generic/pdftexcmds/pdftexcmds.sty
Package: pdftexcmds 2020-06-27 v0.33 Utility functions of pdfTeX for LuaTeX (HO
)

(/usr/local/texlive/2026/texmf-dist/tex/generic/infwarerr/infwarerr.sty
Package: infwarerr 2019/12/03 v1.5 Providing info/warning/error messages (HO)
)
Package pdftexcmds Info: \pdf@primitive is available.
Package pdftexcmds Info: \pdf@ifprimitive is available.
Package pdftexcmds Info: \pdfdraftmode found.
))
(/usr/local/texlive/2026/texmf-dist/tex/latex/hycolor/hycolor.sty
Package: hycolor 2020-01-27 v1.10 Color options for hyperref/bookmark (HO)
)
(/usr/local/texlive/2026/texmf-dist/tex/latex/hyperref/nameref.sty
Package: nameref 2026-01-29 v2.58 Cross-referencing by name of section

(/usr/local/texlive/2026/texmf-dist/tex/latex/refcount/refcount.sty
Package: refcount 2019/12/15 v3.6 Data extraction from label references (HO)
)
(/usr/local/texlive/2026/texmf-dist/tex/generic/gettitlestring/gettitlestring.s
ty
Package: gettitlestring 2019/12/15 v1.6 Cleanup title references (HO)
 (/usr/local/texlive/2026/texmf-dist/tex/latex/kvoptions/kvoptions.sty
Package: kvoptions 2022-06-15 v3.15 Key value format for package options (HO)
))
\c@section@level=\count329
)
(/usr/local/texlive/2026/texmf-dist/tex/latex/etoolbox/etoolbox.sty
Package: etoolbox 2025/10/02 v2.5m e-TeX tools for LaTeX (JAW)
\etb@tempcnta=\count330
)
(/usr/local/texlive/2026/texmf-dist/tex/generic/stringenc/stringenc.sty
Package: stringenc 2019/11/29 v1.12 Convert strings between diff. encodings (HO
)
)
\@linkdim=\dimen294
\Hy@linkcounter=\count331
\Hy@pagecounter=\count332

(/usr/local/texlive/2026/texmf-dist/tex/latex/hyperref/pd1enc.def
File: pd1enc.def 2026-01-29 v7.01p Hyperref: PDFDocEncoding definition (HO)
Now handling font encoding PD1 ...
... no UTF-8 mapping file for font encoding PD1
)
(/usr/local/texlive/2026/texmf-dist/tex/generic/intcalc/intcalc.sty
Package: intcalc 2019/12/15 v1.3 Expandable calculations with integers (HO)
)
\Hy@SavedSpaceFactor=\count333

(/usr/local/texlive/2026/texmf-dist/tex/latex/hyperref/puenc.def
File: puenc.def 2026-01-29 v7.01p Hyperref: PDF Unicode definition (HO)
Now handling font encoding PU ...
... no UTF-8 mapping file for font encoding PU
)
Package hyperref Info: Option `colorlinks' set `true' on input line 4072.
Package hyperref Info: Hyper figures OFF on input line 4201.
Package hyperref Info: Link nesting OFF on input line 4206.
Package hyperref Info: Hyper index ON on input line 4209.
Package hyperref Info: Plain pages OFF on input line 4216.
Package hyperref Info: Backreferencing OFF on input line 4221.
Package hyperref Info: Implicit mode ON; LaTeX internals redefined.
Package hyperref Info: Bookmarks ON on input line 4468.
\c@Hy@tempcnt=\count334

(/usr/local/texlive/2026/texmf-dist/tex/latex/url/url.sty
\Urlmuskip=\muskip18
Package: url 2013/09/16  ver 3.4  Verb mode for urls, etc.
)
LaTeX Info: Redefining \url on input line 4807.
\XeTeXLinkMargin=\dimen295

(/usr/local/texlive/2026/texmf-dist/tex/generic/bitset/bitset.sty
Package: bitset 2019/12/09 v1.3 Handle bit-vector datatype (HO)

(/usr/local/texlive/2026/texmf-dist/tex/generic/bigintcalc/bigintcalc.sty
Package: bigintcalc 2019/12/15 v1.5 Expandable calculations on big integers (HO
)
))
\Fld@menulength=\count335
\Field@Width=\dimen296
\Fld@charsize=\dimen297
Package hyperref Info: Hyper figures OFF on input line 6084.
Package hyperref Info: Link nesting OFF on input line 6089.
Package hyperref Info: Hyper index ON on input line 6092.
Package hyperref Info: backreferencing OFF on input line 6099.
Package hyperref Info: Link coloring ON on input line 6102.
Package hyperref Info: Link coloring with OCG OFF on input line 6109.
Package hyperref Info: PDF/A mode OFF on input line 6114.
\Hy@abspage=\count336
\c@Item=\count337
\c@Hfootnote=\count338
)
Package hyperref Info: Driver (autodetected): hpdftex.

(/usr/local/texlive/2026/texmf-dist/tex/latex/hyperref/hpdftex.def
File: hpdftex.def 2026-01-29 v7.01p Hyperref driver for pdfTeX
\Fld@listcount=\count339
\c@bookmark@seq@number=\count340

(/usr/local/texlive/2026/texmf-dist/tex/latex/rerunfilecheck/rerunfilecheck.sty
Package: rerunfilecheck 2025-06-21 v1.11 Rerun checks for auxiliary files (HO)

(/usr/local/texlive/2026/texmf-dist/tex/generic/uniquecounter/uniquecounter.sty
Package: uniquecounter 2019/12/15 v1.4 Provide unlimited unique counter (HO)
)
Package uniquecounter Info: New unique counter `rerunfilecheck' on input line 2
84.
)
\Hy@SectionHShift=\skip60
) (/usr/local/texlive/2026/texmf-dist/tex/latex/natbib/natbib.sty
Package: natbib 2010/09/13 8.31b (PWD, AO)
\bibhang=\skip61
\bibsep=\skip62
LaTeX Info: Redefining \cite on input line 694.
\c@NAT@ctr=\count341
)
(/usr/local/texlive/2026/texmf-dist/tex/latex/caption/caption.sty
Package: caption 2023/08/05 v3.6o Customizing captions (AR)

(/usr/local/texlive/2026/texmf-dist/tex/latex/caption/caption3.sty
Package: caption3 2023/07/31 v2.4d caption3 kernel (AR)
\caption@tempdima=\dimen298
\captionmargin=\dimen299
\caption@leftmargin=\dimen300
\caption@rightmargin=\dimen301
\caption@width=\dimen302
\caption@indent=\dimen303
\caption@parindent=\dimen304
\caption@hangindent=\dimen305
Package caption Info: Standard document class detected.
)
\c@caption@flags=\count342
\c@continuedfloat=\count343
Package caption Info: hyperref package is loaded.
Package caption Info: longtable package is loaded.

(/usr/local/texlive/2026/texmf-dist/tex/latex/caption/ltcaption.sty
Package: ltcaption 2021/01/08 v1.4c longtable captions (AR)
))
(/usr/local/texlive/2026/texmf-dist/tex/latex/siunitx/siunitx.sty
Package: siunitx 2025-07-09 v3.4.14 A comprehensive (SI) units package
\l__siunitx_number_uncert_offset_int=\count344
\l__siunitx_number_exponent_fixed_int=\count345
\l__siunitx_number_min_decimal_int=\count346
\l__siunitx_number_min_integer_int=\count347
\l__siunitx_number_round_precision_int=\count348
\l__siunitx_number_lower_threshold_int=\count349
\l__siunitx_number_upper_threshold_int=\count350
\l__siunitx_number_group_first_int=\count351
\l__siunitx_number_group_size_int=\count352
\l__siunitx_number_group_minimum_int=\count353
\l__siunitx_angle_tmp_dim=\dimen306
\l__siunitx_angle_marker_box=\box75
\l__siunitx_angle_unit_box=\box76
\l__siunitx_compound_count_int=\count354

(/usr/local/texlive/2026/texmf-dist/tex/latex/translations/translations.sty
Package: translations 2022/02/05 v1.12 internationalization of LaTeX2e packages
 (CN)
)
\l__siunitx_table_tmp_box=\box77
\l__siunitx_table_tmp_dim=\dimen307
\l__siunitx_table_column_width_dim=\dimen308
\l__siunitx_table_integer_box=\box78
\l__siunitx_table_decimal_box=\box79
\l__siunitx_table_uncert_box=\box80
\l__siunitx_table_before_box=\box81
\l__siunitx_table_after_box=\box82
\l__siunitx_table_before_dim=\dimen309
\l__siunitx_table_carry_dim=\dimen310
\l__siunitx_unit_tmp_int=\count355
\l__siunitx_unit_position_int=\count356
\l__siunitx_unit_total_int=\count357
)
(/usr/local/texlive/2026/texmf-dist/tex/latex/placeins/placeins.sty
Package: placeins 2005/04/18  v 2.2
)
Package translations Info: No language package found. I am going to use `englis
h' as default language. on input line 32.

(/usr/local/texlive/2026/texmf-dist/tex/latex/l3backend/l3backend-pdftex.def
File: l3backend-pdftex.def 2025-10-09 L3 backend support: PDF output (pdfTeX)
\l__color_backend_stack_int=\count358
)
(/Users/parastoo/All_projects/Proj_corrosion/corrosion/out/activity_report.aux
(/Users/parastoo/All_projects/Proj_corrosion/corrosion/out/chapters/01_introduc
tion.aux)
(/Users/parastoo/All_projects/Proj_corrosion/corrosion/out/chapters/02_dataset_
context_audit.aux)
(/Users/parastoo/All_projects/Proj_corrosion/corrosion/out/chapters/03_methodol
ogical_framework.aux)
(/Users/parastoo/All_projects/Proj_corrosion/corrosion/out/chapters/04_research
_and_development_activities.aux)
(/Users/parastoo/All_projects/Proj_corrosion/corrosion/out/chapters/05_integrat
ed_results_and_comparative_analysis.aux)
(/Users/parastoo/All_projects/Proj_corrosion/corrosion/out/chapters/06_scientif
ic_interpretation_and_research_decisions.aux)
(/Users/parastoo/All_projects/Proj_corrosion/corrosion/out/chapters/07_software
_engineering_and_reproducibility.aux)
(/Users/parastoo/All_projects/Proj_corrosion/corrosion/out/chapters/08_limitati
ons.aux)
(/Users/parastoo/All_projects/Proj_corrosion/corrosion/out/chapters/09_current_
status_and_remaining_work.aux)
(/Users/parastoo/All_projects/Proj_corrosion/corrosion/out/chapters/10_conclusi
ons_and_next_steps.aux))
\openout1 = `activity_report.aux'.

LaTeX Font Info:    Checking defaults for OML/cmm/m/it on input line 32.
LaTeX Font Info:    ... okay on input line 32.
LaTeX Font Info:    Checking defaults for OMS/cmsy/m/n on input line 32.
LaTeX Font Info:    ... okay on input line 32.
LaTeX Font Info:    Checking defaults for OT1/cmr/m/n on input line 32.
LaTeX Font Info:    ... okay on input line 32.
LaTeX Font Info:    Checking defaults for T1/cmr/m/n on input line 32.
LaTeX Font Info:    ... okay on input line 32.
LaTeX Font Info:    Checking defaults for TS1/cmr/m/n on input line 32.
LaTeX Font Info:    ... okay on input line 32.
LaTeX Font Info:    Checking defaults for OMX/cmex/m/n on input line 32.
LaTeX Font Info:    ... okay on input line 32.
LaTeX Font Info:    Checking defaults for U/cmr/m/n on input line 32.
LaTeX Font Info:    ... okay on input line 32.
LaTeX Font Info:    Checking defaults for PD1/pdf/m/n on input line 32.
LaTeX Font Info:    ... okay on input line 32.
LaTeX Font Info:    Checking defaults for PU/pdf/m/n on input line 32.
LaTeX Font Info:    ... okay on input line 32.

*geometry* driver: auto-detecting
*geometry* detected driver: pdftex
*geometry* verbose mode - [ preamble ] result:
* driver: pdftex
* paper: a4paper
* layout: <same size as paper>
* layoutoffset:(h,v)=(0.0pt,0.0pt)
* modes: 
* h-part:(L,W,R)=(71.13188pt, 455.24411pt, 71.13188pt)
* v-part:(T,H,B)=(71.13188pt, 702.78308pt, 71.13188pt)
* \paperwidth=597.50787pt
* \paperheight=845.04684pt
* \textwidth=455.24411pt
* \textheight=702.78308pt
* \oddsidemargin=-1.1381pt
* \evensidemargin=-1.1381pt
* \topmargin=-38.1381pt
* \headheight=12.0pt
* \headsep=25.0pt
* \topskip=11.0pt
* \footskip=30.0pt
* \marginparwidth=50.0pt
* \marginparsep=10.0pt
* \columnsep=10.0pt
* \skip\footins=10.0pt plus 4.0pt minus 2.0pt
* \hoffset=0.0pt
* \voffset=0.0pt
* \mag=1000
* \@twocolumnfalse
* \@twosidefalse
* \@mparswitchfalse
* \@reversemarginfalse
* (1in=72.27pt=25.4mm, 1cm=28.453pt)

(/usr/local/texlive/2026/texmf-dist/tex/context/base/mkii/supp-pdf.mkii
[Loading MPS to PDF converter (version 2006.09.02).]
\scratchcounter=\count359
\scratchdimen=\dimen311
\scratchbox=\box83
\nofMPsegments=\count360
\nofMParguments=\count361
\everyMPshowfont=\toks40
\MPscratchCnt=\count362
\MPscratchDim=\dimen312
\MPnumerator=\count363
\makeMPintoPDFobject=\count364
\everyMPtoPDFconversion=\toks41
) (/usr/local/texlive/2026/texmf-dist/tex/latex/epstopdf-pkg/epstopdf-base.sty
Package: epstopdf-base 2020-01-24 v2.11 Base part for package epstopdf
Package epstopdf-base Info: Redefining graphics rule for `.eps' on input line 4
85.

(/usr/local/texlive/2026/texmf-dist/tex/latex/latexconfig/epstopdf-sys.cfg
File: epstopdf-sys.cfg 2010/07/13 v1.3 Configuration of (r)epstopdf for TeX Liv
e
))
Package hyperref Info: Link coloring ON on input line 32.

(/Users/parastoo/All_projects/Proj_corrosion/corrosion/out/activity_report.out)
(/Users/parastoo/All_projects/Proj_corrosion/corrosion/out/activity_report.out)
\@outlinefile=\write4
\openout4 = `activity_report.out'.

Package caption Info: Begin \AtBeginDocument code.
Package caption Info: End \AtBeginDocument code.

(/usr/local/texlive/2026/texmf-dist/tex/latex/translations/translations-basic-d
ictionary-english.trsl
File: translations-basic-dictionary-english.trsl (english translation file `tra
nslations-basic-dictionary')
)
Package translations Info: loading dictionary `translations-basic-dictionary' f
or `english'. on input line 32.
LaTeX Font Info:    Trying to load font information for U+msa on input line 38.


(/usr/local/texlive/2026/texmf-dist/tex/latex/amsfonts/umsa.fd
File: umsa.fd 2013/01/14 v3.01 AMS symbols A
)
LaTeX Font Info:    Trying to load font information for U+msb on input line 38.


(/usr/local/texlive/2026/texmf-dist/tex/latex/amsfonts/umsb.fd
File: umsb.fd 2013/01/14 v3.01 AMS symbols B
) [1

{/usr/local/texlive/2026/texmf-var/fonts/map/pdftex/updmap/pdftex.map}{/usr/loc
al/texlive/2026/texmf-dist/fonts/enc/dvips/cm-super/cm-super-t1.enc}]
(./frontmatter/abstract.tex) (./frontmatter/executive_summary.tex
pdfTeX warning (ext4): destination with the same identifier (name{page.1}) has 
been already used, duplicate ignored
<to be read again> 
                   \relax 
l.1 \chapter
            *{Executive Summary} [1

] [2

]) [3]
(/Users/parastoo/All_projects/Proj_corrosion/corrosion/out/activity_report.toc
[4

] [5])
\tf@toc=\write5
\openout5 = `activity_report.toc'.

 [6]
\openout2 = `chapters/01_introduction.aux'.

 (./chapters/01_introduction.tex
Chapter 1.
[7


] [8]
Overfull \hbox (10.5765pt too wide) in paragraph at lines 165--169
[]\T1/cmr/bx/n/10.95 (F) \T1/cmr/m/n/10.95 Pre-pared a leakage-safe, specimen-g
rouped, re-pro-ducible dataset and aug-men-ta-tion pipeline
 []

) [9]
\openout2 = `chapters/02_dataset_context_audit.aux'.

 (./chapters/02_dataset_context_audit.tex
Chapter 2.
[10




] [11]
Underfull \hbox (badness 10000) in paragraph at lines 172--172
[]|\T1/cmr/m/n/10.95 B. Spec-i-
 []


Underfull \hbox (badness 10000) in paragraph at lines 172--172
\T1/cmr/m/n/10.95 men/exposure
 []


Underfull \hbox (badness 5592) in paragraph at lines 172--173
[]|\T1/cmr/m/n/10.95 Campaign, treat-ment, steel-
 []


Underfull \hbox (badness 6893) in paragraph at lines 172--173
\T1/cmr/m/n/10.95 mesh con-fig-u-ra-tion, chlo-ride
 []


Underfull \hbox (badness 10000) in paragraph at lines 173--174
[]|\T1/cmr/m/n/10.95 Per spec-i-
 []


Underfull \hbox (badness 10000) in paragraph at lines 173--174
\T1/cmr/m/n/10.95 vari-ables);
 []


Underfull \hbox (badness 10000) in paragraph at lines 173--174
\T1/cmr/m/n/10.95 per im-age
 []


Underfull \hbox (badness 10000) in paragraph at lines 175--175
[]|\T1/cmr/m/n/10.95 C. Visible-
 []


Underfull \hbox (badness 10000) in paragraph at lines 176--179
\T1/cmr/m/n/10.95 category counts:
 []


Underfull \hbox (badness 10000) in paragraph at lines 176--179
\T1/cmr/m/n/10.95 category counts:
 []


Underfull \hbox (badness 10000) in paragraph at lines 179--179
[]|\T1/cmr/m/n/10.95 D. Struc-tural
 []


Underfull \hbox (badness 2980) in paragraph at lines 179--179
\T1/cmr/m/n/10.95 end-point mea-
 []


Underfull \hbox (badness 10000) in paragraph at lines 179--180
[]|\T1/cmr/m/n/10.95 Per spec-i-
 []


Underfull \hbox (badness 10000) in paragraph at lines 179--180
\T1/cmr/m/n/10.95 ter-mi-nal
 []


Underfull \hbox (badness 10000) in paragraph at lines 179--180
\T1/cmr/m/n/10.95 ob-ser-va-
 []

[12]
Underfull \hbox (badness 1248) in paragraph at lines 270--270
[]|\T1/cmr/m/n/10.95 Derived screen-ing
 []

(./figures/fig_2_1_dataset_supervision_schematic.tex) [13] [14]
Underfull \hbox (badness 10000) in paragraph at lines 360--360
[]|\T1/cmr/m/n/10.95 Deep-embedding
 []


Underfull \hbox (badness 10000) in paragraph at lines 364--365
[]|\T1/cmr/m/n/10.95 Current canon-i-cal
 []


Underfull \hbox (badness 10000) in paragraph at lines 364--365
\T1/cmr/m/n/10.95 phase (adopted
 []


Underfull \hbox (badness 10000) in paragraph at lines 364--365
\T1/cmr/m/n/10.95 tion/augmentation
 []


Underfull \hbox (badness 1082) in paragraph at lines 365--367
[]|\T1/cmr/m/n/10.95 Row ex-cluded by an ex-plicit
 []


Underfull \hbox (badness 10000) in paragraph at lines 365--367
\T1/cmr/m/n/10.95 align-ment/readability pol-icy
 []


Underfull \hbox (badness 10000) in paragraph at lines 409--409
[]|\T1/cmr/m/n/10.95 Row-count
 []


Underfull \hbox (badness 10000) in paragraph at lines 409--409
[]|\T1/cmr/m/n/10.95 Total-rust cat-e-
 []


Underfull \hbox (badness 10000) in paragraph at lines 409--411
[]|\T1/cmr/m/n/10.95 Peak-rust cat-e-
 []


Underfull \hbox (badness 10000) in paragraph at lines 412--412
[]|\T1/cmr/m/n/10.95 Interpretable multi-
 []


Underfull \hbox (badness 10000) in paragraph at lines 412--412
\T1/cmr/m/n/10.95 family fea-ture phase
 []


Underfull \hbox (badness 10000) in paragraph at lines 412--412
[]|\T1/cmr/m/n/10.95 792 (im-
 []


Underfull \hbox (badness 10000) in paragraph at lines 415--416
[]|\T1/cmr/m/n/10.95 791
 []

[15] [16{/usr/local/texlive/2026/texmf-dist/fonts/enc/dvips/cm-super/cm-super-t
s1.enc}]) [17]
\openout2 = `chapters/03_methodological_framework.aux'.

 (./chapters/03_methodological_framework.tex
Chapter 3.
[18




] (./figures/fig_3_1_specimen_splitting.tex) [19]
Underfull \hbox (badness 10000) in paragraph at lines 156--156
[]|\T1/cmr/m/n/10.95 Grouped spec-i-men
 []


Underfull \hbox (badness 10000) in paragraph at lines 156--156
[]|\T1/cmr/m/n/10.95 Random sub-set of
 []


Underfull \hbox (badness 10000) in paragraph at lines 158--158
[]|\T1/cmr/m/n/10.95 Leave-one-treatment-
 []


Underfull \hbox (badness 10000) in paragraph at lines 160--160
[]|\T1/cmr/m/n/10.95 Leave-one-campaign-
 []

(./figures/fig_3_2_evaluation_regimes.tex) [20] [21] [22]
Underfull \hbox (badness 1596) in paragraph at lines 280--282
\T1/cmr/m/n/10.95 feature-importance di-ag-nos-tics; used across most
 []


Underfull \hbox (badness 10000) in paragraph at lines 291--291
[]|\T1/cmr/m/n/10.95 Multilayer per-cep-tron
 []


Underfull \hbox (badness 2277) in paragraph at lines 294--294
[]|\T1/cmr/m/n/10.95 Pretrained con-vo-lu-tional
 []


Underfull \hbox (badness 4954) in paragraph at lines 297--297
[]|\T1/cmr/m/n/10.95 Degradation-curve mod-
 []

[23] [24]) [25]
\openout2 = `chapters/04_research_and_development_activities.aux'.

 (./chapters/04_research_and_development_activities.tex
Chapter 4.
[26




]
Overfull \hbox (4.58037pt too wide) in paragraph at lines 72--82
[]\T1/cmr/bx/n/10.95 Progression mod-elling \T1/cmr/m/n/10.95 pre-dicted the sa
me current-week rust tar-get from spec-i-men/exposure
 []


Underfull \hbox (badness 10000) in paragraph at lines 104--104
[]|\T1/cmr/m/n/10.95 Gradient
 []


Underfull \hbox (badness 1939) in paragraph at lines 105--105
[]|\T1/cmr/m/n/10.95 Threshold-timing (weeks
 []

[27]
Overfull \hbox (11.82309pt too wide) in paragraph at lines 152--158
[]\T1/cmr/m/n/10.95 Two con-fig-u-ra-tions were com-pared: an image-only re-gre
s-sor con-sum-ing only the 512-dimensional
 []

<figures/fig_4_1_main2_image_only_vs_multimodal.png, id=780, 542.025pt x 245.71
8pt>
File: figures/fig_4_1_main2_image_only_vs_multimodal.png Graphic file (type png
)
<use figures/fig_4_1_main2_image_only_vs_multimodal.png>
Package pdftex.def Info: figures/fig_4_1_main2_image_only_vs_multimodal.png  us
ed on input line 175.
(pdftex.def)             Requested size: 386.96027pt x 175.42833pt.
<figures/fig_4_2_main2_residual_vs_week.png, id=783, 697.807pt x 409.53pt>
File: figures/fig_4_2_main2_residual_vs_week.png Graphic file (type png)
<use figures/fig_4_2_main2_residual_vs_week.png>
Package pdftex.def Info: figures/fig_4_2_main2_residual_vs_week.png  used on in
put line 196.
(pdftex.def)             Requested size: 341.43307pt x 200.384pt.
[28] [29 <./figures/fig_4_1_main2_image_only_vs_multimodal.png> <./figures/fig_
4_2_main2_residual_vs_week.png>]
Overfull \hbox (22.15674pt too wide) in paragraph at lines 222--222
[]\T1/cmr/bx/n/14.4 Interpretable Cor-ro-sion Quan-tifi-ca-tion and Structural-
Condition
 []

[30]
Overfull \hbox (9.5525pt too wide) in paragraph at lines 354--354
[]|\T1/cmr/m/n/10.95 ExtraTrees| 
 []

<figures/fig_4_3_main3_robustness_by_regime.png, id=814, 542.025pt x 289.08pt>
File: figures/fig_4_3_main3_robustness_by_regime.png Graphic file (type png)
<use figures/fig_4_3_main3_robustness_by_regime.png>
Package pdftex.def Info: figures/fig_4_3_main3_robustness_by_regime.png  used o
n input line 361.
(pdftex.def)             Requested size: 386.96027pt x 206.38626pt.
[31] [32] [33 <./figures/fig_4_3_main3_robustness_by_regime.png>]
<figures/fig_4_4_main3_proxy_rul_histogram.png, id=837, 697.807pt x 337.26pt>
File: figures/fig_4_4_main3_proxy_rul_histogram.png Graphic file (type png)
<use figures/fig_4_4_main3_proxy_rul_histogram.png>
Package pdftex.def Info: figures/fig_4_4_main3_proxy_rul_histogram.png  used on
 input line 468.
(pdftex.def)             Requested size: 327.7763pt x 158.41959pt.
 [34 <./figures/fig_4_4_main3_proxy_rul_histogram.png>]
Overfull \hbox (7.6468pt too wide) in paragraph at lines 553--554
[]|\T1/cmr/m/n/10.95 Spearman| 
 []


Underfull \hbox (badness 3635) in paragraph at lines 561--561
[]|\T1/cmr/m/n/10.95 Wire-area-loss frac-tion
 []


Underfull \hbox (badness 3635) in paragraph at lines 562--562
[]|\T1/cmr/m/n/10.95 Wire-area-loss frac-tion
 []


Underfull \hbox (badness 10000) in paragraph at lines 564--564
[]|\T1/cmr/m/n/10.95 Ultimate load, kN
 []


Underfull \hbox (badness 10000) in paragraph at lines 565--565
[]|\T1/cmr/m/n/10.95 Ultimate load, kN
 []

<figures/fig_4_5_main4_relative_mae_collapse_heatmap.png, id=851, 548.8505pt x 
349.7065pt>
File: figures/fig_4_5_main4_relative_mae_collapse_heatmap.png Graphic file (typ
e png)
<use figures/fig_4_5_main4_relative_mae_collapse_heatmap.png>
Package pdftex.def Info: figures/fig_4_5_main4_relative_mae_collapse_heatmap.pn
g  used on input line 572.
(pdftex.def)             Requested size: 341.43307pt x 217.54681pt.
[35 <./figures/fig_4_5_main4_relative_mae_collapse_heatmap.png>] [36]
Overfull \hbox (3.14616pt too wide) in paragraph at lines 667--667
[]|\T1/cmr/m/n/10.95 Features| 
 []


Overfull \hbox (10.49182pt too wide) in paragraph at lines 667--668
[]|\T1/cmr/m/n/10.95 Spearman| 
 []


Underfull \hbox (badness 4403) in paragraph at lines 671--671
[]|\T1/cmr/m/n/10.95 Metadata + RGB +
 []


Overfull \hbox (5.13681pt too wide) in paragraph at lines 671--671
[]|\T1/cmr/m/n/10.95 CatBoost| 
 []


Overfull \hbox (5.13681pt too wide) in paragraph at lines 673--673
[]|\T1/cmr/m/n/10.95 CatBoost| 
 []


Overfull \hbox (5.13681pt too wide) in paragraph at lines 674--674
[]|\T1/cmr/m/n/10.95 CatBoost| 
 []


Overfull \hbox (5.13681pt too wide) in paragraph at lines 675--675
[]|\T1/cmr/m/n/10.95 CatBoost| 
 []

[37]
<figures/fig_4_6_mesh_stratified_corrosion_vs_load.png, id=875, 758.835pt x 245
.718pt>
File: figures/fig_4_6_mesh_stratified_corrosion_vs_load.png Graphic file (type 
png)
<use figures/fig_4_6_mesh_stratified_corrosion_vs_load.png>
Package pdftex.def Info: figures/fig_4_6_mesh_stratified_corrosion_vs_load.png 
 used on input line 736.
(pdftex.def)             Requested size: 432.48051pt x 140.04196pt.
 [38] [39 <./figures/fig_4_6_mesh_stratified_corrosion_vs_load.png>])
[40]
\openout2 = `chapters/05_integrated_results_and_comparative_analysis.aux'.

 (./chapters/05_integrated_results_and_comparative_analysis.tex
Chapter 5.
[41




] [42]
Overfull \hbox (4.9737pt too wide) in paragraph at lines 200--209
[]\T1/cmr/m/n/10.95 The deep-embedding phase com-pared only an image-only and a
 com-bined image-plus-metadata
 []

[43]
<figures/fig_5_1_robustness_synthesis.png, id=950, 614.295pt x 317.988pt>
File: figures/fig_5_1_robustness_synthesis.png Graphic file (type png)
<use figures/fig_5_1_robustness_synthesis.png>
Package pdftex.def Info: figures/fig_5_1_robustness_synthesis.png  used on inpu
t line 265.
(pdftex.def)             Requested size: 282.24911pt x 146.10641pt.

./chapters/05_integrated_results_and_comparative_analysis.tex:285: Argument of 
\caption@ydblarg has an extra }.
<inserted text> 
                \par 
l.285 phase.}
             
I've run across a `}' that doesn't seem to match anything.
For example, `\def\a#1{...}' and `\a}' would produce
this error. If you simply proceed now, the `\par' that
I've just inserted will cause me to report a runaway
argument that might be the root of the problem. But if
your `}' was spurious, just type `2' and it will go away.

Runaway argument?
{\@caption \@captype }{\@xfootnote }\def \reserved@b {\stepcounter \@mpfn \ETC.
./chapters/05_integrated_results_and_comparative_analysis.tex:285: Paragraph en
ded before \caption@ydblarg was complete.
<to be read again> 
                   \par 
l.285 phase.}
             
I suspect you've forgotten a `}', causing me to apply this
control sequence to too much text. How can we recover?
My plan is to forget the whole thing and hope for the best.

[44] [45 <./figures/fig_5_1_robustness_synthesis.png>]
Underfull \hbox (badness 10000) in paragraph at lines 385--386
[]|\T1/cmr/m/n/10 Interpretable-feature
 []


Underfull \hbox (badness 1082) in paragraph at lines 385--386
\T1/cmr/m/n/10 same tar-get fam-ily,
 []


Underfull \hbox (badness 10000) in paragraph at lines 390--391
\T1/cmr/m/n/10 interpretable-feature
 []


Underfull \hbox (badness 10000) in paragraph at lines 390--391
\T1/cmr/m/n/10 phase, current-
 []


Underfull \hbox (badness 10000) in paragraph at lines 394--395
[]|\T1/cmr/m/n/10 Interpretable-feature
 []


Underfull \hbox (badness 1314) in paragraph at lines 394--395
\T1/cmr/m/n/10 phase vs. terminal-
 []


Underfull \hbox (badness 5970) in paragraph at lines 394--395
\T1/cmr/m/n/10 load-focused phase,
 []


Underfull \hbox (badness 8132) in paragraph at lines 395--395
[]|\T1/cmr/m/n/10 Not com-pared nu-
 []


Underfull \hbox (badness 5260) in paragraph at lines 395--398
[]|\T1/cmr/m/n/10 Different fea-ture sets, splits, and
 []


Underfull \hbox (badness 10000) in paragraph at lines 398--398
[]|\T1/cmr/m/n/10 Deep-embedding
 []


Underfull \hbox (badness 1314) in paragraph at lines 398--398
\T1/cmr/m/n/10 phase vs. terminal-
 []


Underfull \hbox (badness 5970) in paragraph at lines 398--398
\T1/cmr/m/n/10 load-focused phase,
 []


Underfull \hbox (badness 8132) in paragraph at lines 398--399
[]|\T1/cmr/m/n/10 Not com-pared nu-
 []


Underfull \hbox (badness 1418) in paragraph at lines 399--402
[]|\T1/cmr/m/n/10 Different tar-gets (current-week peak
 []


Underfull \hbox (badness 4132) in paragraph at lines 402--402
[]|\T1/cmr/m/n/10 First-generation vs.
 []


Underfull \hbox (badness 10000) in paragraph at lines 402--402
\T1/cmr/m/n/10 second-generation
 []


Underfull \hbox (badness 10000) in paragraph at lines 402--403
[]|\T1/cmr/m/n/10 Qualitative (both
 []


Underfull \hbox (badness 10000) in paragraph at lines 402--403
\T1/cmr/m/n/10 sup-port the same
 []


Underfull \hbox (badness 10000) in paragraph at lines 407--408
[]|\T1/cmr/m/n/10 Historical five-
 []


Underfull \hbox (badness 10000) in paragraph at lines 407--408
\T1/cmr/m/n/10 class clas-si-fi-ca-tion
 []


Underfull \hbox (badness 10000) in paragraph at lines 407--408
\T1/cmr/m/n/10 (interpretable-
 []


Underfull \hbox (badness 6944) in paragraph at lines 407--408
\T1/cmr/m/n/10 feature phase) vs.
 []


Underfull \hbox (badness 10000) in paragraph at lines 407--408
\T1/cmr/m/n/10 cur-rent four-class
 []


Underfull \hbox (badness 1275) in paragraph at lines 408--411
\T1/cmr/m/n/10 the cur-rent branch has no trained-
 []

[46] [47]
Underfull \hbox (badness 10000) in paragraph at lines 425--425
[]|\T1/cmr/m/n/9 Evidence
 []


Underfull \hbox (badness 10000) in paragraph at lines 427--427
[]|\T1/cmr/m/n/9 Visible sur-face
 []


Underfull \hbox (badness 10000) in paragraph at lines 427--427
\T1/cmr/m/n/9 cor-ro-sion (Sec-
 []


Underfull \hbox (badness 10000) in paragraph at lines 427--430
[]|\T1/cmr/m/n/9 Well sup-
 []


Underfull \hbox (badness 10000) in paragraph at lines 427--430
\T1/cmr/m/n/9 ported
 []


Underfull \hbox (badness 10000) in paragraph at lines 427--430
\T1/cmr/m/n/9 (peak rust;
 []


Underfull \hbox (badness 10000) in paragraph at lines 427--430
\T1/cmr/m/n/9 campaign-
 []


Underfull \hbox (badness 10000) in paragraph at lines 427--430
\T1/cmr/m/n/9 level ro-
 []


Underfull \hbox (badness 10000) in paragraph at lines 427--430
\T1/cmr/m/n/9 bust-ness);
 []


Underfull \hbox (badness 10000) in paragraph at lines 427--430
\T1/cmr/m/n/9 con-di-tion-ally
 []


Underfull \hbox (badness 10000) in paragraph at lines 427--430
\T1/cmr/m/n/9 sup-ported
 []


Underfull \hbox (badness 10000) in paragraph at lines 427--430
\T1/cmr/m/n/9 (to-tal rust,
 []


Underfull \hbox (badness 10000) in paragraph at lines 427--430
\T1/cmr/m/n/9 tau-tol-
 []


Underfull \hbox (badness 10000) in paragraph at lines 427--430
\T1/cmr/m/n/9 ogy risk;
 []


Underfull \hbox (badness 10000) in paragraph at lines 427--430
\T1/cmr/m/n/9 treatment-
 []


Underfull \hbox (badness 1939) in paragraph at lines 427--430
\T1/cmr/m/n/9 level ro-bust-
 []


Underfull \hbox (badness 3199) in paragraph at lines 427--430
\T1/cmr/m/n/9 ness, phase-
 []


Underfull \hbox (badness 10000) in paragraph at lines 430--432
[]|\T1/cmr/m/n/9 Robust un-der cam-
 []


Underfull \hbox (badness 10000) in paragraph at lines 430--432
\T1/cmr/m/n/9 phases; treatment-
 []


Underfull \hbox (badness 10000) in paragraph at lines 430--432
\T1/cmr/m/n/9 holdout ro-bust-ness
 []


Underfull \hbox (badness 10000) in paragraph at lines 430--432
\T1/cmr/m/n/9 di-verges be-tween
 []


Underfull \hbox (badness 10000) in paragraph at lines 432--435
\T1/cmr/m/n/9 learn-able visible-
 []


Underfull \hbox (badness 10000) in paragraph at lines 432--435
\T1/cmr/m/n/9 cred-i-bly for peak
 []


Underfull \hbox (badness 10000) in paragraph at lines 432--435
\T1/cmr/m/n/9 rust, ro-bust un-der
 []


Underfull \hbox (badness 10000) in paragraph at lines 432--435
\T1/cmr/m/n/9 campaign-level trans-
 []


Underfull \hbox (badness 10000) in paragraph at lines 432--435
\T1/cmr/m/n/9 fer; treatment-level
 []


Underfull \hbox (badness 2828) in paragraph at lines 432--435
\T1/cmr/m/n/9 not es-tab-lished as a
 []


Underfull \hbox (badness 10000) in paragraph at lines 435--435
[]|\T1/cmr/m/n/9 Hidden struc-
 []


Underfull \hbox (badness 10000) in paragraph at lines 435--435
\T1/cmr/m/n/9 tural con-di-tion
 []


Overfull \hbox (0.65572pt too wide) in paragraph at lines 436--436
[]|\T1/cmr/m/n/9 Conditionally
 []


Underfull \hbox (badness 10000) in paragraph at lines 436--436
\T1/cmr/m/n/9 sup-ported,
 []


Underfull \hbox (badness 10000) in paragraph at lines 436--437
[]|\T1/cmr/m/n/9 Grouped-holdout sig-
 []


Underfull \hbox (badness 10000) in paragraph at lines 436--437
\T1/cmr/m/n/9 nal col-lapses un-der
 []


Underfull \hbox (badness 1242) in paragraph at lines 436--437
\T1/cmr/m/n/9 both stricter regimes;
 []


Underfull \hbox (badness 4303) in paragraph at lines 436--437
\T1/cmr/m/n/9 fi-nal se-lected mod-els
 []


Underfull \hbox (badness 10000) in paragraph at lines 437--441
\T1/cmr/m/n/9 sub-stan-tially weaker
 []


Underfull \hbox (badness 10000) in paragraph at lines 437--441
\T1/cmr/m/n/9 struc-tural in-fer-ence
 []


Underfull \hbox (badness 10000) in paragraph at lines 437--441
\T1/cmr/m/n/9 than visible- cor-ro-
 []


Underfull \hbox (badness 10000) in paragraph at lines 437--441
\T1/cmr/m/n/9 sion in-fer-ence; not
 []


Underfull \hbox (badness 10000) in paragraph at lines 441--442
[]|\T1/cmr/m/n/9 Terminal ul-
 []


Underfull \hbox (badness 10000) in paragraph at lines 441--442
\T1/cmr/m/n/9 ti-mate load
 []


Underfull \hbox (badness 10000) in paragraph at lines 441--442
\T1/cmr/m/n/9 / in-cre-men-tal
 []


Overfull \hbox (0.65572pt too wide) in paragraph at lines 442--443
[]|\T1/cmr/m/n/9 Conditionally
 []


Underfull \hbox (badness 10000) in paragraph at lines 442--443
\T1/cmr/m/n/9 sup-ported
 []


Underfull \hbox (badness 3838) in paragraph at lines 442--443
\T1/cmr/m/n/9 (against im-
 []


Underfull \hbox (badness 3000) in paragraph at lines 443--444
[]|\T1/cmr/m/n/9 Metadata-only is the
 []


Underfull \hbox (badness 2057) in paragraph at lines 443--444
\T1/cmr/m/n/9 strongest pooled pre-
 []


Underfull \hbox (badness 10000) in paragraph at lines 446--447
[]|\T1/cmr/m/n/9 Cross-regime /
 []


Underfull \hbox (badness 10000) in paragraph at lines 446--447
\T1/cmr/m/n/9 cross-campaign
 []


Underfull \hbox (badness 5050) in paragraph at lines 446--447
\T1/cmr/m/n/9 ro-bust-ness (Sec-
 []


Underfull \hbox (badness 10000) in paragraph at lines 447--449
[]|\T1/cmr/m/n/9 Well sup-
 []


Underfull \hbox (badness 10000) in paragraph at lines 447--449
\T1/cmr/m/n/9 ported
 []


Underfull \hbox (badness 10000) in paragraph at lines 447--449
\T1/cmr/m/n/9 (campaign-
 []


Underfull \hbox (badness 10000) in paragraph at lines 447--449
\T1/cmr/m/n/9 struc-tural
 []


Underfull \hbox (badness 10000) in paragraph at lines 447--449
\T1/cmr/m/n/9 fragility);
 []


Underfull \hbox (badness 10000) in paragraph at lines 447--449
\T1/cmr/m/n/9 con-di-tion-ally
 []


Underfull \hbox (badness 10000) in paragraph at lines 447--449
\T1/cmr/m/n/9 sup-ported
 []


Underfull \hbox (badness 10000) in paragraph at lines 447--449
\T1/cmr/m/n/9 (treatment-
 []


Underfull \hbox (badness 2351) in paragraph at lines 447--449
\T1/cmr/m/n/9 level visible-
 []


Underfull \hbox (badness 10000) in paragraph at lines 447--449
\T1/cmr/m/n/9 corrosion
 []


Underfull \hbox (badness 10000) in paragraph at lines 447--449
\T1/cmr/m/n/9 be-haviour,
 []


Underfull \hbox (badness 10000) in paragraph at lines 447--449
\T1/cmr/m/n/9 phase-
 []


Underfull \hbox (badness 10000) in paragraph at lines 449--452
[]|\T1/cmr/m/n/9 Structural fragility
 []


Underfull \hbox (badness 10000) in paragraph at lines 449--452
\T1/cmr/m/n/9 un-der both stricter
 []


Underfull \hbox (badness 3449) in paragraph at lines 449--452
\T1/cmr/m/n/9 regimes, and visible-
 []


Underfull \hbox (badness 10000) in paragraph at lines 449--452
\T1/cmr/m/n/9 corrosion ro-bust-ness
 []


Underfull \hbox (badness 5359) in paragraph at lines 449--452
\T1/cmr/m/n/9 out, repli-cate across
 []


Underfull \hbox (badness 10000) in paragraph at lines 449--452
\T1/cmr/m/n/9 visible-corrosion di-
 []


Underfull \hbox (badness 4467) in paragraph at lines 452--456
[]|\T1/cmr/m/n/9 Robustness be-haviour
 []


Underfull \hbox (badness 10000) in paragraph at lines 452--456
\T1/cmr/m/n/9 is target-family-
 []


Underfull \hbox (badness 10000) in paragraph at lines 452--456
\T1/cmr/m/n/9 and regime-specific;
 []


Underfull \hbox (badness 10000) in paragraph at lines 452--456
\T1/cmr/m/n/9 campaign-level and
 []


Underfull \hbox (badness 10000) in paragraph at lines 452--456
\T1/cmr/m/n/9 struc-tural find-ings
 []


Underfull \hbox (badness 10000) in paragraph at lines 452--456
\T1/cmr/m/n/9 but treatment-level
 []


Underfull \hbox (badness 10000) in paragraph at lines 452--456
\T1/cmr/m/n/9 visible-corrosion ro-
 []


Underfull \hbox (badness 1661) in paragraph at lines 452--456
\T1/cmr/m/n/9 should be treated as
 []


Underfull \hbox (badness 10000) in paragraph at lines 456--456
[]|\T1/cmr/m/n/9 Degradation /
 []


Underfull \hbox (badness 1701) in paragraph at lines 457--458
[]|\T1/cmr/m/n/9 Derivation chain ex-e-
 []


Underfull \hbox (badness 6252) in paragraph at lines 457--458
\T1/cmr/m/n/9 cutable end to end
 []


Underfull \hbox (badness 4634) in paragraph at lines 457--458
\T1/cmr/m/n/9 gue against forward-
 []


Underfull \hbox (badness 10000) in paragraph at lines 458--461
[]|\T1/cmr/m/n/9 Useful as an ex-
 []


Underfull \hbox (badness 10000) in paragraph at lines 458--461
\T1/cmr/m/n/9 ploratory screen-ing
 []


Underfull \hbox (badness 10000) in paragraph at lines 458--461
\T1/cmr/m/n/9 i-dated remaining-life
 []


Underfull \hbox (badness 10000) in paragraph at lines 461--461
[]|\T1/cmr/m/n/9 Four-class clas-
 []


Underfull \hbox (badness 10000) in paragraph at lines 461--461
\T1/cmr/m/n/9 si-fi-ca-tion (Sec-
 []


Underfull \hbox (badness 10000) in paragraph at lines 462--463
[]|\T1/cmr/m/n/9 Data prepa-ra-tion,
 []


Underfull \hbox (badness 6220) in paragraph at lines 462--463
\T1/cmr/m/n/9 ta-tion com-plete; no
 []

[48]) [49

]
\openout2 = `chapters/06_scientific_interpretation_and_research_decisions.aux'.

 (./chapters/06_scientific_interpretation_and_research_decisions.tex
Chapter 6.
(./figures/fig_6_1_evidence_hierarchy.tex) [50




] [51] [52] [53] [54]) [55]
\openout2 = `chapters/07_software_engineering_and_reproducibility.aux'.


(./chapters/07_software_engineering_and_reproducibility.tex
Chapter 7.
[56




]
Overfull \hbox (5.70457pt too wide) in paragraph at lines 128--168
\T1/cmr/m/n/10.95 am-ple \T1/cmtt/m/n/10.95 n_jobs: -main_first\T1/cmr/m/n/10.9
5 , \T1/cmtt/m/n/10.95 reg_lambda: main_first.0\T1/cmr/m/n/10.95 , \T1/cmtt/m/n
/10.95 glcm_distances: [main_first,
 []

[57]) [58] [59]
\openout2 = `chapters/08_limitations.aux'.

 (./chapters/08_limitations.tex
Chapter 8.
[60




] [61]) [62]
\openout2 = `chapters/09_current_status_and_remaining_work.aux'.

 (./chapters/09_current_status_and_remaining_work.tex
Chapter 9.

Underfull \hbox (badness 10000) in paragraph at lines 29--29
[]|\T1/cmr/m/n/9 Dataset au-
 []


Underfull \hbox (badness 10000) in paragraph at lines 29--29
[]|\T1/cmr/m/n/9 791-row aligned ba-sis,
 []


Underfull \hbox (badness 10000) in paragraph at lines 29--29
\T1/cmr/m/n/9 corruption-handling au-dit
 []


Underfull \hbox (badness 2119) in paragraph at lines 30--30
[]|\T1/cmr/m/n/9 Visible-corrosion re-
 []


Underfull \hbox (badness 10000) in paragraph at lines 30--30
[]|\T1/cmr/m/n/9 Three in-de-pen-dent phases,
 []


Underfull \hbox (badness 10000) in paragraph at lines 31--31
[]|\T1/cmr/m/n/9 Structural-condition
 []


Underfull \hbox (badness 10000) in paragraph at lines 31--31
[]|\T1/cmr/m/n/9 Completed
 []


Underfull \hbox (badness 10000) in paragraph at lines 31--31
\T1/cmr/m/n/9 (fea-si-bil-ity
 []


Underfull \hbox (badness 1009) in paragraph at lines 32--32
[]|\T1/cmr/m/n/9 Robustness di-ag-nos-
 []


Underfull \hbox (badness 10000) in paragraph at lines 33--33
[]|\T1/cmr/m/n/9 Terminal ultimate-
 []


Underfull \hbox (badness 2245) in paragraph at lines 33--33
[]|\T1/cmr/m/n/9 Three-way ab-la-tion, sub-group
 []


Underfull \hbox (badness 10000) in paragraph at lines 33--33
\T1/cmr/m/n/9 and cam-paign checks (Sec-
 []


Underfull \hbox (badness 10000) in paragraph at lines 34--34
[]|\T1/cmr/m/n/9 Completed
 []


Underfull \hbox (badness 10000) in paragraph at lines 34--34
\T1/cmr/m/n/9 (method-olog-i-
 []


Overfull \hbox (3.25612pt too wide) in paragraph at lines 34--34
\T1/cmr/m/n/9 cal/diagnostic)| 
 []


Underfull \hbox (badness 2781) in paragraph at lines 34--34
[]|\T1/cmr/m/n/9 Two in-de-pen-dently con-fig-ured
 []


Underfull \hbox (badness 10000) in paragraph at lines 34--35
\T1/cmr/m/n/9 re-fine-ment pos-si-ble
 []


Underfull \hbox (badness 10000) in paragraph at lines 34--35
\T1/cmr/m/n/9 with ex-ist-ing data
 []


Underfull \hbox (badness 10000) in paragraph at lines 34--35
\T1/cmr/m/n/9 (Sec-tion [][]9.4[][]); val-i-
 []


Underfull \hbox (badness 10000) in paragraph at lines 34--35
\T1/cmr/m/n/9 gi-tu-di-nal/failure data
 []


Underfull \hbox (badness 1527) in paragraph at lines 35--35
[]|\T1/cmr/m/n/9 Four-class clas-si-fi-ca-
 []


Underfull \hbox (badness 10000) in paragraph at lines 35--35
[]|\T1/cmr/bx/n/9 Prepared,
 []


Underfull \hbox (badness 5302) in paragraph at lines 35--35
\T1/cmr/m/n/9 aug-men-ta-tion com-plete; zero
 []


Underfull \hbox (badness 10000) in paragraph at lines 36--36
[]|\T1/cmr/m/n/9 Software / re-pro-
 []


Underfull \hbox (badness 10000) in paragraph at lines 36--36
\T1/cmr/m/n/9 raw/smoothed tra-jec-to-ries);
 []


Underfull \hbox (badness 10000) in paragraph at lines 41--41
[]|\T1/cmr/m/n/9 Final re-
 []

[63




] [64]) [65]
\openout2 = `chapters/10_conclusions_and_next_steps.aux'.

 (./chapters/10_conclusions_and_next_steps.tex
Chapter 10.
[66




] [67]) [68]
(/Users/parastoo/All_projects/Proj_corrosion/corrosion/out/activity_report.bbl)
[69



]
(/Users/parastoo/All_projects/Proj_corrosion/corrosion/out/activity_report.aux
(/Users/parastoo/All_projects/Proj_corrosion/corrosion/out/chapters/01_introduc
tion.aux)
(/Users/parastoo/All_projects/Proj_corrosion/corrosion/out/chapters/02_dataset_
context_audit.aux)
(/Users/parastoo/All_projects/Proj_corrosion/corrosion/out/chapters/03_methodol
ogical_framework.aux)
(/Users/parastoo/All_projects/Proj_corrosion/corrosion/out/chapters/04_research
_and_development_activities.aux)
(/Users/parastoo/All_projects/Proj_corrosion/corrosion/out/chapters/05_integrat
ed_results_and_comparative_analysis.aux)
(/Users/parastoo/All_projects/Proj_corrosion/corrosion/out/chapters/06_scientif
ic_interpretation_and_research_decisions.aux)
(/Users/parastoo/All_projects/Proj_corrosion/corrosion/out/chapters/07_software
_engineering_and_reproducibility.aux)
(/Users/parastoo/All_projects/Proj_corrosion/corrosion/out/chapters/08_limitati
ons.aux)
(/Users/parastoo/All_projects/Proj_corrosion/corrosion/out/chapters/09_current_
status_and_remaining_work.aux)
(/Users/parastoo/All_projects/Proj_corrosion/corrosion/out/chapters/10_conclusi
ons_and_next_steps.aux))
 ***********
LaTeX2e <2025-11-01>
L3 programming layer <2026-01-19>
 ***********


LaTeX Warning: Label(s) may have changed. Rerun to get cross-references right.

Package rerunfilecheck Info: File `activity_report.out' has not changed.
(rerunfilecheck)             Checksum: 587874DB459B3653708B23BA170A7EF1;22160.
 ) 
Here is how much of TeX's memory you used:
 28192 strings out of 467525
 584791 string characters out of 5418982
 940153 words of memory out of 5000000
 56389 multiletter control sequences out of 15000+600000
 653677 words of font info for 101 fonts, out of 8000000 for 9000
 1141 hyphenation exceptions out of 8191
 84i,12n,104p,1688b,1103s stack positions out of 10000i,1000n,20000p,200000b,200000s

pdfTeX warning (dest): name{Hfootnote.4} has been referenced but does not exist
, replaced by a fixed one

</usr/local/texlive/2026/texmf-dist/fonts/type1/public/amsfonts/cm/cmmi10.pfb><
/usr/local/texlive/2026/texmf-dist/fonts/type1/public/amsfonts/cm/cmr10.pfb></u
sr/local/texlive/2026/texmf-dist/fonts/type1/public/amsfonts/cm/cmr8.pfb></usr/
local/texlive/2026/texmf-dist/fonts/type1/public/amsfonts/cm/cmsy10.pfb></usr/l
ocal/texlive/2026/texmf-dist/fonts/type1/public/amsfonts/cm/cmsy8.pfb></usr/loc
al/texlive/2026/texmf-dist/fonts/type1/public/cm-super/sfbi0800.pfb></usr/local
/texlive/2026/texmf-dist/fonts/type1/public/cm-super/sfbx0900.pfb></usr/local/t
exlive/2026/texmf-dist/fonts/type1/public/cm-super/sfbx1000.pfb></usr/local/tex
live/2026/texmf-dist/fonts/type1/public/cm-super/sfbx1095.pfb></usr/local/texli
ve/2026/texmf-dist/fonts/type1/public/cm-super/sfbx1200.pfb></usr/local/texlive
/2026/texmf-dist/fonts/type1/public/cm-super/sfbx1440.pfb></usr/local/texlive/2
026/texmf-dist/fonts/type1/public/cm-super/sfbx2074.pfb></usr/local/texlive/202
6/texmf-dist/fonts/type1/public/cm-super/sfbx2488.pfb></usr/local/texlive/2026/
texmf-dist/fonts/type1/public/cm-super/sfrm0600.pfb></usr/local/texlive/2026/te
xmf-dist/fonts/type1/public/cm-super/sfrm0800.pfb></usr/local/texlive/2026/texm
f-dist/fonts/type1/public/cm-super/sfrm0900.pfb></usr/local/texlive/2026/texmf-
dist/fonts/type1/public/cm-super/sfrm1000.pfb></usr/local/texlive/2026/texmf-di
st/fonts/type1/public/cm-super/sfrm1095.pfb></usr/local/texlive/2026/texmf-dist
/fonts/type1/public/cm-super/sfrm1200.pfb></usr/local/texlive/2026/texmf-dist/f
onts/type1/public/cm-super/sfrm1728.pfb></usr/local/texlive/2026/texmf-dist/fon
ts/type1/public/cm-super/sfti0600.pfb></usr/local/texlive/2026/texmf-dist/fonts
/type1/public/cm-super/sfti0800.pfb></usr/local/texlive/2026/texmf-dist/fonts/t
ype1/public/cm-super/sfti1095.pfb></usr/local/texlive/2026/texmf-dist/fonts/typ
e1/public/cm-super/sftt1095.pfb>
Output written on /Users/parastoo/All_projects/Proj_corrosion/corrosion/out/act
ivity_report.pdf (70 pages, 1195126 bytes).
PDF statistics:
 1404 PDF objects out of 1440 (max. 8388607)
 1250 compressed objects within 13 object streams
 214 named destinations out of 1000 (max. 500000)
 816 words of extra memory for PDF output out of 10000 (max. 10000000)

